Archive member included to satisfy reference by file (symbol)

/home/crabfish/tools/gcc-arm-none-eabi-7-2017-q4-major/bin/../lib/gcc/arm-none-eabi/7.2.1/../../../../arm-none-eabi/lib/thumb/v7-m/libstdc++.a(eh_personality.o)
                              src/main.o (__gxx_personality_v0)
/home/crabfish/tools/gcc-arm-none-eabi-7-2017-q4-major/bin/../lib/gcc/arm-none-eabi/7.2.1/../../../../arm-none-eabi/lib/thumb/v7-m/libstdc++.a(eh_call.o)
                              /home/crabfish/tools/gcc-arm-none-eabi-7-2017-q4-major/bin/../lib/gcc/arm-none-eabi/7.2.1/../../../../arm-none-eabi/lib/thumb/v7-m/libstdc++.a(eh_personality.o) (__cxa_call_terminate)
/home/crabfish/tools/gcc-arm-none-eabi-7-2017-q4-major/bin/../lib/gcc/arm-none-eabi/7.2.1/../../../../arm-none-eabi/lib/thumb/v7-m/libstdc++.a(eh_catch.o)
                              /home/crabfish/tools/gcc-arm-none-eabi-7-2017-q4-major/bin/../lib/gcc/arm-none-eabi/7.2.1/../../../../arm-none-eabi/lib/thumb/v7-m/libstdc++.a(eh_personality.o) (__cxa_begin_catch)
/home/crabfish/tools/gcc-arm-none-eabi-7-2017-q4-major/bin/../lib/gcc/arm-none-eabi/7.2.1/../../../../arm-none-eabi/lib/thumb/v7-m/libstdc++.a(eh_globals.o)
                              /home/crabfish/tools/gcc-arm-none-eabi-7-2017-q4-major/bin/../lib/gcc/arm-none-eabi/7.2.1/../../../../arm-none-eabi/lib/thumb/v7-m/libstdc++.a(eh_call.o) (__cxa_get_globals_fast)
/home/crabfish/tools/gcc-arm-none-eabi-7-2017-q4-major/bin/../lib/gcc/arm-none-eabi/7.2.1/../../../../arm-none-eabi/lib/thumb/v7-m/libstdc++.a(eh_terminate.o)
                              /home/crabfish/tools/gcc-arm-none-eabi-7-2017-q4-major/bin/../lib/gcc/arm-none-eabi/7.2.1/../../../../arm-none-eabi/lib/thumb/v7-m/libstdc++.a(eh_call.o) (__cxxabiv1::__terminate(void (*)()))
/home/crabfish/tools/gcc-arm-none-eabi-7-2017-q4-major/bin/../lib/gcc/arm-none-eabi/7.2.1/../../../../arm-none-eabi/lib/thumb/v7-m/libstdc++.a(eh_arm.o)
                              src/main.o (__cxa_end_cleanup)
/home/crabfish/tools/gcc-arm-none-eabi-7-2017-q4-major/bin/../lib/gcc/arm-none-eabi/7.2.1/../../../../arm-none-eabi/lib/thumb/v7-m/libstdc++.a(eh_throw.o)
                              /home/crabfish/tools/gcc-arm-none-eabi-7-2017-q4-major/bin/../lib/gcc/arm-none-eabi/7.2.1/../../../../arm-none-eabi/lib/thumb/v7-m/libstdc++.a(eh_call.o) (__cxa_throw)
/home/crabfish/tools/gcc-arm-none-eabi-7-2017-q4-major/bin/../lib/gcc/arm-none-eabi/7.2.1/../../../../arm-none-eabi/lib/thumb/v7-m/libstdc++.a(eh_exception.o)
                              /home/crabfish/tools/gcc-arm-none-eabi-7-2017-q4-major/bin/../lib/gcc/arm-none-eabi/7.2.1/../../../../arm-none-eabi/lib/thumb/v7-m/libstdc++.a(eh_call.o) (std::bad_exception::~bad_exception())
/home/crabfish/tools/gcc-arm-none-eabi-7-2017-q4-major/bin/../lib/gcc/arm-none-eabi/7.2.1/../../../../arm-none-eabi/lib/thumb/v7-m/libstdc++.a(eh_term_handler.o)
                              /home/crabfish/tools/gcc-arm-none-eabi-7-2017-q4-major/bin/../lib/gcc/arm-none-eabi/7.2.1/../../../../arm-none-eabi/lib/thumb/v7-m/libstdc++.a(eh_terminate.o) (__cxxabiv1::__terminate_handler)
/home/crabfish/tools/gcc-arm-none-eabi-7-2017-q4-major/bin/../lib/gcc/arm-none-eabi/7.2.1/../../../../arm-none-eabi/lib/thumb/v7-m/libstdc++.a(eh_alloc.o)
                              /home/crabfish/tools/gcc-arm-none-eabi-7-2017-q4-major/bin/../lib/gcc/arm-none-eabi/7.2.1/../../../../arm-none-eabi/lib/thumb/v7-m/libstdc++.a(eh_call.o) (__cxa_allocate_exception)
/home/crabfish/tools/gcc-arm-none-eabi-7-2017-q4-major/bin/../lib/gcc/arm-none-eabi/7.2.1/../../../../arm-none-eabi/lib/thumb/v7-m/libstdc++.a(vterminate.o)
                              /home/crabfish/tools/gcc-arm-none-eabi-7-2017-q4-major/bin/../lib/gcc/arm-none-eabi/7.2.1/../../../../arm-none-eabi/lib/thumb/v7-m/libstdc++.a(eh_term_handler.o) (__gnu_cxx::__verbose_terminate_handler())
/home/crabfish/tools/gcc-arm-none-eabi-7-2017-q4-major/bin/../lib/gcc/arm-none-eabi/7.2.1/../../../../arm-none-eabi/lib/thumb/v7-m/libstdc++.a(pure.o)
                              /home/crabfish/tools/gcc-arm-none-eabi-7-2017-q4-major/bin/../lib/gcc/arm-none-eabi/7.2.1/../../../../arm-none-eabi/lib/thumb/v7-m/libstdc++.a(eh_exception.o) (__cxa_pure_virtual)
/home/crabfish/tools/gcc-arm-none-eabi-7-2017-q4-major/bin/../lib/gcc/arm-none-eabi/7.2.1/../../../../arm-none-eabi/lib/thumb/v7-m/libstdc++.a(eh_unex_handler.o)
                              /home/crabfish/tools/gcc-arm-none-eabi-7-2017-q4-major/bin/../lib/gcc/arm-none-eabi/7.2.1/../../../../arm-none-eabi/lib/thumb/v7-m/libstdc++.a(eh_terminate.o) (__cxxabiv1::__unexpected_handler)
/home/crabfish/tools/gcc-arm-none-eabi-7-2017-q4-major/bin/../lib/gcc/arm-none-eabi/7.2.1/../../../../arm-none-eabi/lib/thumb/v7-m/libstdc++.a(cp-demangle.o)
                              /home/crabfish/tools/gcc-arm-none-eabi-7-2017-q4-major/bin/../lib/gcc/arm-none-eabi/7.2.1/../../../../arm-none-eabi/lib/thumb/v7-m/libstdc++.a(vterminate.o) (__cxa_demangle)
[...]
Memory Configuration

Name             Origin             Length             Attributes
FLASH            0x0000000008000000 0x0000000000010000 xr
RAM              0x0000000020000000 0x0000000000002000 xrw
MEMORY_B1        0x0000000060000000 0x0000000000000000 xr
*default*        0x0000000000000000 0xffffffffffffffff

Linker script and memory map

LOAD src/main.o
LOAD src/uart.o
LOAD src/time.o
LOAD src/gpio.o
LOAD src/stm32f10x_it.o
LOAD Libraries/STM32F10x_StdPeriph_Driver/src/stm32f10x_gpio.o
LOAD Libraries/STM32F10x_StdPeriph_Driver/src/stm32f10x_rcc.o
LOAD Libraries/STM32F10x_StdPeriph_Driver/src/stm32f10x_tim.o
LOAD Libraries/STM32F10x_StdPeriph_Driver/src/stm32f10x_usart.o
LOAD Libraries/STM32F10x_StdPeriph_Driver/src/stm32f10x_flash.o
LOAD Libraries/STM32F10x_StdPeriph_Driver/src/stm32f10x_dma.o
LOAD Libraries/STM32F10x_StdPeriph_Driver/src/misc.o
LOAD Libraries/CMSIS/CM3/DeviceSupport/ST/STM32F10x/system_stm32f10x.o
LOAD Libraries/CMSIS/CM3/DeviceSupport/ST/STM32F10x/startup/startup_stm32f10x_md_vl.o
LOAD /home/crabfish/tools/gcc-arm-none-eabi-7-2017-q4-major/bin/../lib/gcc/arm-none-eabi/7.2.1/../../../../arm-none-eabi/lib/thumb/v7-m/libstdc++.a
LOAD /home/crabfish/tools/gcc-arm-none-eabi-7-2017-q4-major/bin/../lib/gcc/arm-none-eabi/7.2.1/../../../../arm-none-eabi/lib/thumb/v7-m/libm.a
START GROUP
LOAD /home/crabfish/tools/gcc-arm-none-eabi-7-2017-q4-major/bin/../lib/gcc/arm-none-eabi/7.2.1/thumb/v7-m/libgcc.a
LOAD /home/crabfish/tools/gcc-arm-none-eabi-7-2017-q4-major/bin/../lib/gcc/arm-none-eabi/7.2.1/../../../../arm-none-eabi/lib/thumb/v7-m/libc.a
END GROUP
                0x0000000020002000                _estack = 0x20002000
                0x0000000000000000                _Min_Heap_Size = 0x0
                0x0000000000000100                _Min_Stack_Size = 0x100

.isr_vector     0x0000000008000000      0x124
                0x0000000008000000                . = ALIGN (0x4)
 *(.isr_vector)
 .isr_vector    0x0000000008000000      0x124 Libraries/CMSIS/CM3/DeviceSupport/ST/STM32F10x/startup/startup_stm32f10x_md_vl.o
                0x0000000008000000                g_pfnVectors
                0x0000000008000124                . = ALIGN (0x4)

.text           0x0000000008000128    0x156a4
                0x0000000008000128                . = ALIGN (0x4)
 *(.text)
 .text          0x0000000008000128      0x554 src/main.o
                0x0000000008000128                main
                0x00000000080001b0                var_init()
                0x0000000008000220                rcc_init()
                0x00000000080002c0                nvic_init()
                0x0000000008000336                exti_init()
                0x0000000008000390                uart_init()
                0x00000000080003d8                tim_init()
                0x0000000008000440                TIM2_IRQHandler
                0x0000000008000580                EXTI2_IRQHandler
                0x000000000800062c                EXTI3_IRQHandler
 .text          0x000000000800067c      0xd30 src/uart.o
                0x000000000800067c                uartInit
                0x0000000008000a0e                uartPrint
                0x0000000008000b1c                uartPrintln
                0x0000000008000b44                uartPrintInt
                0x0000000008000bec                uartFlush
                0x0000000008000c34                uartRxBegin
                0x0000000008000cd4                uartRxIsDone
                0x0000000008000d1c                uartRxLength
                0x0000000008000d60                uartRxRead
                0x0000000008000d88                uartPeek
                0x0000000008000df8                uartGetchar
                0x0000000008000eac                uartHasLine
                0x0000000008000f58                uartReadLine
                0x0000000008001214                DMA1_Channel4_IRQHandler
                0x0000000008001254                DMA1_Channel7_IRQHandler
                0x0000000008001294                DMA1_Channel5_IRQHandler
                0x00000000080012d0                DMA1_Channel6_IRQHandler
                0x000000000800130c                USART1_IRQHandler
                0x000000000800135c                USART2_IRQHandler
 .text          0x00000000080013ac      0x238 src/time.o
                0x0000000008001444                timeInit
                0x0000000008001478                delay
                0x000000000800150c                getmtime
                0x0000000008001578                setgpstime
                0x00000000080015b4                getgpstime
                0x00000000080015c8                SysTick_Handler
 .text          0x00000000080015e4      0x4f8 src/gpio.o
                0x00000000080015e4                IOPin::IOPin(int, int, int, int)
                0x00000000080015e4                IOPin::IOPin(int, int, int, int)
                0x0000000008001616                IOPin::~IOPin()
                0x0000000008001616                IOPin::~IOPin()
                0x0000000008001694                IOPin::init()
                0x0000000008001900                IOPin::read()
                0x0000000008001964                IOPin::write(int)
                0x00000000080019e8                IOPin::exti_config()
                0x0000000008001a78                IOPin::read_output()
 .text          0x0000000008001adc       0x48 src/stm32f10x_it.o
                0x0000000008001adc                NMI_Handler
                0x0000000008001ae8                HardFault_Handler
                0x0000000008001aee                MemManage_Handler
                0x0000000008001af4                BusFault_Handler
                0x0000000008001afa                UsageFault_Handler
                0x0000000008001b00                SVC_Handler
                0x0000000008001b0c                DebugMon_Handler
                0x0000000008001b18                PendSV_Handler
 .text          0x0000000008001b24      0x5d8 Libraries/STM32F10x_StdPeriph_Driver/src/stm32f10x_gpio.o
                0x0000000008001b24                GPIO_DeInit
                0x0000000008001c08                GPIO_AFIODeInit
                0x0000000008001c20                GPIO_Init
                0x0000000008001d98                GPIO_StructInit
                0x0000000008001dbe                GPIO_ReadInputDataBit
                0x0000000008001df0                GPIO_ReadInputData
                0x0000000008001e08                GPIO_ReadOutputDataBit
                0x0000000008001e3a                GPIO_ReadOutputData
                0x0000000008001e52                GPIO_SetBits
                0x0000000008001e6e                GPIO_ResetBits
                0x0000000008001e8a                GPIO_WriteBit
                0x0000000008001eb8                GPIO_Write
                0x0000000008001ed4                GPIO_PinLockConfig
                0x0000000008001f16                GPIO_EventOutputConfig
                0x0000000008001f60                GPIO_EventOutputCmd
                0x0000000008001f80                GPIO_PinRemapConfig
                0x0000000008002060                GPIO_EXTILineConfig
                0x00000000080020e0                GPIO_ETH_MediaInterfaceConfig
 .text          0x00000000080020fc      0x7d0 Libraries/STM32F10x_StdPeriph_Driver/src/stm32f10x_rcc.o
                0x00000000080020fc                RCC_DeInit
                0x0000000008002158                RCC_HSEConfig
                0x00000000080021b4                RCC_WaitForHSEStartUp
                0x0000000008002204                RCC_AdjustHSICalibrationValue
                0x0000000008002240                RCC_HSICmd
                0x0000000008002260                RCC_PLLConfig
                0x000000000800229c                RCC_PLLCmd
                0x00000000080022bc                RCC_SYSCLKConfig
                0x00000000080022f4                RCC_GetSYSCLKSource
                0x0000000008002310                RCC_HCLKConfig
                0x0000000008002348                RCC_PCLK1Config
                0x0000000008002380                RCC_PCLK2Config
                0x00000000080023b8                RCC_ITConfig
                0x0000000008002404                RCC_USBCLKConfig
                0x0000000008002420                RCC_ADCCLKConfig
                0x0000000008002458                RCC_LSEConfig
                0x0000000008002498                RCC_LSICmd
                0x00000000080024b8                RCC_RTCCLKConfig
                0x00000000080024dc                RCC_RTCCLKCmd
                0x00000000080024fc                RCC_GetClocksFreq
                0x000000000800265c                RCC_AHBPeriphClockCmd
                0x0000000008002698                RCC_APB2PeriphClockCmd
                0x00000000080026d4                RCC_APB1PeriphClockCmd
                0x0000000008002710                RCC_APB2PeriphResetCmd
                0x000000000800274c                RCC_APB1PeriphResetCmd
                0x0000000008002788                RCC_BackupResetCmd
                0x00000000080027a8                RCC_ClockSecuritySystemCmd
                0x00000000080027c8                RCC_MCOConfig
                0x00000000080027e8                RCC_GetFlagStatus
                0x000000000800285c                RCC_ClearFlag
                0x0000000008002878                RCC_GetITStatus
                0x00000000080028ac                RCC_ClearITPendingBit
 .text          0x00000000080028cc     0x1d98 Libraries/STM32F10x_StdPeriph_Driver/src/stm32f10x_tim.o
                0x00000000080028cc                TIM_DeInit
                0x0000000008002af8                TIM_TimeBaseInit
                0x0000000008002bf0                TIM_OC1Init
                0x0000000008002d08                TIM_OC2Init
                0x0000000008002e18                TIM_OC3Init
                0x0000000008002f24                TIM_OC4Init
                0x0000000008002ff4                TIM_ICInit
                0x000000000800309c                TIM_PWMIConfig
                0x0000000008003154                TIM_BDTRConfig
                0x00000000080031a2                TIM_TimeBaseStructInit
                0x00000000080031d4                TIM_OCStructInit
                0x0000000008003216                TIM_ICStructInit
                0x0000000008003246                TIM_BDTRStructInit
                0x0000000008003282                TIM_Cmd
                0x00000000080032c0                TIM_CtrlPWMOutputs
                0x000000000800330a                TIM_ITConfig
                0x0000000008003350                TIM_GenerateEvent
                0x000000000800336c                TIM_DMAConfig
                0x0000000008003394                TIM_DMACmd
                0x00000000080033da                TIM_InternalClockConfig
                0x00000000080033fc                TIM_ITRxExternalClockConfig
                0x000000000800342a                TIM_TIxExternalClockConfig
                0x0000000008003486                TIM_ETRClockMode1Config
                0x00000000080034e4                TIM_ETRClockMode2Config
                0x0000000008003522                TIM_ETRConfig
                0x0000000008003574                TIM_PrescalerConfig
                0x000000000800359a                TIM_CounterModeConfig
                0x00000000080035d0                TIM_SelectInputTrigger
                0x0000000008003606                TIM_EncoderInterfaceConfig
                0x000000000800369c                TIM_ForcedOC1Config
                0x00000000080036d2                TIM_ForcedOC2Config
                0x000000000800370c                TIM_ForcedOC3Config
                0x0000000008003742                TIM_ForcedOC4Config
                0x000000000800377c                TIM_ARRPreloadConfig
                0x00000000080037ba                TIM_SelectCOM
                0x00000000080037f8                TIM_SelectCCDMA
                0x0000000008003836                TIM_CCPreloadControl
                0x0000000008003874                TIM_OC1PreloadConfig
                0x00000000080038aa                TIM_OC2PreloadConfig
                0x00000000080038e4                TIM_OC3PreloadConfig
                0x000000000800391a                TIM_OC4PreloadConfig
                0x0000000008003954                TIM_OC1FastConfig
                0x000000000800398a                TIM_OC2FastConfig
                0x00000000080039c4                TIM_OC3FastConfig
                0x00000000080039fa                TIM_OC4FastConfig
                0x0000000008003a34                TIM_ClearOC1Ref
                0x0000000008003a6a                TIM_ClearOC2Ref
                0x0000000008003aa4                TIM_ClearOC3Ref
                0x0000000008003ada                TIM_ClearOC4Ref
                0x0000000008003b14                TIM_OC1PolarityConfig
                0x0000000008003b4a                TIM_OC1NPolarityConfig
                0x0000000008003b80                TIM_OC2PolarityConfig
                0x0000000008003bba                TIM_OC2NPolarityConfig
                0x0000000008003bf4                TIM_OC3PolarityConfig
                0x0000000008003c2e                TIM_OC3NPolarityConfig
                0x0000000008003c68                TIM_OC4PolarityConfig
                0x0000000008003ca2                TIM_CCxCmd
                0x0000000008003cf6                TIM_CCxNCmd
                0x0000000008003d4a                TIM_SelectOCxM
                0x0000000008003df4                TIM_UpdateDisableConfig
                0x0000000008003e32                TIM_UpdateRequestConfig
                0x0000000008003e70                TIM_SelectHallSensor
                0x0000000008003eae                TIM_SelectOnePulseMode
                0x0000000008003ee4                TIM_SelectOutputTrigger
                0x0000000008003f1a                TIM_SelectSlaveMode
                0x0000000008003f50                TIM_SelectMasterSlaveMode
                0x0000000008003f86                TIM_SetCounter
                0x0000000008003fa2                TIM_SetAutoreload
                0x0000000008003fbe                TIM_SetCompare1
                0x0000000008003fda                TIM_SetCompare2
                0x0000000008003ff6                TIM_SetCompare3
                0x0000000008004012                TIM_SetCompare4
                0x0000000008004030                TIM_SetIC1Prescaler
                0x0000000008004066                TIM_SetIC2Prescaler
                0x00000000080040a0                TIM_SetIC3Prescaler
                0x00000000080040d6                TIM_SetIC4Prescaler
                0x0000000008004110                TIM_SetClockDivision
                0x0000000008004146                TIM_GetCapture1
                0x000000000800415e                TIM_GetCapture2
                0x0000000008004176                TIM_GetCapture3
                0x000000000800418e                TIM_GetCapture4
                0x00000000080041a8                TIM_GetCounter
                0x00000000080041c0                TIM_GetPrescaler
                0x00000000080041d8                TIM_GetFlagStatus
                0x0000000008004218                TIM_ClearFlag
                0x0000000008004238                TIM_GetITStatus
                0x000000000800428a                TIM_ClearITPendingBit
 .text          0x0000000008004664      0x8dc Libraries/STM32F10x_StdPeriph_Driver/src/stm32f10x_usart.o
                0x0000000008004664                USART_DeInit
                0x000000000800471c                USART_Init
                0x0000000008004890                USART_StructInit
                0x00000000080048c8                USART_ClockInit
                0x000000000800491e                USART_ClockStructInit
                0x0000000008004948                USART_Cmd
                0x0000000008004986                USART_ITConfig
                0x0000000008004a14                USART_DMACmd
                0x0000000008004a5a                USART_SetAddress
                0x0000000008004a92                USART_WakeUpConfig
                0x0000000008004ac8                USART_ReceiverWakeUpCmd
                0x0000000008004b06                USART_LINBreakDetectLengthConfig
                0x0000000008004b3c                USART_LINCmd
                0x0000000008004b7a                USART_SendData
                0x0000000008004b9c                USART_ReceiveData
                0x0000000008004bba                USART_SendBreak
                0x0000000008004bdc                USART_SetGuardTime
                0x0000000008004c16                USART_SetPrescaler
                0x0000000008004c4e                USART_SmartCardCmd
                0x0000000008004c8c                USART_SmartCardNACKCmd
                0x0000000008004cca                USART_HalfDuplexCmd
                0x0000000008004d08                USART_OverSampling8Cmd
                0x0000000008004d4a                USART_OneBitMethodCmd
                0x0000000008004d88                USART_IrDAConfig
                0x0000000008004dbe                USART_IrDACmd
                0x0000000008004dfc                USART_GetFlagStatus
                0x0000000008004e32                USART_ClearFlag
                0x0000000008004e52                USART_GetITStatus
                0x0000000008004f06                USART_ClearITPendingBit
 .text          0x0000000008004f40      0x9cc Libraries/STM32F10x_StdPeriph_Driver/src/stm32f10x_flash.o
                0x0000000008004f40                FLASH_SetLatency
                0x0000000008004f78                FLASH_HalfCycleAccessCmd
                0x0000000008004fa8                FLASH_PrefetchBufferCmd
                0x0000000008004fd8                FLASH_Unlock
                0x0000000008004ffc                FLASH_UnlockBank1
                0x0000000008005020                FLASH_Lock
                0x000000000800503c                FLASH_LockBank1
                0x0000000008005058                FLASH_ErasePage
                0x00000000080050bc                FLASH_EraseAllPages
                0x0000000008005118                FLASH_EraseAllBank1Pages
                0x0000000008005174                FLASH_EraseOptionBytes
                0x0000000008005254                FLASH_ProgramWord
                0x00000000080052e8                FLASH_ProgramHalfWord
                0x0000000008005344                FLASH_ProgramOptionByteData
                0x00000000080053bc                FLASH_EnableWriteProtection
                0x00000000080054d4                FLASH_ReadOutProtection
                0x00000000080055a8                FLASH_UserOptionByteConfig
                0x000000000800563c                FLASH_GetUserOptionByte
                0x0000000008005654                FLASH_GetWriteProtectionOptionByte
                0x0000000008005668                FLASH_GetReadOutProtectionStatus
                0x00000000080056a4                FLASH_GetPrefetchBufferStatus
                0x00000000080056e0                FLASH_ITConfig
                0x000000000800571c                FLASH_GetFlagStatus
                0x0000000008005780                FLASH_ClearFlag
                0x000000000800579c                FLASH_GetStatus
                0x0000000008005810                FLASH_GetBank1Status
                0x0000000008005884                FLASH_WaitForLastOperation
                0x00000000080058c8                FLASH_WaitForLastBank1Operation
 .text          0x000000000800590c      0x3f8 Libraries/STM32F10x_StdPeriph_Driver/src/stm32f10x_dma.o
                0x000000000800590c                DMA_DeInit
                0x0000000008005a84                DMA_Init
                0x0000000008005b00                DMA_StructInit
                0x0000000008005b54                DMA_Cmd
                0x0000000008005b8c                DMA_ITConfig
                0x0000000008005bc6                DMA_SetCurrDataCounter
                0x0000000008005be2                DMA_GetCurrDataCounter
                0x0000000008005bfa                DMA_GetFlagStatus
                0x0000000008005c4c                DMA_ClearFlag
                0x0000000008005c80                DMA_GetITStatus
                0x0000000008005cd0                DMA_ClearITPendingBit
 .text          0x0000000008005d04      0x18c Libraries/STM32F10x_StdPeriph_Driver/src/misc.o
                0x0000000008005d04                NVIC_PriorityGroupConfig
                0x0000000008005d28                NVIC_Init
                0x0000000008005dec                NVIC_SetVectorTable
                0x0000000008005e18                NVIC_SystemLPConfig
                0x0000000008005e58                SysTick_CLKSourceConfig
 .text          0x0000000008005e90      0x24c Libraries/CMSIS/CM3/DeviceSupport/ST/STM32F10x/system_stm32f10x.o
                0x0000000008005e90                SystemInit
                0x0000000008005ef8                SystemCoreClockUpdate
 .text          0x00000000080060dc       0x68 Libraries/CMSIS/CM3/DeviceSupport/ST/STM32F10x/startup/startup_stm32f10x_md_vl.o
                0x00000000080060dc                Reset_Handler
                0x00000000080060dc                Default_Reset_Handler
                0x0000000008006134                TIM1_CC_IRQHandler
                0x0000000008006134                PVD_IRQHandler
                0x0000000008006134                EXTI0_IRQHandler
                0x0000000008006134                I2C2_EV_IRQHandler
                0x0000000008006134                TIM1_UP_TIM16_IRQHandler
                0x0000000008006134                SPI1_IRQHandler
                0x0000000008006134                TAMPER_IRQHandler
                0x0000000008006134                TIM6_DAC_IRQHandler
                0x0000000008006134                ADC1_IRQHandler
                0x0000000008006134                USART3_IRQHandler
                0x0000000008006134                RTC_IRQHandler
                0x0000000008006134                TIM4_IRQHandler
                0x0000000008006134                I2C1_EV_IRQHandler
                0x0000000008006134                TIM3_IRQHandler
                0x0000000008006134                RCC_IRQHandler
                0x0000000008006134                DMA1_Channel1_IRQHandler
                0x0000000008006134                CEC_IRQHandler
                0x0000000008006134                EXTI15_10_IRQHandler
                0x0000000008006134                TIM7_IRQHandler
                0x0000000008006134                EXTI9_5_IRQHandler
                0x0000000008006134                SPI2_IRQHandler
                0x0000000008006134                EXTI4_IRQHandler
                0x0000000008006134                TIM1_TRG_COM_TIM17_IRQHandler
                0x0000000008006134                DMA1_Channel3_IRQHandler
                0x0000000008006134                WWDG_IRQHandler
                0x0000000008006134                EXTI1_IRQHandler
                0x0000000008006134                RTCAlarm_IRQHandler
                0x0000000008006134                I2C2_ER_IRQHandler
                0x0000000008006134                DMA1_Channel2_IRQHandler
                0x0000000008006134                FLASH_IRQHandler
                0x0000000008006134                I2C1_ER_IRQHandler
                0x0000000008006134                TIM1_BRK_TIM15_IRQHandler
 .text          0x0000000008006144     0x6a20 /home/crabfish/tools/gcc-arm-none-eabi-7-2017-q4-major/bin/../lib/gcc/arm-none-eabi/7.2.1/../../../../arm-none-eabi/lib/thumb/v7-m/libstdc++.a(cp-demangle.o)
                0x000000000800ca74                __cxa_demangle
                0x000000000800cb40                __gcclibcxx_demangle_callback
 .text          0x000000000800cb64      0xa00 /home/crabfish/tools/gcc-arm-none-eabi-7-2017-q4-major/bin/../lib/gcc/arm-none-eabi/7.2.1/thumb/v7-m/libgcc.a(unwind-arm.o)
                0x000000000800ce20                _Unwind_GetCFA
                0x000000000800ce24                __gnu_Unwind_RaiseException
                0x000000000800ce84                __gnu_Unwind_ForcedUnwind
                0x000000000800ce98                __gnu_Unwind_Resume
                0x000000000800cedc                __gnu_Unwind_Resume_or_Rethrow
                0x000000000800cef0                _Unwind_Complete
                0x000000000800cef4                _Unwind_DeleteException
                0x000000000800cf00                _Unwind_VRS_Get
                0x000000000800cf44                _Unwind_VRS_Set
                0x000000000800cf8c                __gnu_Unwind_Backtrace
                0x000000000800d2d4                __aeabi_unwind_cpp_pr0
                0x000000000800d2d8                __aeabi_unwind_cpp_pr1
                0x000000000800d2dc                __aeabi_unwind_cpp_pr2
                0x000000000800d2e0                _Unwind_VRS_Pop
 .text          0x000000000800d564      0x1ac /home/crabfish/tools/gcc-arm-none-eabi-7-2017-q4-major/bin/../lib/gcc/arm-none-eabi/7.2.1/thumb/v7-m/libgcc.a(libunwind.o)
                0x000000000800d564                __restore_core_regs
                0x000000000800d564                restore_core_regs
                0x000000000800d57c                __gnu_Unwind_Restore_VFP
                0x000000000800d584                __gnu_Unwind_Save_VFP
                0x000000000800d58c                __gnu_Unwind_Restore_VFP_D
                0x000000000800d594                __gnu_Unwind_Save_VFP_D
                0x000000000800d59c                __gnu_Unwind_Restore_VFP_D_16_to_31
                0x000000000800d5a4                __gnu_Unwind_Save_VFP_D_16_to_31
                0x000000000800d5ac                __gnu_Unwind_Restore_WMMXD
                0x000000000800d5f0                __gnu_Unwind_Save_WMMXD
                0x000000000800d634                __gnu_Unwind_Restore_WMMXC
                0x000000000800d648                __gnu_Unwind_Save_WMMXC
                0x000000000800d65c                ___Unwind_RaiseException
                0x000000000800d65c                _Unwind_RaiseException
                0x000000000800d680                ___Unwind_Resume
                0x000000000800d680                _Unwind_Resume
                0x000000000800d6a4                _Unwind_Resume_or_Rethrow
                0x000000000800d6a4                ___Unwind_Resume_or_Rethrow
                0x000000000800d6c8                ___Unwind_ForcedUnwind
                0x000000000800d6c8                _Unwind_ForcedUnwind
                0x000000000800d6ec                _Unwind_Backtrace
                0x000000000800d6ec                ___Unwind_Backtrace
 .text          0x000000000800d710      0x378 /home/crabfish/tools/gcc-arm-none-eabi-7-2017-q4-major/bin/../lib/gcc/arm-none-eabi/7.2.1/thumb/v7-m/libgcc.a(pr-support.o)
                0x000000000800d768                __gnu_unwind_execute
                0x000000000800da2c                __gnu_unwind_frame
                0x000000000800da58                _Unwind_GetRegionStart
                0x000000000800da64                _Unwind_GetLanguageSpecificData
                0x000000000800da78                _Unwind_GetDataRelBase
                0x000000000800da80                _Unwind_GetTextRelBase
 .text          0x000000000800da88       0xec /home/crabfish/tools/gcc-arm-none-eabi-7-2017-q4-major/bin/../lib/gcc/arm-none-eabi/7.2.1/../../../../arm-none-eabi/lib/thumb/v7-m/libc.a(lib_a-memcpy.o)
                0x000000000800da88                memcpy
 .text          0x000000000800db74      0x1bc /home/crabfish/tools/gcc-arm-none-eabi-7-2017-q4-major/bin/../lib/gcc/arm-none-eabi/7.2.1/../../../../arm-none-eabi/lib/thumb/v7-m/libc.a(lib_a-strcmp.o)
                0x000000000800db74                strcmp
 .text          0x000000000800dd30      0x378 /home/crabfish/tools/gcc-arm-none-eabi-7-2017-q4-major/bin/../lib/gcc/arm-none-eabi/7.2.1/thumb/v7-m/libgcc.a(_arm_addsubdf3.o)
                0x000000000800dd30                __aeabi_drsub
                0x000000000800dd38                __aeabi_dsub
                0x000000000800dd38                __subdf3
                0x000000000800dd3c                __adddf3
                0x000000000800dd3c                __aeabi_dadd
                0x000000000800dfb4                __aeabi_ui2d
                0x000000000800dfb4                __floatunsidf
                0x000000000800dfd4                __floatsidf
                0x000000000800dfd4                __aeabi_i2d
                0x000000000800dff8                __extendsfdf2
                0x000000000800dff8                __aeabi_f2d
                0x000000000800e03c                __aeabi_ul2d
                0x000000000800e03c                __floatundidf
                0x000000000800e04c                __floatdidf
                0x000000000800e04c                __aeabi_l2d
 .text          0x000000000800e0a8      0x424 /home/crabfish/tools/gcc-arm-none-eabi-7-2017-q4-major/bin/../lib/gcc/arm-none-eabi/7.2.1/thumb/v7-m/libgcc.a(_arm_muldivdf3.o)
                0x000000000800e0a8                __aeabi_dmul
                0x000000000800e0a8                __muldf3
                0x000000000800e2fc                __aeabi_ddiv
                0x000000000800e2fc                __divdf3
 .text          0x000000000800e4cc      0x110 /home/crabfish/tools/gcc-arm-none-eabi-7-2017-q4-major/bin/../lib/gcc/arm-none-eabi/7.2.1/thumb/v7-m/libgcc.a(_arm_cmpdf2.o)
                0x000000000800e4cc                __gtdf2
                0x000000000800e4cc                __gedf2
                0x000000000800e4d4                __ltdf2
                0x000000000800e4d4                __ledf2
                0x000000000800e4dc                __cmpdf2
                0x000000000800e4dc                __eqdf2
                0x000000000800e4dc                __nedf2
                0x000000000800e558                __aeabi_cdrcmple
                0x000000000800e568                __aeabi_cdcmple
                0x000000000800e568                __aeabi_cdcmpeq
                0x000000000800e578                __aeabi_dcmpeq
                0x000000000800e58c                __aeabi_dcmplt
                0x000000000800e5a0                __aeabi_dcmple
                0x000000000800e5b4                __aeabi_dcmpge
                0x000000000800e5c8                __aeabi_dcmpgt
 .text          0x000000000800e5dc       0x2c /home/crabfish/tools/gcc-arm-none-eabi-7-2017-q4-major/bin/../lib/gcc/arm-none-eabi/7.2.1/thumb/v7-m/libgcc.a(_arm_unorddf2.o)
                0x000000000800e5dc                __aeabi_dcmpun
                0x000000000800e5dc                __unorddf2
 .text          0x000000000800e608       0x50 /home/crabfish/tools/gcc-arm-none-eabi-7-2017-q4-major/bin/../lib/gcc/arm-none-eabi/7.2.1/thumb/v7-m/libgcc.a(_arm_fixdfsi.o)
                0x000000000800e608                __fixdfsi
                0x000000000800e608                __aeabi_d2iz
 .text          0x000000000800e658       0x30 /home/crabfish/tools/gcc-arm-none-eabi-7-2017-q4-major/bin/../lib/gcc/arm-none-eabi/7.2.1/thumb/v7-m/libgcc.a(_aeabi_uldivmod.o)
                0x000000000800e658                __aeabi_uldivmod
 .text          0x000000000800e688      0x2d0 /home/crabfish/tools/gcc-arm-none-eabi-7-2017-q4-major/bin/../lib/gcc/arm-none-eabi/7.2.1/thumb/v7-m/libgcc.a(_udivmoddi4.o)
                0x000000000800e688                __udivmoddi4
 .text          0x000000000800e958        0x4 /home/crabfish/tools/gcc-arm-none-eabi-7-2017-q4-major/bin/../lib/gcc/arm-none-eabi/7.2.1/thumb/v7-m/libgcc.a(_dvmd_tls.o)
                0x000000000800e958                __aeabi_ldiv0
                0x000000000800e958                __aeabi_idiv0
 *(.text*)
 .text._ZL28read_encoded_value_with_basehjPKhPj
                0x000000000800e95c       0xc0 /home/crabfish/tools/gcc-arm-none-eabi-7-2017-q4-major/bin/../lib/gcc/arm-none-eabi/7.2.1/../../../../arm-none-eabi/lib/thumb/v7-m/libstdc++.a(eh_personality.o)
 .text._ZL21base_of_encoded_valuehP15_Unwind_Context.part.3
                0x000000000800ea1c       0x38 /home/crabfish/tools/gcc-arm-none-eabi-7-2017-q4-major/bin/../lib/gcc/arm-none-eabi/7.2.1/../../../../arm-none-eabi/lib/thumb/v7-m/libstdc++.a(eh_personality.o)
 .text._ZL17parse_lsda_headerP15_Unwind_ContextPKhP16lsda_header_info
                0x000000000800ea54       0x90 /home/crabfish/tools/gcc-arm-none-eabi-7-2017-q4-major/bin/../lib/gcc/arm-none-eabi/7.2.1/../../../../arm-none-eabi/lib/thumb/v7-m/libstdc++.a(eh_personality.o)
 .text.__gxx_personality_v0
                0x000000000800eae4      0x4e4 /home/crabfish/tools/gcc-arm-none-eabi-7-2017-q4-major/bin/../lib/gcc/arm-none-eabi/7.2.1/../../../../arm-none-eabi/lib/thumb/v7-m/libstdc++.a(eh_personality.o)
                0x000000000800eae4                __gxx_personality_v0
 .text._ZN10__cxxabiv1L24__is_gxx_exception_classEPc
                0x000000000800efc8       0x3c /home/crabfish/tools/gcc-arm-none-eabi-7-2017-q4-major/bin/../lib/gcc/arm-none-eabi/7.2.1/../../../../arm-none-eabi/lib/thumb/v7-m/libstdc++.a(eh_call.o)
 .text.__cxa_call_terminate
                0x000000000800f004       0x20 /home/crabfish/tools/gcc-arm-none-eabi-7-2017-q4-major/bin/../lib/gcc/arm-none-eabi/7.2.1/../../../../arm-none-eabi/lib/thumb/v7-m/libstdc++.a(eh_call.o)
                0x000000000800f004                __cxa_call_terminate
 .text.__cxa_call_unexpected
                0x000000000800f024       0xe0 /home/crabfish/tools/gcc-arm-none-eabi-7-2017-q4-major/bin/../lib/gcc/arm-none-eabi/7.2.1/../../../../arm-none-eabi/lib/thumb/v7-m/libstdc++.a(eh_call.o)
                0x000000000800f024                __cxa_call_unexpected
 .text.__cxa_begin_catch
                0x000000000800f104       0x80 /home/crabfish/tools/gcc-arm-none-eabi-7-2017-q4-major/bin/../lib/gcc/arm-none-eabi/7.2.1/../../../../arm-none-eabi/lib/thumb/v7-m/libstdc++.a(eh_catch.o)
                0x000000000800f104                __cxa_begin_catch
 .text.__cxa_end_catch
                0x000000000800f184       0x88 /home/crabfish/tools/gcc-arm-none-eabi-7-2017-q4-major/bin/../lib/gcc/arm-none-eabi/7.2.1/../../../../arm-none-eabi/lib/thumb/v7-m/libstdc++.a(eh_catch.o)
                0x000000000800f184                __cxa_end_catch
 .text.__cxa_get_globals_fast
                0x000000000800f20c        0x8 /home/crabfish/tools/gcc-arm-none-eabi-7-2017-q4-major/bin/../lib/gcc/arm-none-eabi/7.2.1/../../../../arm-none-eabi/lib/thumb/v7-m/libstdc++.a(eh_globals.o)
                0x000000000800f20c                __cxa_get_globals_fast
 .text.__cxa_get_globals
                0x000000000800f214        0x8 /home/crabfish/tools/gcc-arm-none-eabi-7-2017-q4-major/bin/../lib/gcc/arm-none-eabi/7.2.1/../../../../arm-none-eabi/lib/thumb/v7-m/libstdc++.a(eh_globals.o)
                0x000000000800f214                __cxa_get_globals
 .text._ZN10__cxxabiv111__terminateEPFvvE
                0x000000000800f21c       0x28 /home/crabfish/tools/gcc-arm-none-eabi-7-2017-q4-major/bin/../lib/gcc/arm-none-eabi/7.2.1/../../../../arm-none-eabi/lib/thumb/v7-m/libstdc++.a(eh_terminate.o)
                0x000000000800f21c                __cxxabiv1::__terminate(void (*)())
 .text._ZSt9terminatev
                0x000000000800f244       0x14 /home/crabfish/tools/gcc-arm-none-eabi-7-2017-q4-major/bin/../lib/gcc/arm-none-eabi/7.2.1/../../../../arm-none-eabi/lib/thumb/v7-m/libstdc++.a(eh_terminate.o)
                0x000000000800f244                std::terminate()
 .text._ZN10__cxxabiv112__unexpectedEPFvvE
                0x000000000800f258        0x8 /home/crabfish/tools/gcc-arm-none-eabi-7-2017-q4-major/bin/../lib/gcc/arm-none-eabi/7.2.1/../../../../arm-none-eabi/lib/thumb/v7-m/libstdc++.a(eh_terminate.o)
                0x000000000800f258                __cxxabiv1::__unexpected(void (*)())
 .text._ZSt10unexpectedv
                0x000000000800f260       0x14 /home/crabfish/tools/gcc-arm-none-eabi-7-2017-q4-major/bin/../lib/gcc/arm-none-eabi/7.2.1/../../../../arm-none-eabi/lib/thumb/v7-m/libstdc++.a(eh_terminate.o)
                0x000000000800f260                std::unexpected()
 .text._ZSt13get_terminatev
                0x000000000800f274       0x10 /home/crabfish/tools/gcc-arm-none-eabi-7-2017-q4-major/bin/../lib/gcc/arm-none-eabi/7.2.1/../../../../arm-none-eabi/lib/thumb/v7-m/libstdc++.a(eh_terminate.o)
                0x000000000800f274                std::get_terminate()
 .text._ZSt14get_unexpectedv
                0x000000000800f284       0x10 /home/crabfish/tools/gcc-arm-none-eabi-7-2017-q4-major/bin/../lib/gcc/arm-none-eabi/7.2.1/../../../../arm-none-eabi/lib/thumb/v7-m/libstdc++.a(eh_terminate.o)
                0x000000000800f284                std::get_unexpected()
 .text.__cxa_end_cleanup
                0x000000000800f294        0xc /home/crabfish/tools/gcc-arm-none-eabi-7-2017-q4-major/bin/../lib/gcc/arm-none-eabi/7.2.1/../../../../arm-none-eabi/lib/thumb/v7-m/libstdc++.a(eh_arm.o)
                0x000000000800f294                __cxa_end_cleanup
 .text.__cxa_type_match
                0x000000000800f2a0       0xb0 /home/crabfish/tools/gcc-arm-none-eabi-7-2017-q4-major/bin/../lib/gcc/arm-none-eabi/7.2.1/../../../../arm-none-eabi/lib/thumb/v7-m/libstdc++.a(eh_arm.o)
                0x000000000800f2a0                __cxa_type_match
 .text.__cxa_begin_cleanup
                0x000000000800f350       0x64 /home/crabfish/tools/gcc-arm-none-eabi-7-2017-q4-major/bin/../lib/gcc/arm-none-eabi/7.2.1/../../../../arm-none-eabi/lib/thumb/v7-m/libstdc++.a(eh_arm.o)
                0x000000000800f350                __cxa_begin_cleanup
 .text.__gnu_end_cleanup
                0x000000000800f3b4       0x70 /home/crabfish/tools/gcc-arm-none-eabi-7-2017-q4-major/bin/../lib/gcc/arm-none-eabi/7.2.1/../../../../arm-none-eabi/lib/thumb/v7-m/libstdc++.a(eh_arm.o)
                0x000000000800f3b4                __gnu_end_cleanup
 .text._ZL23__gxx_exception_cleanup19_Unwind_Reason_CodeP21_Unwind_Control_Block
                0x000000000800f424       0x44 /home/crabfish/tools/gcc-arm-none-eabi-7-2017-q4-major/bin/../lib/gcc/arm-none-eabi/7.2.1/../../../../arm-none-eabi/lib/thumb/v7-m/libstdc++.a(eh_throw.o)
 .text.__cxa_init_primary_exception
                0x000000000800f468       0x58 /home/crabfish/tools/gcc-arm-none-eabi-7-2017-q4-major/bin/../lib/gcc/arm-none-eabi/7.2.1/../../../../arm-none-eabi/lib/thumb/v7-m/libstdc++.a(eh_throw.o)
                0x000000000800f468                __cxa_init_primary_exception
 .text.__cxa_throw
                0x000000000800f4c0       0x38 /home/crabfish/tools/gcc-arm-none-eabi-7-2017-q4-major/bin/../lib/gcc/arm-none-eabi/7.2.1/../../../../arm-none-eabi/lib/thumb/v7-m/libstdc++.a(eh_throw.o)
                0x000000000800f4c0                __cxa_throw
 .text.__cxa_rethrow
                0x000000000800f4f8       0x70 /home/crabfish/tools/gcc-arm-none-eabi-7-2017-q4-major/bin/../lib/gcc/arm-none-eabi/7.2.1/../../../../arm-none-eabi/lib/thumb/v7-m/libstdc++.a(eh_throw.o)
                0x000000000800f4f8                __cxa_rethrow
 .text._ZNSt13bad_exceptionD2Ev
                0x000000000800f568        0x4 /home/crabfish/tools/gcc-arm-none-eabi-7-2017-q4-major/bin/../lib/gcc/arm-none-eabi/7.2.1/../../../../arm-none-eabi/lib/thumb/v7-m/libstdc++.a(eh_exception.o)
                0x000000000800f568                std::bad_exception::~bad_exception()
                0x000000000800f568                std::bad_exception::~bad_exception()
 .text._ZNKSt13bad_exception4whatEv
                0x000000000800f56c        0x8 /home/crabfish/tools/gcc-arm-none-eabi-7-2017-q4-major/bin/../lib/gcc/arm-none-eabi/7.2.1/../../../../arm-none-eabi/lib/thumb/v7-m/libstdc++.a(eh_exception.o)
                0x000000000800f56c                transaction clone for std::bad_exception::what() const
                0x000000000800f56c                std::bad_exception::what() const
 .text._ZNSt13bad_exceptionD0Ev
                0x000000000800f574       0x10 /home/crabfish/tools/gcc-arm-none-eabi-7-2017-q4-major/bin/../lib/gcc/arm-none-eabi/7.2.1/../../../../arm-none-eabi/lib/thumb/v7-m/libstdc++.a(eh_exception.o)
                0x000000000800f574                std::bad_exception::~bad_exception()
 .text._ZN12_GLOBAL__N_14pool4freeEPv.constprop.4
                0x000000000800f584       0x88 /home/crabfish/tools/gcc-arm-none-eabi-7-2017-q4-major/bin/../lib/gcc/arm-none-eabi/7.2.1/../../../../arm-none-eabi/lib/thumb/v7-m/libstdc++.a(eh_alloc.o)
 .text._ZN12_GLOBAL__N_14pool8allocateEj.constprop.5
                0x000000000800f60c       0x64 /home/crabfish/tools/gcc-arm-none-eabi-7-2017-q4-major/bin/../lib/gcc/arm-none-eabi/7.2.1/../../../../arm-none-eabi/lib/thumb/v7-m/libstdc++.a(eh_alloc.o)
 .text.__cxa_allocate_exception
                0x000000000800f670       0x30 /home/crabfish/tools/gcc-arm-none-eabi-7-2017-q4-major/bin/../lib/gcc/arm-none-eabi/7.2.1/../../../../arm-none-eabi/lib/thumb/v7-m/libstdc++.a(eh_alloc.o)
                0x000000000800f670                __cxa_allocate_exception
 .text.__cxa_free_exception
                0x000000000800f6a0       0x20 /home/crabfish/tools/gcc-arm-none-eabi-7-2017-q4-major/bin/../lib/gcc/arm-none-eabi/7.2.1/../../../../arm-none-eabi/lib/thumb/v7-m/libstdc++.a(eh_alloc.o)
                0x000000000800f6a0                __cxa_free_exception
 .text.startup._GLOBAL__sub_I__ZN9__gnu_cxx9__freeresEv
                0x000000000800f6c0       0x28 /home/crabfish/tools/gcc-arm-none-eabi-7-2017-q4-major/bin/../lib/gcc/arm-none-eabi/7.2.1/../../../../arm-none-eabi/lib/thumb/v7-m/libstdc++.a(eh_alloc.o)
 .text._ZN9__gnu_cxx27__verbose_terminate_handlerEv
                0x000000000800f6e8      0x110 /home/crabfish/tools/gcc-arm-none-eabi-7-2017-q4-major/bin/../lib/gcc/arm-none-eabi/7.2.1/../../../../arm-none-eabi/lib/thumb/v7-m/libstdc++.a(vterminate.o)
                0x000000000800f6e8                __gnu_cxx::__verbose_terminate_handler()
 .text._ZdlPvj  0x000000000800f7f8        0x4 /home/crabfish/tools/gcc-arm-none-eabi-7-2017-q4-major/bin/../lib/gcc/arm-none-eabi/7.2.1/../../../../arm-none-eabi/lib/thumb/v7-m/libstdc++.a(del_ops.o)
                0x000000000800f7f8                operator delete(void*, unsigned int)
 .text._ZN10__cxxabiv120__si_class_type_infoD2Ev
                0x000000000800f7fc       0x14 /home/crabfish/tools/gcc-arm-none-eabi-7-2017-q4-major/bin/../lib/gcc/arm-none-eabi/7.2.1/../../../../arm-none-eabi/lib/thumb/v7-m/libstdc++.a(si_class_type_info.o)
                0x000000000800f7fc                __cxxabiv1::__si_class_type_info::~__si_class_type_info()
                0x000000000800f7fc                __cxxabiv1::__si_class_type_info::~__si_class_type_info()
 .text._ZN10__cxxabiv120__si_class_type_infoD0Ev
                0x000000000800f810       0x1c /home/crabfish/tools/gcc-arm-none-eabi-7-2017-q4-major/bin/../lib/gcc/arm-none-eabi/7.2.1/../../../../arm-none-eabi/lib/thumb/v7-m/libstdc++.a(si_class_type_info.o)
                0x000000000800f810                __cxxabiv1::__si_class_type_info::~__si_class_type_info()
 .text._ZNK10__cxxabiv120__si_class_type_info20__do_find_public_srcEiPKvPKNS_17__class_type_infoES2_
                0x000000000800f82c       0x3c /home/crabfish/tools/gcc-arm-none-eabi-7-2017-q4-major/bin/../lib/gcc/arm-none-eabi/7.2.1/../../../../arm-none-eabi/lib/thumb/v7-m/libstdc++.a(si_class_type_info.o)
                0x000000000800f82c                __cxxabiv1::__si_class_type_info::__do_find_public_src(int, void const*, __cxxabiv1::__class_type_info const*, void const*) const
 .text._ZNK10__cxxabiv120__si_class_type_info12__do_dyncastEiNS_17__class_type_info10__sub_kindEPKS1_PKvS4_S6_RNS1_16__dyncast_resultE
                0x000000000800f868       0x84 /home/crabfish/tools/gcc-arm-none-eabi-7-2017-q4-major/bin/../lib/gcc/arm-none-eabi/7.2.1/../../../../arm-none-eabi/lib/thumb/v7-m/libstdc++.a(si_class_type_info.o)
                0x000000000800f868                __cxxabiv1::__si_class_type_info::__do_dyncast(int, __cxxabiv1::__class_type_info::__sub_kind, __cxxabiv1::__class_type_info const*, void const*, __cxxabiv1::__class_type_info const*, void const*, __cxxabiv1::__class_type_info::__dyncast_result&) const
 .text._ZNK10__cxxabiv120__si_class_type_info11__do_upcastEPKNS_17__class_type_infoEPKvRNS1_15__upcast_resultE
                0x000000000800f8ec       0x2c /home/crabfish/tools/gcc-arm-none-eabi-7-2017-q4-major/bin/../lib/gcc/arm-none-eabi/7.2.1/../../../../arm-none-eabi/lib/thumb/v7-m/libstdc++.a(si_class_type_info.o)
                0x000000000800f8ec                __cxxabiv1::__si_class_type_info::__do_upcast(__cxxabiv1::__class_type_info const*, void const*, __cxxabiv1::__class_type_info::__upcast_result&) const
 .text._ZNSt9type_infoD2Ev
                0x000000000800f918        0x4 /home/crabfish/tools/gcc-arm-none-eabi-7-2017-q4-major/bin/../lib/gcc/arm-none-eabi/7.2.1/../../../../arm-none-eabi/lib/thumb/v7-m/libstdc++.a(tinfo.o)
                0x000000000800f918                std::type_info::~type_info()
                0x000000000800f918                std::type_info::~type_info()
 .text._ZNKSt9type_info14__is_pointer_pEv
                0x000000000800f91c        0x4 /home/crabfish/tools/gcc-arm-none-eabi-7-2017-q4-major/bin/../lib/gcc/arm-none-eabi/7.2.1/../../../../arm-none-eabi/lib/thumb/v7-m/libstdc++.a(tinfo.o)
                0x000000000800f91c                std::type_info::__is_function_p() const
                0x000000000800f91c                std::type_info::__is_pointer_p() const
 .text._ZNKSt9type_infoeqERKS_
                0x000000000800f920       0x2c /home/crabfish/tools/gcc-arm-none-eabi-7-2017-q4-major/bin/../lib/gcc/arm-none-eabi/7.2.1/../../../../arm-none-eabi/lib/thumb/v7-m/libstdc++.a(tinfo.o)
                0x000000000800f920                std::type_info::operator==(std::type_info const&) const
 .text._ZNK10__cxxabiv117__class_type_info11__do_upcastEPKS0_PPv
                0x000000000800f94c       0x38 /home/crabfish/tools/gcc-arm-none-eabi-7-2017-q4-major/bin/../lib/gcc/arm-none-eabi/7.2.1/../../../../arm-none-eabi/lib/thumb/v7-m/libstdc++.a(class_type_info.o)
                0x000000000800f94c                __cxxabiv1::__class_type_info::__do_upcast(__cxxabiv1::__class_type_info const*, void**) const
 .text._ZNK10__cxxabiv117__class_type_info20__do_find_public_srcEiPKvPKS0_S2_
                0x000000000800f984        0xc /home/crabfish/tools/gcc-arm-none-eabi-7-2017-q4-major/bin/../lib/gcc/arm-none-eabi/7.2.1/../../../../arm-none-eabi/lib/thumb/v7-m/libstdc++.a(class_type_info.o)
                0x000000000800f984                __cxxabiv1::__class_type_info::__do_find_public_src(int, void const*, __cxxabiv1::__class_type_info const*, void const*) const
 .text._ZN10__cxxabiv117__class_type_infoD2Ev
                0x000000000800f990       0x14 /home/crabfish/tools/gcc-arm-none-eabi-7-2017-q4-major/bin/../lib/gcc/arm-none-eabi/7.2.1/../../../../arm-none-eabi/lib/thumb/v7-m/libstdc++.a(class_type_info.o)
                0x000000000800f990                __cxxabiv1::__class_type_info::~__class_type_info()
                0x000000000800f990                __cxxabiv1::__class_type_info::~__class_type_info()
 .text._ZN10__cxxabiv117__class_type_infoD0Ev
                0x000000000800f9a4       0x1c /home/crabfish/tools/gcc-arm-none-eabi-7-2017-q4-major/bin/../lib/gcc/arm-none-eabi/7.2.1/../../../../arm-none-eabi/lib/thumb/v7-m/libstdc++.a(class_type_info.o)
                0x000000000800f9a4                __cxxabiv1::__class_type_info::~__class_type_info()
 .text._ZNK10__cxxabiv117__class_type_info12__do_dyncastEiNS0_10__sub_kindEPKS0_PKvS3_S5_RNS0_16__dyncast_resultE
                0x000000000800f9c0       0x44 /home/crabfish/tools/gcc-arm-none-eabi-7-2017-q4-major/bin/../lib/gcc/arm-none-eabi/7.2.1/../../../../arm-none-eabi/lib/thumb/v7-m/libstdc++.a(class_type_info.o)
                0x000000000800f9c0                __cxxabiv1::__class_type_info::__do_dyncast(int, __cxxabiv1::__class_type_info::__sub_kind, __cxxabiv1::__class_type_info const*, void const*, __cxxabiv1::__class_type_info const*, void const*, __cxxabiv1::__class_type_info::__dyncast_result&) const
 .text._ZNK10__cxxabiv117__class_type_info11__do_upcastEPKS0_PKvRNS0_15__upcast_resultE
                0x000000000800fa04       0x18 /home/crabfish/tools/gcc-arm-none-eabi-7-2017-q4-major/bin/../lib/gcc/arm-none-eabi/7.2.1/../../../../arm-none-eabi/lib/thumb/v7-m/libstdc++.a(class_type_info.o)
                0x000000000800fa04                __cxxabiv1::__class_type_info::__do_upcast(__cxxabiv1::__class_type_info const*, void const*, __cxxabiv1::__class_type_info::__upcast_result&) const
 .text._ZNK10__cxxabiv117__class_type_info10__do_catchEPKSt9type_infoPPvj
                0x000000000800fa1c       0x2c /home/crabfish/tools/gcc-arm-none-eabi-7-2017-q4-major/bin/../lib/gcc/arm-none-eabi/7.2.1/../../../../arm-none-eabi/lib/thumb/v7-m/libstdc++.a(class_type_info.o)
                0x000000000800fa1c                __cxxabiv1::__class_type_info::__do_catch(std::type_info const*, void**, unsigned int) const
 .text.__cxa_current_exception_type
                0x000000000800fa48       0x1c /home/crabfish/tools/gcc-arm-none-eabi-7-2017-q4-major/bin/../lib/gcc/arm-none-eabi/7.2.1/../../../../arm-none-eabi/lib/thumb/v7-m/libstdc++.a(eh_type.o)
                0x000000000800fa48                __cxa_current_exception_type
 .text._ZdlPv   0x000000000800fa64        0x4 /home/crabfish/tools/gcc-arm-none-eabi-7-2017-q4-major/bin/../lib/gcc/arm-none-eabi/7.2.1/../../../../arm-none-eabi/lib/thumb/v7-m/libstdc++.a(del_op.o)
                0x000000000800fa64                operator delete(void*)
 .text.abort    0x000000000800fa68       0x10 /home/crabfish/tools/gcc-arm-none-eabi-7-2017-q4-major/bin/../lib/gcc/arm-none-eabi/7.2.1/../../../../arm-none-eabi/lib/thumb/v7-m/libc.a(lib_a-abort.o)
                0x000000000800fa68                abort
 .text.fputc    0x000000000800fa78       0x58 /home/crabfish/tools/gcc-arm-none-eabi-7-2017-q4-major/bin/../lib/gcc/arm-none-eabi/7.2.1/../../../../arm-none-eabi/lib/thumb/v7-m/libc.a(lib_a-fputc.o)
                0x000000000800fa78                fputc
 .text._fputs_r
                0x000000000800fad0       0x84 /home/crabfish/tools/gcc-arm-none-eabi-7-2017-q4-major/bin/../lib/gcc/arm-none-eabi/7.2.1/../../../../arm-none-eabi/lib/thumb/v7-m/libc.a(lib_a-fputs.o)
                0x000000000800fad0                _fputs_r
 .text.fputs    0x000000000800fb54       0x10 /home/crabfish/tools/gcc-arm-none-eabi-7-2017-q4-major/bin/../lib/gcc/arm-none-eabi/7.2.1/../../../../arm-none-eabi/lib/thumb/v7-m/libc.a(lib_a-fputs.o)
                0x000000000800fb54                fputs
 .text.__sfvwrite_r
                0x000000000800fb64      0x2f4 /home/crabfish/tools/gcc-arm-none-eabi-7-2017-q4-major/bin/../lib/gcc/arm-none-eabi/7.2.1/../../../../arm-none-eabi/lib/thumb/v7-m/libc.a(lib_a-fvwrite.o)
                0x000000000800fb64                __sfvwrite_r
 .text._fwrite_r
                0x000000000800fe58       0xa8 /home/crabfish/tools/gcc-arm-none-eabi-7-2017-q4-major/bin/../lib/gcc/arm-none-eabi/7.2.1/../../../../arm-none-eabi/lib/thumb/v7-m/libc.a(lib_a-fwrite.o)
                0x000000000800fe58                _fwrite_r
 .text.fwrite   0x000000000800ff00       0x20 /home/crabfish/tools/gcc-arm-none-eabi-7-2017-q4-major/bin/../lib/gcc/arm-none-eabi/7.2.1/../../../../arm-none-eabi/lib/thumb/v7-m/libc.a(lib_a-fwrite.o)
                0x000000000800ff00                fwrite
 .text.__retarget_lock_init_recursive
                0x000000000800ff20        0x4 /home/crabfish/tools/gcc-arm-none-eabi-7-2017-q4-major/bin/../lib/gcc/arm-none-eabi/7.2.1/../../../../arm-none-eabi/lib/thumb/v7-m/libc.a(lib_a-lock.o)
                0x000000000800ff20                __retarget_lock_init_recursive
 .text.__retarget_lock_close_recursive
                0x000000000800ff24        0x4 /home/crabfish/tools/gcc-arm-none-eabi-7-2017-q4-major/bin/../lib/gcc/arm-none-eabi/7.2.1/../../../../arm-none-eabi/lib/thumb/v7-m/libc.a(lib_a-lock.o)
                0x000000000800ff24                __retarget_lock_close_recursive
 .text.__retarget_lock_acquire_recursive
                0x000000000800ff28        0x4 /home/crabfish/tools/gcc-arm-none-eabi-7-2017-q4-major/bin/../lib/gcc/arm-none-eabi/7.2.1/../../../../arm-none-eabi/lib/thumb/v7-m/libc.a(lib_a-lock.o)
                0x000000000800ff28                __retarget_lock_acquire_recursive
 .text.__retarget_lock_release_recursive
                0x000000000800ff2c        0x4 /home/crabfish/tools/gcc-arm-none-eabi-7-2017-q4-major/bin/../lib/gcc/arm-none-eabi/7.2.1/../../../../arm-none-eabi/lib/thumb/v7-m/libc.a(lib_a-lock.o)
                0x000000000800ff2c                __retarget_lock_release_recursive
 .text.malloc   0x000000000800ff30       0x10 /home/crabfish/tools/gcc-arm-none-eabi-7-2017-q4-major/bin/../lib/gcc/arm-none-eabi/7.2.1/../../../../arm-none-eabi/lib/thumb/v7-m/libc.a(lib_a-malloc.o)
                0x000000000800ff30                malloc
 .text.free     0x000000000800ff40       0x10 /home/crabfish/tools/gcc-arm-none-eabi-7-2017-q4-major/bin/../lib/gcc/arm-none-eabi/7.2.1/../../../../arm-none-eabi/lib/thumb/v7-m/libc.a(lib_a-malloc.o)
                0x000000000800ff40                free
 .text._malloc_r
                0x000000000800ff50      0x524 /home/crabfish/tools/gcc-arm-none-eabi-7-2017-q4-major/bin/../lib/gcc/arm-none-eabi/7.2.1/../../../../arm-none-eabi/lib/thumb/v7-m/libc.a(lib_a-mallocr.o)
                0x000000000800ff50                _malloc_r
 .text.memchr   0x0000000008010474       0x8c /home/crabfish/tools/gcc-arm-none-eabi-7-2017-q4-major/bin/../lib/gcc/arm-none-eabi/7.2.1/../../../../arm-none-eabi/lib/thumb/v7-m/libc.a(lib_a-memchr-stub.o)
                0x0000000008010474                memchr
 .text.memcmp   0x0000000008010500       0x64 /home/crabfish/tools/gcc-arm-none-eabi-7-2017-q4-major/bin/../lib/gcc/arm-none-eabi/7.2.1/../../../../arm-none-eabi/lib/thumb/v7-m/libc.a(lib_a-memcmp.o)
                0x0000000008010500                memcmp
 .text.memmove  0x0000000008010564       0xc4 /home/crabfish/tools/gcc-arm-none-eabi-7-2017-q4-major/bin/../lib/gcc/arm-none-eabi/7.2.1/../../../../arm-none-eabi/lib/thumb/v7-m/libc.a(lib_a-memmove.o)
                0x0000000008010564                memmove
 .text.memset   0x0000000008010628       0x94 /home/crabfish/tools/gcc-arm-none-eabi-7-2017-q4-major/bin/../lib/gcc/arm-none-eabi/7.2.1/../../../../arm-none-eabi/lib/thumb/v7-m/libc.a(lib_a-memset.o)
                0x0000000008010628                memset
 .text.__malloc_lock
                0x00000000080106bc        0xc /home/crabfish/tools/gcc-arm-none-eabi-7-2017-q4-major/bin/../lib/gcc/arm-none-eabi/7.2.1/../../../../arm-none-eabi/lib/thumb/v7-m/libc.a(lib_a-mlock.o)
                0x00000000080106bc                __malloc_lock
 .text.__malloc_unlock
                0x00000000080106c8        0xc /home/crabfish/tools/gcc-arm-none-eabi-7-2017-q4-major/bin/../lib/gcc/arm-none-eabi/7.2.1/../../../../arm-none-eabi/lib/thumb/v7-m/libc.a(lib_a-mlock.o)
                0x00000000080106c8                __malloc_unlock
 .text._putc_r  0x00000000080106d4       0x70 /home/crabfish/tools/gcc-arm-none-eabi-7-2017-q4-major/bin/../lib/gcc/arm-none-eabi/7.2.1/../../../../arm-none-eabi/lib/thumb/v7-m/libc.a(lib_a-putc.o)
                0x00000000080106d4                _putc_r
 .text.realloc  0x0000000008010744       0x10 /home/crabfish/tools/gcc-arm-none-eabi-7-2017-q4-major/bin/../lib/gcc/arm-none-eabi/7.2.1/../../../../arm-none-eabi/lib/thumb/v7-m/libc.a(lib_a-realloc.o)
                0x0000000008010744                realloc
 .text._realloc_r
                0x0000000008010754      0x374 /home/crabfish/tools/gcc-arm-none-eabi-7-2017-q4-major/bin/../lib/gcc/arm-none-eabi/7.2.1/../../../../arm-none-eabi/lib/thumb/v7-m/libc.a(lib_a-reallocr.o)
                0x0000000008010754                _realloc_r
 .text._sbrk_r  0x0000000008010ac8       0x24 /home/crabfish/tools/gcc-arm-none-eabi-7-2017-q4-major/bin/../lib/gcc/arm-none-eabi/7.2.1/../../../../arm-none-eabi/lib/thumb/v7-m/libc.a(lib_a-sbrkr.o)
                0x0000000008010ac8                _sbrk_r
 .text._raise_r
                0x0000000008010aec       0x5c /home/crabfish/tools/gcc-arm-none-eabi-7-2017-q4-major/bin/../lib/gcc/arm-none-eabi/7.2.1/../../../../arm-none-eabi/lib/thumb/v7-m/libc.a(lib_a-signal.o)
                0x0000000008010aec                _raise_r
 .text.raise    0x0000000008010b48       0x10 /home/crabfish/tools/gcc-arm-none-eabi-7-2017-q4-major/bin/../lib/gcc/arm-none-eabi/7.2.1/../../../../arm-none-eabi/lib/thumb/v7-m/libc.a(lib_a-signal.o)
                0x0000000008010b48                raise
 .text._kill_r  0x0000000008010b58       0x28 /home/crabfish/tools/gcc-arm-none-eabi-7-2017-q4-major/bin/../lib/gcc/arm-none-eabi/7.2.1/../../../../arm-none-eabi/lib/thumb/v7-m/libc.a(lib_a-signalr.o)
                0x0000000008010b58                _kill_r
 .text._getpid_r
                0x0000000008010b80        0x4 /home/crabfish/tools/gcc-arm-none-eabi-7-2017-q4-major/bin/../lib/gcc/arm-none-eabi/7.2.1/../../../../arm-none-eabi/lib/thumb/v7-m/libc.a(lib_a-signalr.o)
                0x0000000008010b80                _getpid_r
 .text.sprintf  0x0000000008010b84       0x44 /home/crabfish/tools/gcc-arm-none-eabi-7-2017-q4-major/bin/../lib/gcc/arm-none-eabi/7.2.1/../../../../arm-none-eabi/lib/thumb/v7-m/libc.a(lib_a-sprintf.o)
                0x0000000008010b84                sprintf
 .text.strlen   0x0000000008010bc8       0x5c /home/crabfish/tools/gcc-arm-none-eabi-7-2017-q4-major/bin/../lib/gcc/arm-none-eabi/7.2.1/../../../../arm-none-eabi/lib/thumb/v7-m/libc.a(lib_a-strlen-stub.o)
                0x0000000008010bc8                strlen
 .text.strncmp  0x0000000008010c24       0x94 /home/crabfish/tools/gcc-arm-none-eabi-7-2017-q4-major/bin/../lib/gcc/arm-none-eabi/7.2.1/../../../../arm-none-eabi/lib/thumb/v7-m/libc.a(lib_a-strncmp.o)
                0x0000000008010c24                strncmp
 .text._svfprintf_r
                0x0000000008010cb8     0x14ec /home/crabfish/tools/gcc-arm-none-eabi-7-2017-q4-major/bin/../lib/gcc/arm-none-eabi/7.2.1/../../../../arm-none-eabi/lib/thumb/v7-m/libc.a(lib_a-svfprintf.o)
                0x0000000008010cb8                _svfprintf_r
 .text.__swbuf_r
                0x00000000080121a4       0xb0 /home/crabfish/tools/gcc-arm-none-eabi-7-2017-q4-major/bin/../lib/gcc/arm-none-eabi/7.2.1/../../../../arm-none-eabi/lib/thumb/v7-m/libc.a(lib_a-wbuf.o)
                0x00000000080121a4                __swbuf_r
 .text._write_r
                0x0000000008012254       0x2c /home/crabfish/tools/gcc-arm-none-eabi-7-2017-q4-major/bin/../lib/gcc/arm-none-eabi/7.2.1/../../../../arm-none-eabi/lib/thumb/v7-m/libc.a(lib_a-writer.o)
                0x0000000008012254                _write_r
 .text.__swsetup_r
                0x0000000008012280       0xcc /home/crabfish/tools/gcc-arm-none-eabi-7-2017-q4-major/bin/../lib/gcc/arm-none-eabi/7.2.1/../../../../arm-none-eabi/lib/thumb/v7-m/libc.a(lib_a-wsetup.o)
                0x0000000008012280                __swsetup_r
 .text.quorem   0x000000000801234c      0x124 /home/crabfish/tools/gcc-arm-none-eabi-7-2017-q4-major/bin/../lib/gcc/arm-none-eabi/7.2.1/../../../../arm-none-eabi/lib/thumb/v7-m/libc.a(lib_a-dtoa.o)
 .text._dtoa_r  0x0000000008012470      0xe30 /home/crabfish/tools/gcc-arm-none-eabi-7-2017-q4-major/bin/../lib/gcc/arm-none-eabi/7.2.1/../../../../arm-none-eabi/lib/thumb/v7-m/libc.a(lib_a-dtoa.o)
                0x0000000008012470                _dtoa_r
 .text.__sflush_r
                0x00000000080132a0      0x154 /home/crabfish/tools/gcc-arm-none-eabi-7-2017-q4-major/bin/../lib/gcc/arm-none-eabi/7.2.1/../../../../arm-none-eabi/lib/thumb/v7-m/libc.a(lib_a-fflush.o)
                0x00000000080132a0                __sflush_r
 .text._fflush_r
                0x00000000080133f4       0x5c /home/crabfish/tools/gcc-arm-none-eabi-7-2017-q4-major/bin/../lib/gcc/arm-none-eabi/7.2.1/../../../../arm-none-eabi/lib/thumb/v7-m/libc.a(lib_a-fflush.o)
                0x00000000080133f4                _fflush_r
 .text.std      0x0000000008013450       0x50 /home/crabfish/tools/gcc-arm-none-eabi-7-2017-q4-major/bin/../lib/gcc/arm-none-eabi/7.2.1/../../../../arm-none-eabi/lib/thumb/v7-m/libc.a(lib_a-findfp.o)
 .text._cleanup_r
                0x00000000080134a0        0xc /home/crabfish/tools/gcc-arm-none-eabi-7-2017-q4-major/bin/../lib/gcc/arm-none-eabi/7.2.1/../../../../arm-none-eabi/lib/thumb/v7-m/libc.a(lib_a-findfp.o)
                0x00000000080134a0                _cleanup_r
 .text.__sinit  0x00000000080134ac       0x60 /home/crabfish/tools/gcc-arm-none-eabi-7-2017-q4-major/bin/../lib/gcc/arm-none-eabi/7.2.1/../../../../arm-none-eabi/lib/thumb/v7-m/libc.a(lib_a-findfp.o)
                0x00000000080134ac                __sinit
 .text.__sfp_lock_acquire
                0x000000000801350c        0xc /home/crabfish/tools/gcc-arm-none-eabi-7-2017-q4-major/bin/../lib/gcc/arm-none-eabi/7.2.1/../../../../arm-none-eabi/lib/thumb/v7-m/libc.a(lib_a-findfp.o)
                0x000000000801350c                __sfp_lock_acquire
 .text.__sfp_lock_release
                0x0000000008013518        0xc /home/crabfish/tools/gcc-arm-none-eabi-7-2017-q4-major/bin/../lib/gcc/arm-none-eabi/7.2.1/../../../../arm-none-eabi/lib/thumb/v7-m/libc.a(lib_a-findfp.o)
                0x0000000008013518                __sfp_lock_release
 .text._malloc_trim_r
                0x0000000008013524       0xa0 /home/crabfish/tools/gcc-arm-none-eabi-7-2017-q4-major/bin/../lib/gcc/arm-none-eabi/7.2.1/../../../../arm-none-eabi/lib/thumb/v7-m/libc.a(lib_a-freer.o)
                0x0000000008013524                _malloc_trim_r
 .text._free_r  0x00000000080135c4      0x1e8 /home/crabfish/tools/gcc-arm-none-eabi-7-2017-q4-major/bin/../lib/gcc/arm-none-eabi/7.2.1/../../../../arm-none-eabi/lib/thumb/v7-m/libc.a(lib_a-freer.o)
                0x00000000080135c4                _free_r
 .text._fwalk_reent
                0x00000000080137ac       0x50 /home/crabfish/tools/gcc-arm-none-eabi-7-2017-q4-major/bin/../lib/gcc/arm-none-eabi/7.2.1/../../../../arm-none-eabi/lib/thumb/v7-m/libc.a(lib_a-fwalk.o)
                0x00000000080137ac                _fwalk_reent
 .text._localeconv_r
                0x00000000080137fc       0x1c /home/crabfish/tools/gcc-arm-none-eabi-7-2017-q4-major/bin/../lib/gcc/arm-none-eabi/7.2.1/../../../../arm-none-eabi/lib/thumb/v7-m/libc.a(lib_a-localeconv.o)
                0x00000000080137fc                _localeconv_r
 .text.__swhatbuf_r
                0x0000000008013818       0x5c /home/crabfish/tools/gcc-arm-none-eabi-7-2017-q4-major/bin/../lib/gcc/arm-none-eabi/7.2.1/../../../../arm-none-eabi/lib/thumb/v7-m/libc.a(lib_a-makebuf.o)
                0x0000000008013818                __swhatbuf_r
 .text.__smakebuf_r
                0x0000000008013874       0x94 /home/crabfish/tools/gcc-arm-none-eabi-7-2017-q4-major/bin/../lib/gcc/arm-none-eabi/7.2.1/../../../../arm-none-eabi/lib/thumb/v7-m/libc.a(lib_a-makebuf.o)
                0x0000000008013874                __smakebuf_r
 .text._Balloc  0x0000000008013908       0x4c /home/crabfish/tools/gcc-arm-none-eabi-7-2017-q4-major/bin/../lib/gcc/arm-none-eabi/7.2.1/../../../../arm-none-eabi/lib/thumb/v7-m/libc.a(lib_a-mprec.o)
                0x0000000008013908                _Balloc
 .text._Bfree   0x0000000008013954       0x14 /home/crabfish/tools/gcc-arm-none-eabi-7-2017-q4-major/bin/../lib/gcc/arm-none-eabi/7.2.1/../../../../arm-none-eabi/lib/thumb/v7-m/libc.a(lib_a-mprec.o)
                0x0000000008013954                _Bfree
 .text.__multadd
                0x0000000008013968       0x84 /home/crabfish/tools/gcc-arm-none-eabi-7-2017-q4-major/bin/../lib/gcc/arm-none-eabi/7.2.1/../../../../arm-none-eabi/lib/thumb/v7-m/libc.a(lib_a-mprec.o)
                0x0000000008013968                __multadd
 .text.__hi0bits
                0x00000000080139ec       0x40 /home/crabfish/tools/gcc-arm-none-eabi-7-2017-q4-major/bin/../lib/gcc/arm-none-eabi/7.2.1/../../../../arm-none-eabi/lib/thumb/v7-m/libc.a(lib_a-mprec.o)
                0x00000000080139ec                __hi0bits
 .text.__lo0bits
                0x0000000008013a2c       0x60 /home/crabfish/tools/gcc-arm-none-eabi-7-2017-q4-major/bin/../lib/gcc/arm-none-eabi/7.2.1/../../../../arm-none-eabi/lib/thumb/v7-m/libc.a(lib_a-mprec.o)
                0x0000000008013a2c                __lo0bits
 .text.__i2b    0x0000000008013a8c       0x14 /home/crabfish/tools/gcc-arm-none-eabi-7-2017-q4-major/bin/../lib/gcc/arm-none-eabi/7.2.1/../../../../arm-none-eabi/lib/thumb/v7-m/libc.a(lib_a-mprec.o)
                0x0000000008013a8c                __i2b
 .text.__multiply
                0x0000000008013aa0      0x14c /home/crabfish/tools/gcc-arm-none-eabi-7-2017-q4-major/bin/../lib/gcc/arm-none-eabi/7.2.1/../../../../arm-none-eabi/lib/thumb/v7-m/libc.a(lib_a-mprec.o)
                0x0000000008013aa0                __multiply
 .text.__pow5mult
                0x0000000008013bec       0xa0 /home/crabfish/tools/gcc-arm-none-eabi-7-2017-q4-major/bin/../lib/gcc/arm-none-eabi/7.2.1/../../../../arm-none-eabi/lib/thumb/v7-m/libc.a(lib_a-mprec.o)
                0x0000000008013bec                __pow5mult
 .text.__lshift
                0x0000000008013c8c       0xb4 /home/crabfish/tools/gcc-arm-none-eabi-7-2017-q4-major/bin/../lib/gcc/arm-none-eabi/7.2.1/../../../../arm-none-eabi/lib/thumb/v7-m/libc.a(lib_a-mprec.o)
                0x0000000008013c8c                __lshift
 .text.__mcmp   0x0000000008013d40       0x38 /home/crabfish/tools/gcc-arm-none-eabi-7-2017-q4-major/bin/../lib/gcc/arm-none-eabi/7.2.1/../../../../arm-none-eabi/lib/thumb/v7-m/libc.a(lib_a-mprec.o)
                0x0000000008013d40                __mcmp
 .text.__mdiff  0x0000000008013d78      0x100 /home/crabfish/tools/gcc-arm-none-eabi-7-2017-q4-major/bin/../lib/gcc/arm-none-eabi/7.2.1/../../../../arm-none-eabi/lib/thumb/v7-m/libc.a(lib_a-mprec.o)
                0x0000000008013d78                __mdiff
 .text.__d2b    0x0000000008013e78       0xb0 /home/crabfish/tools/gcc-arm-none-eabi-7-2017-q4-major/bin/../lib/gcc/arm-none-eabi/7.2.1/../../../../arm-none-eabi/lib/thumb/v7-m/libc.a(lib_a-mprec.o)
                0x0000000008013e78                __d2b
 .text.__sread  0x0000000008013f28       0x24 /home/crabfish/tools/gcc-arm-none-eabi-7-2017-q4-major/bin/../lib/gcc/arm-none-eabi/7.2.1/../../../../arm-none-eabi/lib/thumb/v7-m/libc.a(lib_a-stdio.o)
                0x0000000008013f28                __sread
 .text.__swrite
                0x0000000008013f4c       0x3c /home/crabfish/tools/gcc-arm-none-eabi-7-2017-q4-major/bin/../lib/gcc/arm-none-eabi/7.2.1/../../../../arm-none-eabi/lib/thumb/v7-m/libc.a(lib_a-stdio.o)
                0x0000000008013f4c                __swrite
 .text.__sseek  0x0000000008013f88       0x20 /home/crabfish/tools/gcc-arm-none-eabi-7-2017-q4-major/bin/../lib/gcc/arm-none-eabi/7.2.1/../../../../arm-none-eabi/lib/thumb/v7-m/libc.a(lib_a-stdio.o)
                0x0000000008013f88                __sseek
 .text.__sclose
                0x0000000008013fa8        0x8 /home/crabfish/tools/gcc-arm-none-eabi-7-2017-q4-major/bin/../lib/gcc/arm-none-eabi/7.2.1/../../../../arm-none-eabi/lib/thumb/v7-m/libc.a(lib_a-stdio.o)
                0x0000000008013fa8                __sclose
 .text.__ssprint_r
                0x0000000008013fb0       0xf4 /home/crabfish/tools/gcc-arm-none-eabi-7-2017-q4-major/bin/../lib/gcc/arm-none-eabi/7.2.1/../../../../arm-none-eabi/lib/thumb/v7-m/libc.a(lib_a-svfiprintf.o)
                0x0000000008013fb0                __ssprint_r
 .text._calloc_r
                0x00000000080140a4       0x6c /home/crabfish/tools/gcc-arm-none-eabi-7-2017-q4-major/bin/../lib/gcc/arm-none-eabi/7.2.1/../../../../arm-none-eabi/lib/thumb/v7-m/libc.a(lib_a-callocr.o)
                0x00000000080140a4                _calloc_r
 .text._close_r
                0x0000000008014110       0x24 /home/crabfish/tools/gcc-arm-none-eabi-7-2017-q4-major/bin/../lib/gcc/arm-none-eabi/7.2.1/../../../../arm-none-eabi/lib/thumb/v7-m/libc.a(lib_a-closer.o)
                0x0000000008014110                _close_r
 .text._fclose_r
                0x0000000008014134       0xd0 /home/crabfish/tools/gcc-arm-none-eabi-7-2017-q4-major/bin/../lib/gcc/arm-none-eabi/7.2.1/../../../../arm-none-eabi/lib/thumb/v7-m/libc.a(lib_a-fclose.o)
                0x0000000008014134                _fclose_r
 .text._fstat_r
                0x0000000008014204       0x28 /home/crabfish/tools/gcc-arm-none-eabi-7-2017-q4-major/bin/../lib/gcc/arm-none-eabi/7.2.1/../../../../arm-none-eabi/lib/thumb/v7-m/libc.a(lib_a-fstatr.o)
                0x0000000008014204                _fstat_r
 .text._isatty_r
                0x000000000801422c       0x24 /home/crabfish/tools/gcc-arm-none-eabi-7-2017-q4-major/bin/../lib/gcc/arm-none-eabi/7.2.1/../../../../arm-none-eabi/lib/thumb/v7-m/libc.a(lib_a-isattyr.o)
                0x000000000801422c                _isatty_r
 .text._lseek_r
                0x0000000008014250       0x2c /home/crabfish/tools/gcc-arm-none-eabi-7-2017-q4-major/bin/../lib/gcc/arm-none-eabi/7.2.1/../../../../arm-none-eabi/lib/thumb/v7-m/libc.a(lib_a-lseekr.o)
                0x0000000008014250                _lseek_r
 .text.__ascii_mbtowc
                0x000000000801427c       0x2c /home/crabfish/tools/gcc-arm-none-eabi-7-2017-q4-major/bin/../lib/gcc/arm-none-eabi/7.2.1/../../../../arm-none-eabi/lib/thumb/v7-m/libc.a(lib_a-mbtowc_r.o)
                0x000000000801427c                __ascii_mbtowc
 .text._read_r  0x00000000080142a8       0x2c /home/crabfish/tools/gcc-arm-none-eabi-7-2017-q4-major/bin/../lib/gcc/arm-none-eabi/7.2.1/../../../../arm-none-eabi/lib/thumb/v7-m/libc.a(lib_a-readr.o)
                0x00000000080142a8                _read_r
 .text.__ascii_wctomb
                0x00000000080142d4       0x18 /home/crabfish/tools/gcc-arm-none-eabi-7-2017-q4-major/bin/../lib/gcc/arm-none-eabi/7.2.1/../../../../arm-none-eabi/lib/thumb/v7-m/libc.a(lib_a-wctomb_r.o)
                0x00000000080142d4                __ascii_wctomb
 *(.rodata)
 .rodata        0x00000000080142ec       0x3d src/main.o
 *fill*         0x0000000008014329        0x3 
 .rodata        0x000000000801432c        0x3 src/uart.o
 *fill*         0x000000000801432f        0x1 
 .rodata        0x0000000008014330      0x798 /home/crabfish/tools/gcc-arm-none-eabi-7-2017-q4-major/bin/../lib/gcc/arm-none-eabi/7.2.1/../../../../arm-none-eabi/lib/thumb/v7-m/libstdc++.a(cp-demangle.o)
 *(.rodata*)
 .rodata._ZNKSt13bad_exception4whatEv.str1.4
                0x0000000008014ac8       0x13 /home/crabfish/tools/gcc-arm-none-eabi-7-2017-q4-major/bin/../lib/gcc/arm-none-eabi/7.2.1/../../../../arm-none-eabi/lib/thumb/v7-m/libstdc++.a(eh_exception.o)
 *fill*         0x0000000008014adb        0x1 
 .rodata._ZTIN10__cxxabiv115__forced_unwindE
                0x0000000008014adc        0x8 /home/crabfish/tools/gcc-arm-none-eabi-7-2017-q4-major/bin/../lib/gcc/arm-none-eabi/7.2.1/../../../../arm-none-eabi/lib/thumb/v7-m/libstdc++.a(eh_exception.o)
                0x0000000008014adc                typeinfo for __cxxabiv1::__forced_unwind
 .rodata._ZTIN10__cxxabiv119__foreign_exceptionE
                0x0000000008014ae4        0x8 /home/crabfish/tools/gcc-arm-none-eabi-7-2017-q4-major/bin/../lib/gcc/arm-none-eabi/7.2.1/../../../../arm-none-eabi/lib/thumb/v7-m/libstdc++.a(eh_exception.o)
                0x0000000008014ae4                typeinfo for __cxxabiv1::__foreign_exception
 .rodata._ZTISt13bad_exception
                0x0000000008014aec        0xc /home/crabfish/tools/gcc-arm-none-eabi-7-2017-q4-major/bin/../lib/gcc/arm-none-eabi/7.2.1/../../../../arm-none-eabi/lib/thumb/v7-m/libstdc++.a(eh_exception.o)
                0x0000000008014aec                typeinfo for std::bad_exception
 .rodata._ZTISt9exception
                0x0000000008014af8        0x8 /home/crabfish/tools/gcc-arm-none-eabi-7-2017-q4-major/bin/../lib/gcc/arm-none-eabi/7.2.1/../../../../arm-none-eabi/lib/thumb/v7-m/libstdc++.a(eh_exception.o)
                0x0000000008014af8                typeinfo for std::exception
 .rodata._ZTSN10__cxxabiv115__forced_unwindE
                0x0000000008014b00       0x20 /home/crabfish/tools/gcc-arm-none-eabi-7-2017-q4-major/bin/../lib/gcc/arm-none-eabi/7.2.1/../../../../arm-none-eabi/lib/thumb/v7-m/libstdc++.a(eh_exception.o)
                0x0000000008014b00                typeinfo name for __cxxabiv1::__forced_unwind
 .rodata._ZTSN10__cxxabiv119__foreign_exceptionE
                0x0000000008014b20       0x24 /home/crabfish/tools/gcc-arm-none-eabi-7-2017-q4-major/bin/../lib/gcc/arm-none-eabi/7.2.1/../../../../arm-none-eabi/lib/thumb/v7-m/libstdc++.a(eh_exception.o)
                0x0000000008014b20                typeinfo name for __cxxabiv1::__foreign_exception
 .rodata._ZTSSt13bad_exception
                0x0000000008014b44       0x12 /home/crabfish/tools/gcc-arm-none-eabi-7-2017-q4-major/bin/../lib/gcc/arm-none-eabi/7.2.1/../../../../arm-none-eabi/lib/thumb/v7-m/libstdc++.a(eh_exception.o)
                0x0000000008014b44                typeinfo name for std::bad_exception
 *fill*         0x0000000008014b56        0x2 
 .rodata._ZTSSt9exception
                0x0000000008014b58        0xd /home/crabfish/tools/gcc-arm-none-eabi-7-2017-q4-major/bin/../lib/gcc/arm-none-eabi/7.2.1/../../../../arm-none-eabi/lib/thumb/v7-m/libstdc++.a(eh_exception.o)
                0x0000000008014b58                typeinfo name for std::exception
 *fill*         0x0000000008014b65        0x3 
 .rodata._ZTVSt13bad_exception
                0x0000000008014b68       0x14 /home/crabfish/tools/gcc-arm-none-eabi-7-2017-q4-major/bin/../lib/gcc/arm-none-eabi/7.2.1/../../../../arm-none-eabi/lib/thumb/v7-m/libstdc++.a(eh_exception.o)
                0x0000000008014b68                vtable for std::bad_exception
 .rodata._ZN9__gnu_cxx27__verbose_terminate_handlerEv.str1.4
                0x0000000008014b7c       0x94 /home/crabfish/tools/gcc-arm-none-eabi-7-2017-q4-major/bin/../lib/gcc/arm-none-eabi/7.2.1/../../../../arm-none-eabi/lib/thumb/v7-m/libstdc++.a(vterminate.o)
 .rodata.str1.4
                0x0000000008014c10      0x862 /home/crabfish/tools/gcc-arm-none-eabi-7-2017-q4-major/bin/../lib/gcc/arm-none-eabi/7.2.1/../../../../arm-none-eabi/lib/thumb/v7-m/libstdc++.a(cp-demangle.o)
                                        0x8b2 (size before relaxing)
 *fill*         0x0000000008015472        0x2 
 .rodata._ZTIN10__cxxabiv120__si_class_type_infoE
                0x0000000008015474        0xc /home/crabfish/tools/gcc-arm-none-eabi-7-2017-q4-major/bin/../lib/gcc/arm-none-eabi/7.2.1/../../../../arm-none-eabi/lib/thumb/v7-m/libstdc++.a(si_class_type_info.o)
                0x0000000008015474                typeinfo for __cxxabiv1::__si_class_type_info
 .rodata._ZTSN10__cxxabiv120__si_class_type_infoE
                0x0000000008015480       0x25 /home/crabfish/tools/gcc-arm-none-eabi-7-2017-q4-major/bin/../lib/gcc/arm-none-eabi/7.2.1/../../../../arm-none-eabi/lib/thumb/v7-m/libstdc++.a(si_class_type_info.o)
                0x0000000008015480                typeinfo name for __cxxabiv1::__si_class_type_info
 *fill*         0x00000000080154a5        0x3 
 .rodata._ZTVN10__cxxabiv120__si_class_type_infoE
                0x00000000080154a8       0x2c /home/crabfish/tools/gcc-arm-none-eabi-7-2017-q4-major/bin/../lib/gcc/arm-none-eabi/7.2.1/../../../../arm-none-eabi/lib/thumb/v7-m/libstdc++.a(si_class_type_info.o)
                0x00000000080154a8                vtable for __cxxabiv1::__si_class_type_info
 .rodata._ZTISt9type_info
                0x00000000080154d4        0x8 /home/crabfish/tools/gcc-arm-none-eabi-7-2017-q4-major/bin/../lib/gcc/arm-none-eabi/7.2.1/../../../../arm-none-eabi/lib/thumb/v7-m/libstdc++.a(tinfo.o)
                0x00000000080154d4                typeinfo for std::type_info
 .rodata._ZTSSt9type_info
                0x00000000080154dc        0xd /home/crabfish/tools/gcc-arm-none-eabi-7-2017-q4-major/bin/../lib/gcc/arm-none-eabi/7.2.1/../../../../arm-none-eabi/lib/thumb/v7-m/libstdc++.a(tinfo.o)
                0x00000000080154dc                typeinfo name for std::type_info
 *fill*         0x00000000080154e9        0x3 
 .rodata._ZTIN10__cxxabiv117__class_type_infoE
                0x00000000080154ec        0xc /home/crabfish/tools/gcc-arm-none-eabi-7-2017-q4-major/bin/../lib/gcc/arm-none-eabi/7.2.1/../../../../arm-none-eabi/lib/thumb/v7-m/libstdc++.a(class_type_info.o)
                0x00000000080154ec                typeinfo for __cxxabiv1::__class_type_info
 .rodata._ZTSN10__cxxabiv117__class_type_infoE
                0x00000000080154f8       0x22 /home/crabfish/tools/gcc-arm-none-eabi-7-2017-q4-major/bin/../lib/gcc/arm-none-eabi/7.2.1/../../../../arm-none-eabi/lib/thumb/v7-m/libstdc++.a(class_type_info.o)
                0x00000000080154f8                typeinfo name for __cxxabiv1::__class_type_info
 *fill*         0x000000000801551a        0x2 
 .rodata._ZTVN10__cxxabiv117__class_type_infoE
                0x000000000801551c       0x2c /home/crabfish/tools/gcc-arm-none-eabi-7-2017-q4-major/bin/../lib/gcc/arm-none-eabi/7.2.1/../../../../arm-none-eabi/lib/thumb/v7-m/libstdc++.a(class_type_info.o)
                0x000000000801551c                vtable for __cxxabiv1::__class_type_info
 .rodata._svfprintf_r.str1.4
                0x0000000008015548       0x42 /home/crabfish/tools/gcc-arm-none-eabi-7-2017-q4-major/bin/../lib/gcc/arm-none-eabi/7.2.1/../../../../arm-none-eabi/lib/thumb/v7-m/libc.a(lib_a-svfprintf.o)
 *fill*         0x000000000801558a        0x2 
 .rodata.blanks.7276
                0x000000000801558c       0x10 /home/crabfish/tools/gcc-arm-none-eabi-7-2017-q4-major/bin/../lib/gcc/arm-none-eabi/7.2.1/../../../../arm-none-eabi/lib/thumb/v7-m/libc.a(lib_a-svfprintf.o)
 .rodata.zeroes.7277
                0x000000000801559c       0x10 /home/crabfish/tools/gcc-arm-none-eabi-7-2017-q4-major/bin/../lib/gcc/arm-none-eabi/7.2.1/../../../../arm-none-eabi/lib/thumb/v7-m/libc.a(lib_a-svfprintf.o)
 .rodata._dtoa_r.str1.4
                0x00000000080155ac       0x10 /home/crabfish/tools/gcc-arm-none-eabi-7-2017-q4-major/bin/../lib/gcc/arm-none-eabi/7.2.1/../../../../arm-none-eabi/lib/thumb/v7-m/libc.a(lib_a-dtoa.o)
                                         0x12 (size before relaxing)
 *fill*         0x00000000080155bc        0x4 
 .rodata.__mprec_bigtens
                0x00000000080155c0       0x28 /home/crabfish/tools/gcc-arm-none-eabi-7-2017-q4-major/bin/../lib/gcc/arm-none-eabi/7.2.1/../../../../arm-none-eabi/lib/thumb/v7-m/libc.a(lib_a-mprec.o)
                0x00000000080155c0                __mprec_bigtens
 .rodata.__mprec_tens
                0x00000000080155e8       0xc8 /home/crabfish/tools/gcc-arm-none-eabi-7-2017-q4-major/bin/../lib/gcc/arm-none-eabi/7.2.1/../../../../arm-none-eabi/lib/thumb/v7-m/libc.a(lib_a-mprec.o)
                0x00000000080155e8                __mprec_tens
 .rodata.p05.6092
                0x00000000080156b0        0xc /home/crabfish/tools/gcc-arm-none-eabi-7-2017-q4-major/bin/../lib/gcc/arm-none-eabi/7.2.1/../../../../arm-none-eabi/lib/thumb/v7-m/libc.a(lib_a-mprec.o)
 .rodata._setlocale_r.str1.4
                0x00000000080156bc        0xc /home/crabfish/tools/gcc-arm-none-eabi-7-2017-q4-major/bin/../lib/gcc/arm-none-eabi/7.2.1/../../../../arm-none-eabi/lib/thumb/v7-m/libc.a(lib_a-locale.o)
                                          0xd (size before relaxing)
 .rodata.str1.4
                0x00000000080156c8        0x2 /home/crabfish/tools/gcc-arm-none-eabi-7-2017-q4-major/bin/../lib/gcc/arm-none-eabi/7.2.1/../../../../arm-none-eabi/lib/thumb/v7-m/libc.a(lib_a-locale.o)
 .rodata._ctype_
                0x00000000080156c8      0x101 /home/crabfish/tools/gcc-arm-none-eabi-7-2017-q4-major/bin/../lib/gcc/arm-none-eabi/7.2.1/../../../../arm-none-eabi/lib/thumb/v7-m/libc.a(lib_a-ctype_.o)
                0x00000000080156c8                _ctype_
 *(.glue_7)
 .glue_7        0x00000000080157c9        0x0 linker stubs
 *(.glue_7t)
 .glue_7t       0x00000000080157c9        0x0 linker stubs
 *(.init)
 *(.fini)
                0x00000000080157cc                . = ALIGN (0x4)
 *fill*         0x00000000080157c9        0x3 
                0x00000000080157cc                _etext = .

.vfp11_veneer   0x00000000080157cc        0x0
 .vfp11_veneer  0x00000000080157cc        0x0 linker stubs

.v4_bx          0x00000000080157cc        0x0
 .v4_bx         0x00000000080157cc        0x0 linker stubs

.iplt           0x00000000080157cc        0x0
 .iplt          0x00000000080157cc        0x0 src/main.o

.ARM.extab      0x00000000080157cc      0x15c
 *(.ARM.extab* .gnu.linkonce.armextab.*)
 .ARM.extab     0x00000000080157cc       0x5c src/main.o
 .ARM.extab     0x0000000008015828        0xc Libraries/STM32F10x_StdPeriph_Driver/src/stm32f10x_tim.o
 .ARM.extab.text._ZL21base_of_encoded_valuehP15_Unwind_Context.part.3
                0x0000000008015834        0xc /home/crabfish/tools/gcc-arm-none-eabi-7-2017-q4-major/bin/../lib/gcc/arm-none-eabi/7.2.1/../../../../arm-none-eabi/lib/thumb/v7-m/libstdc++.a(eh_personality.o)
 .ARM.extab.text.__gxx_personality_v0
                0x0000000008015840       0x24 /home/crabfish/tools/gcc-arm-none-eabi-7-2017-q4-major/bin/../lib/gcc/arm-none-eabi/7.2.1/../../../../arm-none-eabi/lib/thumb/v7-m/libstdc++.a(eh_personality.o)
 .ARM.extab.text.__cxa_call_unexpected
                0x0000000008015864       0x28 /home/crabfish/tools/gcc-arm-none-eabi-7-2017-q4-major/bin/../lib/gcc/arm-none-eabi/7.2.1/../../../../arm-none-eabi/lib/thumb/v7-m/libstdc++.a(eh_call.o)
 .ARM.extab.text.__cxa_begin_catch
                0x000000000801588c        0xc /home/crabfish/tools/gcc-arm-none-eabi-7-2017-q4-major/bin/../lib/gcc/arm-none-eabi/7.2.1/../../../../arm-none-eabi/lib/thumb/v7-m/libstdc++.a(eh_catch.o)
 .ARM.extab.text._ZN10__cxxabiv111__terminateEPFvvE
                0x0000000008015898       0x2c /home/crabfish/tools/gcc-arm-none-eabi-7-2017-q4-major/bin/../lib/gcc/arm-none-eabi/7.2.1/../../../../arm-none-eabi/lib/thumb/v7-m/libstdc++.a(eh_terminate.o)
 .ARM.extab.text._ZN10__cxxabiv112__unexpectedEPFvvE
                0x00000000080158c4        0xc /home/crabfish/tools/gcc-arm-none-eabi-7-2017-q4-major/bin/../lib/gcc/arm-none-eabi/7.2.1/../../../../arm-none-eabi/lib/thumb/v7-m/libstdc++.a(eh_terminate.o)
 .ARM.extab.text._ZSt10unexpectedv
                0x00000000080158d0        0xc /home/crabfish/tools/gcc-arm-none-eabi-7-2017-q4-major/bin/../lib/gcc/arm-none-eabi/7.2.1/../../../../arm-none-eabi/lib/thumb/v7-m/libstdc++.a(eh_terminate.o)
 .ARM.extab.text._ZN9__gnu_cxx27__verbose_terminate_handlerEv
                0x00000000080158dc       0x34 /home/crabfish/tools/gcc-arm-none-eabi-7-2017-q4-major/bin/../lib/gcc/arm-none-eabi/7.2.1/../../../../arm-none-eabi/lib/thumb/v7-m/libstdc++.a(vterminate.o)
 .ARM.extab     0x0000000008015910       0x18 /home/crabfish/tools/gcc-arm-none-eabi-7-2017-q4-major/bin/../lib/gcc/arm-none-eabi/7.2.1/thumb/v7-m/libgcc.a(pr-support.o)

.ARM            0x0000000008015928      0x1e0
                0x0000000008015928                __exidx_start = .
 *(.ARM.exidx*)
 .ARM.exidx     0x0000000008015928       0x50 src/main.o
 .ARM.exidx     0x0000000008015978        0x0 src/gpio.o
                                         0x38 (size before relaxing)
 .ARM.exidx     0x0000000008015978       0x10 Libraries/STM32F10x_StdPeriph_Driver/src/stm32f10x_tim.o
                                        0x2d8 (size before relaxing)
 .ARM.exidx     0x0000000008015988        0x0 Libraries/STM32F10x_StdPeriph_Driver/src/stm32f10x_flash.o
                                         0xe0 (size before relaxing)
 .ARM.exidx.text._ZL28read_encoded_value_with_basehjPKhPj
                0x0000000008015a38        0x8 /home/crabfish/tools/gcc-arm-none-eabi-7-2017-q4-major/bin/../lib/gcc/arm-none-eabi/7.2.1/../../../../arm-none-eabi/lib/thumb/v7-m/libstdc++.a(eh_personality.o)
 .ARM.exidx.text._ZL21base_of_encoded_valuehP15_Unwind_Context.part.3
                0x0000000008015a40        0x8 /home/crabfish/tools/gcc-arm-none-eabi-7-2017-q4-major/bin/../lib/gcc/arm-none-eabi/7.2.1/../../../../arm-none-eabi/lib/thumb/v7-m/libstdc++.a(eh_personality.o)
 .ARM.exidx.text._ZL17parse_lsda_headerP15_Unwind_ContextPKhP16lsda_header_info
                0x0000000008015a48        0x8 /home/crabfish/tools/gcc-arm-none-eabi-7-2017-q4-major/bin/../lib/gcc/arm-none-eabi/7.2.1/../../../../arm-none-eabi/lib/thumb/v7-m/libstdc++.a(eh_personality.o)
 .ARM.exidx.text.__gxx_personality_v0
                0x0000000008015a50        0x8 /home/crabfish/tools/gcc-arm-none-eabi-7-2017-q4-major/bin/../lib/gcc/arm-none-eabi/7.2.1/../../../../arm-none-eabi/lib/thumb/v7-m/libstdc++.a(eh_personality.o)
 .ARM.exidx.text._ZN10__cxxabiv1L24__is_gxx_exception_classEPc
                0x0000000008015a58        0x8 /home/crabfish/tools/gcc-arm-none-eabi-7-2017-q4-major/bin/../lib/gcc/arm-none-eabi/7.2.1/../../../../arm-none-eabi/lib/thumb/v7-m/libstdc++.a(eh_call.o)
 .ARM.exidx.text.__cxa_call_terminate
                0x0000000008015a60        0x0 /home/crabfish/tools/gcc-arm-none-eabi-7-2017-q4-major/bin/../lib/gcc/arm-none-eabi/7.2.1/../../../../arm-none-eabi/lib/thumb/v7-m/libstdc++.a(eh_call.o)
                                          0x8 (size before relaxing)
 .ARM.exidx.text.__cxa_call_unexpected
                0x0000000008015a60        0x8 /home/crabfish/tools/gcc-arm-none-eabi-7-2017-q4-major/bin/../lib/gcc/arm-none-eabi/7.2.1/../../../../arm-none-eabi/lib/thumb/v7-m/libstdc++.a(eh_call.o)
 .ARM.exidx.text.__cxa_begin_catch
                0x0000000008015a68        0x8 /home/crabfish/tools/gcc-arm-none-eabi-7-2017-q4-major/bin/../lib/gcc/arm-none-eabi/7.2.1/../../../../arm-none-eabi/lib/thumb/v7-m/libstdc++.a(eh_catch.o)
 .ARM.exidx.text.__cxa_end_catch
                0x0000000008015a70        0x8 /home/crabfish/tools/gcc-arm-none-eabi-7-2017-q4-major/bin/../lib/gcc/arm-none-eabi/7.2.1/../../../../arm-none-eabi/lib/thumb/v7-m/libstdc++.a(eh_catch.o)
 .ARM.exidx.text.__cxa_get_globals_fast
                0x0000000008015a78        0x0 /home/crabfish/tools/gcc-arm-none-eabi-7-2017-q4-major/bin/../lib/gcc/arm-none-eabi/7.2.1/../../../../arm-none-eabi/lib/thumb/v7-m/libstdc++.a(eh_globals.o)
                                          0x8 (size before relaxing)
 .ARM.exidx.text.__cxa_get_globals
                0x0000000008015a78        0x0 /home/crabfish/tools/gcc-arm-none-eabi-7-2017-q4-major/bin/../lib/gcc/arm-none-eabi/7.2.1/../../../../arm-none-eabi/lib/thumb/v7-m/libstdc++.a(eh_globals.o)
                                          0x8 (size before relaxing)
 .ARM.exidx.text._ZN10__cxxabiv111__terminateEPFvvE
                0x0000000008015a78        0x8 /home/crabfish/tools/gcc-arm-none-eabi-7-2017-q4-major/bin/../lib/gcc/arm-none-eabi/7.2.1/../../../../arm-none-eabi/lib/thumb/v7-m/libstdc++.a(eh_terminate.o)
 .ARM.exidx.text._ZSt9terminatev
                0x0000000008015a80        0x8 /home/crabfish/tools/gcc-arm-none-eabi-7-2017-q4-major/bin/../lib/gcc/arm-none-eabi/7.2.1/../../../../arm-none-eabi/lib/thumb/v7-m/libstdc++.a(eh_terminate.o)
 .ARM.exidx.text._ZN10__cxxabiv112__unexpectedEPFvvE
                0x0000000008015a88        0x8 /home/crabfish/tools/gcc-arm-none-eabi-7-2017-q4-major/bin/../lib/gcc/arm-none-eabi/7.2.1/../../../../arm-none-eabi/lib/thumb/v7-m/libstdc++.a(eh_terminate.o)
 .ARM.exidx.text._ZSt10unexpectedv
                0x0000000008015a90        0x8 /home/crabfish/tools/gcc-arm-none-eabi-7-2017-q4-major/bin/../lib/gcc/arm-none-eabi/7.2.1/../../../../arm-none-eabi/lib/thumb/v7-m/libstdc++.a(eh_terminate.o)
 .ARM.exidx.text._ZSt13get_terminatev
                0x0000000008015a98        0x8 /home/crabfish/tools/gcc-arm-none-eabi-7-2017-q4-major/bin/../lib/gcc/arm-none-eabi/7.2.1/../../../../arm-none-eabi/lib/thumb/v7-m/libstdc++.a(eh_terminate.o)
 .ARM.exidx.text._ZSt14get_unexpectedv
                0x0000000008015aa0        0x0 /home/crabfish/tools/gcc-arm-none-eabi-7-2017-q4-major/bin/../lib/gcc/arm-none-eabi/7.2.1/../../../../arm-none-eabi/lib/thumb/v7-m/libstdc++.a(eh_terminate.o)
                                          0x8 (size before relaxing)
 .ARM.exidx.text.__cxa_type_match
                0x0000000008015aa0        0x8 /home/crabfish/tools/gcc-arm-none-eabi-7-2017-q4-major/bin/../lib/gcc/arm-none-eabi/7.2.1/../../../../arm-none-eabi/lib/thumb/v7-m/libstdc++.a(eh_arm.o)
 .ARM.exidx.text.__cxa_begin_cleanup
                0x0000000008015aa8        0x8 /home/crabfish/tools/gcc-arm-none-eabi-7-2017-q4-major/bin/../lib/gcc/arm-none-eabi/7.2.1/../../../../arm-none-eabi/lib/thumb/v7-m/libstdc++.a(eh_arm.o)
 .ARM.exidx.text.__gnu_end_cleanup
                0x0000000008015ab0        0x0 /home/crabfish/tools/gcc-arm-none-eabi-7-2017-q4-major/bin/../lib/gcc/arm-none-eabi/7.2.1/../../../../arm-none-eabi/lib/thumb/v7-m/libstdc++.a(eh_arm.o)
                                          0x8 (size before relaxing)
 .ARM.exidx.text._ZL23__gxx_exception_cleanup19_Unwind_Reason_CodeP21_Unwind_Control_Block
                0x0000000008015ab0        0x8 /home/crabfish/tools/gcc-arm-none-eabi-7-2017-q4-major/bin/../lib/gcc/arm-none-eabi/7.2.1/../../../../arm-none-eabi/lib/thumb/v7-m/libstdc++.a(eh_throw.o)
 .ARM.exidx.text.__cxa_init_primary_exception
                0x0000000008015ab8        0x8 /home/crabfish/tools/gcc-arm-none-eabi-7-2017-q4-major/bin/../lib/gcc/arm-none-eabi/7.2.1/../../../../arm-none-eabi/lib/thumb/v7-m/libstdc++.a(eh_throw.o)
 .ARM.exidx.text.__cxa_throw
                0x0000000008015ac0        0x8 /home/crabfish/tools/gcc-arm-none-eabi-7-2017-q4-major/bin/../lib/gcc/arm-none-eabi/7.2.1/../../../../arm-none-eabi/lib/thumb/v7-m/libstdc++.a(eh_throw.o)
 .ARM.exidx.text.__cxa_rethrow
                0x0000000008015ac8        0x8 /home/crabfish/tools/gcc-arm-none-eabi-7-2017-q4-major/bin/../lib/gcc/arm-none-eabi/7.2.1/../../../../arm-none-eabi/lib/thumb/v7-m/libstdc++.a(eh_throw.o)
 .ARM.exidx.text._ZNSt13bad_exceptionD2Ev
                0x0000000008015ad0        0x8 /home/crabfish/tools/gcc-arm-none-eabi-7-2017-q4-major/bin/../lib/gcc/arm-none-eabi/7.2.1/../../../../arm-none-eabi/lib/thumb/v7-m/libstdc++.a(eh_exception.o)
 .ARM.exidx.text._ZNKSt13bad_exception4whatEv
                0x0000000008015ad8        0x0 /home/crabfish/tools/gcc-arm-none-eabi-7-2017-q4-major/bin/../lib/gcc/arm-none-eabi/7.2.1/../../../../arm-none-eabi/lib/thumb/v7-m/libstdc++.a(eh_exception.o)
                                          0x8 (size before relaxing)
 .ARM.exidx.text._ZNSt13bad_exceptionD0Ev
                0x0000000008015ad8        0x0 /home/crabfish/tools/gcc-arm-none-eabi-7-2017-q4-major/bin/../lib/gcc/arm-none-eabi/7.2.1/../../../../arm-none-eabi/lib/thumb/v7-m/libstdc++.a(eh_exception.o)
                                          0x8 (size before relaxing)
 .ARM.exidx.text._ZN12_GLOBAL__N_14pool4freeEPv.constprop.4
                0x0000000008015ad8        0x0 /home/crabfish/tools/gcc-arm-none-eabi-7-2017-q4-major/bin/../lib/gcc/arm-none-eabi/7.2.1/../../../../arm-none-eabi/lib/thumb/v7-m/libstdc++.a(eh_alloc.o)
                                          0x8 (size before relaxing)
 .ARM.exidx.text._ZN12_GLOBAL__N_14pool8allocateEj.constprop.5
                0x0000000008015ad8        0x0 /home/crabfish/tools/gcc-arm-none-eabi-7-2017-q4-major/bin/../lib/gcc/arm-none-eabi/7.2.1/../../../../arm-none-eabi/lib/thumb/v7-m/libstdc++.a(eh_alloc.o)
                                          0x8 (size before relaxing)
 .ARM.exidx.text.__cxa_allocate_exception
                0x0000000008015ad8        0x0 /home/crabfish/tools/gcc-arm-none-eabi-7-2017-q4-major/bin/../lib/gcc/arm-none-eabi/7.2.1/../../../../arm-none-eabi/lib/thumb/v7-m/libstdc++.a(eh_alloc.o)
                                          0x8 (size before relaxing)
 .ARM.exidx.text.__cxa_free_exception
                0x0000000008015ad8        0x0 /home/crabfish/tools/gcc-arm-none-eabi-7-2017-q4-major/bin/../lib/gcc/arm-none-eabi/7.2.1/../../../../arm-none-eabi/lib/thumb/v7-m/libstdc++.a(eh_alloc.o)
                                          0x8 (size before relaxing)
 .ARM.exidx.text.startup._GLOBAL__sub_I__ZN9__gnu_cxx9__freeresEv
                0x0000000008015ad8        0x0 /home/crabfish/tools/gcc-arm-none-eabi-7-2017-q4-major/bin/../lib/gcc/arm-none-eabi/7.2.1/../../../../arm-none-eabi/lib/thumb/v7-m/libstdc++.a(eh_alloc.o)
                                          0x8 (size before relaxing)
 .ARM.exidx.text._ZN9__gnu_cxx27__verbose_terminate_handlerEv
                0x0000000008015ad8        0x8 /home/crabfish/tools/gcc-arm-none-eabi-7-2017-q4-major/bin/../lib/gcc/arm-none-eabi/7.2.1/../../../../arm-none-eabi/lib/thumb/v7-m/libstdc++.a(vterminate.o)
 .ARM.exidx.text._ZdlPvj
                0x0000000008015ae0        0x8 /home/crabfish/tools/gcc-arm-none-eabi-7-2017-q4-major/bin/../lib/gcc/arm-none-eabi/7.2.1/../../../../arm-none-eabi/lib/thumb/v7-m/libstdc++.a(del_ops.o)
 .ARM.exidx.text._ZN10__cxxabiv120__si_class_type_infoD2Ev
                0x0000000008015ae8        0x0 /home/crabfish/tools/gcc-arm-none-eabi-7-2017-q4-major/bin/../lib/gcc/arm-none-eabi/7.2.1/../../../../arm-none-eabi/lib/thumb/v7-m/libstdc++.a(si_class_type_info.o)
                                          0x8 (size before relaxing)
 .ARM.exidx.text._ZN10__cxxabiv120__si_class_type_infoD0Ev
                0x0000000008015ae8        0x0 /home/crabfish/tools/gcc-arm-none-eabi-7-2017-q4-major/bin/../lib/gcc/arm-none-eabi/7.2.1/../../../../arm-none-eabi/lib/thumb/v7-m/libstdc++.a(si_class_type_info.o)
                                          0x8 (size before relaxing)
 .ARM.exidx.text._ZNK10__cxxabiv120__si_class_type_info20__do_find_public_srcEiPKvPKNS_17__class_type_infoES2_
                0x0000000008015ae8        0x0 /home/crabfish/tools/gcc-arm-none-eabi-7-2017-q4-major/bin/../lib/gcc/arm-none-eabi/7.2.1/../../../../arm-none-eabi/lib/thumb/v7-m/libstdc++.a(si_class_type_info.o)
                                          0x8 (size before relaxing)