Archive member included to satisfy reference by file (symbol)

/usr/lib/gcc/arm-none-eabi/5.4.1/armv7-m/libgcc.a(unwind-arm.o)
                              src/system.o (__aeabi_unwind_cpp_pr0)
/usr/lib/gcc/arm-none-eabi/5.4.1/armv7-m/libgcc.a(libunwind.o)
                              /usr/lib/gcc/arm-none-eabi/5.4.1/armv7-m/libgcc.a(unwind-arm.o) (restore_core_regs)
/usr/lib/gcc/arm-none-eabi/5.4.1/armv7-m/libgcc.a(pr-support.o)
                              /usr/lib/gcc/arm-none-eabi/5.4.1/armv7-m/libgcc.a(unwind-arm.o) (__gnu_unwind_execute)
/usr/lib/gcc/arm-none-eabi/5.4.1/../../../arm-none-eabi/lib/armv7-m/libc.a(lib_a-abort.o)
                              /usr/lib/gcc/arm-none-eabi/5.4.1/armv7-m/libgcc.a(unwind-arm.o) (abort)
/usr/lib/gcc/arm-none-eabi/5.4.1/../../../arm-none-eabi/lib/armv7-m/libc.a(lib_a-atexit.o)
                              /usr/lib/gcc/arm-none-eabi/5.4.1/../../../arm-none-eabi/lib/armv7-m/crt0.o (atexit)
/usr/lib/gcc/arm-none-eabi/5.4.1/../../../arm-none-eabi/lib/armv7-m/libc.a(lib_a-exit.o)
                              /usr/lib/gcc/arm-none-eabi/5.4.1/../../../arm-none-eabi/lib/armv7-m/crt0.o (exit)
/usr/lib/gcc/arm-none-eabi/5.4.1/../../../arm-none-eabi/lib/armv7-m/libc.a(lib_a-fini.o)
                              /usr/lib/gcc/arm-none-eabi/5.4.1/../../../arm-none-eabi/lib/armv7-m/crt0.o (__libc_fini_array)
/usr/lib/gcc/arm-none-eabi/5.4.1/../../../arm-none-eabi/lib/armv7-m/libc.a(lib_a-impure.o)
                              /usr/lib/gcc/arm-none-eabi/5.4.1/../../../arm-none-eabi/lib/armv7-m/libc.a(lib_a-exit.o) (_global_impure_ptr)
/usr/lib/gcc/arm-none-eabi/5.4.1/../../../arm-none-eabi/lib/armv7-m/libc.a(lib_a-init.o)
                              /usr/lib/gcc/arm-none-eabi/5.4.1/../../../arm-none-eabi/lib/armv7-m/crt0.o (__libc_init_array)
/usr/lib/gcc/arm-none-eabi/5.4.1/../../../arm-none-eabi/lib/armv7-m/libc.a(lib_a-memcpy.o)
                              /usr/lib/gcc/arm-none-eabi/5.4.1/armv7-m/libgcc.a(unwind-arm.o) (memcpy)
/usr/lib/gcc/arm-none-eabi/5.4.1/../../../arm-none-eabi/lib/armv7-m/libc.a(lib_a-memset.o)
                              /usr/lib/gcc/arm-none-eabi/5.4.1/../../../arm-none-eabi/lib/armv7-m/crt0.o (memset)
/usr/lib/gcc/arm-none-eabi/5.4.1/../../../arm-none-eabi/lib/armv7-m/libc.a(lib_a-signal.o)
                              /usr/lib/gcc/arm-none-eabi/5.4.1/../../../arm-none-eabi/lib/armv7-m/libc.a(lib_a-abort.o) (raise)
/usr/lib/gcc/arm-none-eabi/5.4.1/../../../arm-none-eabi/lib/armv7-m/libc.a(lib_a-signalr.o)
                              /usr/lib/gcc/arm-none-eabi/5.4.1/../../../arm-none-eabi/lib/armv7-m/libc.a(lib_a-signal.o) (_kill_r)
/usr/lib/gcc/arm-none-eabi/5.4.1/../../../arm-none-eabi/lib/armv7-m/libc.a(lib_a-__atexit.o)
                              /usr/lib/gcc/arm-none-eabi/5.4.1/../../../arm-none-eabi/lib/armv7-m/libc.a(lib_a-atexit.o) (__register_exitproc)
/usr/lib/gcc/arm-none-eabi/5.4.1/../../../arm-none-eabi/lib/armv7-m/libc.a(lib_a-__call_atexit.o)
                              /usr/lib/gcc/arm-none-eabi/5.4.1/../../../arm-none-eabi/lib/armv7-m/libc.a(lib_a-exit.o) (__call_exitprocs)
/usr/lib/gcc/arm-none-eabi/5.4.1/../../../arm-none-eabi/lib/armv7-m/libc.a(lib_a-mallocr.o)
                              /usr/lib/gcc/arm-none-eabi/5.4.1/../../../arm-none-eabi/lib/armv7-m/libc.a(lib_a-signal.o) (_malloc_r)
/usr/lib/gcc/arm-none-eabi/5.4.1/../../../arm-none-eabi/lib/armv7-m/libc.a(lib_a-mlock.o)
                              /usr/lib/gcc/arm-none-eabi/5.4.1/../../../arm-none-eabi/lib/armv7-m/libc.a(lib_a-mallocr.o) (__malloc_lock)
/usr/lib/gcc/arm-none-eabi/5.4.1/../../../arm-none-eabi/lib/armv7-m/libc.a(lib_a-reent.o)
                              /usr/lib/gcc/arm-none-eabi/5.4.1/../../../arm-none-eabi/lib/armv7-m/libc.a(lib_a-signalr.o) (errno)
/usr/lib/gcc/arm-none-eabi/5.4.1/../../../arm-none-eabi/lib/armv7-m/libc.a(lib_a-sbrkr.o)
                              /usr/lib/gcc/arm-none-eabi/5.4.1/../../../arm-none-eabi/lib/armv7-m/libc.a(lib_a-mallocr.o) (_sbrk_r)
/usr/lib/gcc/arm-none-eabi/5.4.1/../../../arm-none-eabi/lib/armv7-m/libc.a(lib_a-freer.o)
                              /usr/lib/gcc/arm-none-eabi/5.4.1/../../../arm-none-eabi/lib/armv7-m/libc.a(lib_a-mallocr.o) (_free_r)
/usr/lib/gcc/arm-none-eabi/5.4.1/../../../arm-none-eabi/lib/armv7-m/libnosys.a(getpid.o)
                              /usr/lib/gcc/arm-none-eabi/5.4.1/../../../arm-none-eabi/lib/armv7-m/libc.a(lib_a-signalr.o) (_getpid)
/usr/lib/gcc/arm-none-eabi/5.4.1/../../../arm-none-eabi/lib/armv7-m/libnosys.a(kill.o)
                              /usr/lib/gcc/arm-none-eabi/5.4.1/../../../arm-none-eabi/lib/armv7-m/libc.a(lib_a-signalr.o) (_kill)
/usr/lib/gcc/arm-none-eabi/5.4.1/../../../arm-none-eabi/lib/armv7-m/libnosys.a(sbrk.o)
                              /usr/lib/gcc/arm-none-eabi/5.4.1/../../../arm-none-eabi/lib/armv7-m/libc.a(lib_a-sbrkr.o) (_sbrk)
/usr/lib/gcc/arm-none-eabi/5.4.1/../../../arm-none-eabi/lib/armv7-m/libnosys.a(_exit.o)
                              /usr/lib/gcc/arm-none-eabi/5.4.1/../../../arm-none-eabi/lib/armv7-m/libc.a(lib_a-abort.o) (_exit)

Allocating common symbols
Common symbol       size              file

errno               0x4               /usr/lib/gcc/arm-none-eabi/5.4.1/../../../arm-none-eabi/lib/armv7-m/libc.a(lib_a-reent.o)

Discarded input sections

 .text          0x0000000000000000        0x0 /usr/lib/gcc/arm-none-eabi/5.4.1/armv7-m/crti.o
 .data          0x0000000000000000        0x0 /usr/lib/gcc/arm-none-eabi/5.4.1/armv7-m/crti.o
 .bss           0x0000000000000000        0x0 /usr/lib/gcc/arm-none-eabi/5.4.1/armv7-m/crti.o
 .data          0x0000000000000000        0x4 /usr/lib/gcc/arm-none-eabi/5.4.1/armv7-m/crtbegin.o
 .text          0x0000000000000000       0x68 /usr/lib/gcc/arm-none-eabi/5.4.1/../../../arm-none-eabi/lib/armv7-m/crt0.o
 .data          0x0000000000000000        0x0 /usr/lib/gcc/arm-none-eabi/5.4.1/../../../arm-none-eabi/lib/armv7-m/crt0.o
 .bss           0x0000000000000000        0x0 /usr/lib/gcc/arm-none-eabi/5.4.1/../../../arm-none-eabi/lib/armv7-m/crt0.o
 .ARM.extab     0x0000000000000000        0x0 /usr/lib/gcc/arm-none-eabi/5.4.1/../../../arm-none-eabi/lib/armv7-m/crt0.o
 .ARM.exidx     0x0000000000000000        0x8 /usr/lib/gcc/arm-none-eabi/5.4.1/../../../arm-none-eabi/lib/armv7-m/crt0.o
 .debug_line    0x0000000000000000       0x7b /usr/lib/gcc/arm-none-eabi/5.4.1/../../../arm-none-eabi/lib/armv7-m/crt0.o
 .debug_info    0x0000000000000000       0x9d /usr/lib/gcc/arm-none-eabi/5.4.1/../../../arm-none-eabi/lib/armv7-m/crt0.o
 .debug_abbrev  0x0000000000000000       0x14 /usr/lib/gcc/arm-none-eabi/5.4.1/../../../arm-none-eabi/lib/armv7-m/crt0.o
 .debug_aranges
                0x0000000000000000       0x20 /usr/lib/gcc/arm-none-eabi/5.4.1/../../../arm-none-eabi/lib/armv7-m/crt0.o
 .ARM.attributes
                0x0000000000000000       0x1b /usr/lib/gcc/arm-none-eabi/5.4.1/../../../arm-none-eabi/lib/armv7-m/crt0.o
 .data          0x0000000000000000        0x0 src/main.o
 .bss           0x0000000000000000        0x0 src/main.o
 .ARM.extab     0x0000000000000000        0x0 src/main.o
 .text          0x0000000000000000        0x0 src/stm32f10x_it.o
 .data          0x0000000000000000        0x0 src/stm32f10x_it.o
 .bss           0x0000000000000000        0x0 src/stm32f10x_it.o
 .comment       0x0000000000000000       0x2c src/stm32f10x_it.o
 .ARM.attributes
                0x0000000000000000       0x33 src/stm32f10x_it.o
 .bss           0x0000000000000000        0x0 src/system.o
 .ARM.extab     0x0000000000000000        0x0 src/system.o
 .data          0x0000000000000000        0x0 src/startup.o
 .bss           0x0000000000000000        0x0 src/startup.o
 .text          0x0000000000000000        0x0 src/gpio.o
 .data          0x0000000000000000        0x0 src/gpio.o
 .bss           0x0000000000000000        0x0 src/gpio.o
 .comment       0x0000000000000000       0x2c src/gpio.o
 .ARM.attributes
                0x0000000000000000       0x33 src/gpio.o
 .data          0x0000000000000000        0x0 /usr/lib/gcc/arm-none-eabi/5.4.1/armv7-m/libgcc.a(unwind-arm.o)
 .bss           0x0000000000000000        0x0 /usr/lib/gcc/arm-none-eabi/5.4.1/armv7-m/libgcc.a(unwind-arm.o)
 .ARM.extab     0x0000000000000000        0x0 /usr/lib/gcc/arm-none-eabi/5.4.1/armv7-m/libgcc.a(unwind-arm.o)
 .debug_info    0x0000000000000000     0x1b5e /usr/lib/gcc/arm-none-eabi/5.4.1/armv7-m/libgcc.a(unwind-arm.o)
 .debug_abbrev  0x0000000000000000      0x40e /usr/lib/gcc/arm-none-eabi/5.4.1/armv7-m/libgcc.a(unwind-arm.o)
 .debug_loc     0x0000000000000000     0x1703 /usr/lib/gcc/arm-none-eabi/5.4.1/armv7-m/libgcc.a(unwind-arm.o)
 .debug_aranges
                0x0000000000000000       0x20 /usr/lib/gcc/arm-none-eabi/5.4.1/armv7-m/libgcc.a(unwind-arm.o)
 .debug_ranges  0x0000000000000000      0x120 /usr/lib/gcc/arm-none-eabi/5.4.1/armv7-m/libgcc.a(unwind-arm.o)
 .debug_line    0x0000000000000000      0x4d2 /usr/lib/gcc/arm-none-eabi/5.4.1/armv7-m/libgcc.a(unwind-arm.o)
 .debug_str     0x0000000000000000      0xc11 /usr/lib/gcc/arm-none-eabi/5.4.1/armv7-m/libgcc.a(unwind-arm.o)
 .comment       0x0000000000000000       0x2c /usr/lib/gcc/arm-none-eabi/5.4.1/armv7-m/libgcc.a(unwind-arm.o)
 .debug_frame   0x0000000000000000      0x300 /usr/lib/gcc/arm-none-eabi/5.4.1/armv7-m/libgcc.a(unwind-arm.o)
 .ARM.attributes
                0x0000000000000000       0x2d /usr/lib/gcc/arm-none-eabi/5.4.1/armv7-m/libgcc.a(unwind-arm.o)
 .data          0x0000000000000000        0x0 /usr/lib/gcc/arm-none-eabi/5.4.1/armv7-m/libgcc.a(libunwind.o)
 .bss           0x0000000000000000        0x0 /usr/lib/gcc/arm-none-eabi/5.4.1/armv7-m/libgcc.a(libunwind.o)
 .debug_line    0x0000000000000000       0xab /usr/lib/gcc/arm-none-eabi/5.4.1/armv7-m/libgcc.a(libunwind.o)
 .debug_info    0x0000000000000000       0xb9 /usr/lib/gcc/arm-none-eabi/5.4.1/armv7-m/libgcc.a(libunwind.o)
 .debug_abbrev  0x0000000000000000       0x14 /usr/lib/gcc/arm-none-eabi/5.4.1/armv7-m/libgcc.a(libunwind.o)
 .debug_aranges
                0x0000000000000000       0x20 /usr/lib/gcc/arm-none-eabi/5.4.1/armv7-m/libgcc.a(libunwind.o)
 .ARM.attributes
                0x0000000000000000       0x1d /usr/lib/gcc/arm-none-eabi/5.4.1/armv7-m/libgcc.a(libunwind.o)
 .data          0x0000000000000000        0x0 /usr/lib/gcc/arm-none-eabi/5.4.1/armv7-m/libgcc.a(pr-support.o)
 .bss           0x0000000000000000        0x0 /usr/lib/gcc/arm-none-eabi/5.4.1/armv7-m/libgcc.a(pr-support.o)
 .debug_info    0x0000000000000000      0x920 /usr/lib/gcc/arm-none-eabi/5.4.1/armv7-m/libgcc.a(pr-support.o)
 .debug_abbrev  0x0000000000000000      0x27a /usr/lib/gcc/arm-none-eabi/5.4.1/armv7-m/libgcc.a(pr-support.o)
 .debug_loc     0x0000000000000000      0x4e2 /usr/lib/gcc/arm-none-eabi/5.4.1/armv7-m/libgcc.a(pr-support.o)
 .debug_aranges
                0x0000000000000000       0x20 /usr/lib/gcc/arm-none-eabi/5.4.1/armv7-m/libgcc.a(pr-support.o)
 .debug_line    0x0000000000000000      0x1d3 /usr/lib/gcc/arm-none-eabi/5.4.1/armv7-m/libgcc.a(pr-support.o)
 .debug_str     0x0000000000000000      0x52d /usr/lib/gcc/arm-none-eabi/5.4.1/armv7-m/libgcc.a(pr-support.o)
 .comment       0x0000000000000000       0x2c /usr/lib/gcc/arm-none-eabi/5.4.1/armv7-m/libgcc.a(pr-support.o)
 .debug_frame   0x0000000000000000      0x104 /usr/lib/gcc/arm-none-eabi/5.4.1/armv7-m/libgcc.a(pr-support.o)
 .ARM.attributes
                0x0000000000000000       0x2d /usr/lib/gcc/arm-none-eabi/5.4.1/armv7-m/libgcc.a(pr-support.o)
 .data          0x0000000000000000        0x0 /usr/lib/gcc/arm-none-eabi/5.4.1/../../../arm-none-eabi/lib/armv7-m/libc.a(lib_a-abort.o)
 .bss           0x0000000000000000        0x0 /usr/lib/gcc/arm-none-eabi/5.4.1/../../../arm-none-eabi/lib/armv7-m/libc.a(lib_a-abort.o)
 .debug_info    0x0000000000000000       0xcf /usr/lib/gcc/arm-none-eabi/5.4.1/../../../arm-none-eabi/lib/armv7-m/libc.a(lib_a-abort.o)
 .debug_abbrev  0x0000000000000000       0x7c /usr/lib/gcc/arm-none-eabi/5.4.1/../../../arm-none-eabi/lib/armv7-m/libc.a(lib_a-abort.o)
 .debug_aranges
                0x0000000000000000       0x20 /usr/lib/gcc/arm-none-eabi/5.4.1/../../../arm-none-eabi/lib/armv7-m/libc.a(lib_a-abort.o)
 .debug_line    0x0000000000000000      0x104 /usr/lib/gcc/arm-none-eabi/5.4.1/../../../arm-none-eabi/lib/armv7-m/libc.a(lib_a-abort.o)
 .debug_str     0x0000000000000000      0x190 /usr/lib/gcc/arm-none-eabi/5.4.1/../../../arm-none-eabi/lib/armv7-m/libc.a(lib_a-abort.o)
 .comment       0x0000000000000000       0x2c /usr/lib/gcc/arm-none-eabi/5.4.1/../../../arm-none-eabi/lib/armv7-m/libc.a(lib_a-abort.o)
 .debug_frame   0x0000000000000000       0x28 /usr/lib/gcc/arm-none-eabi/5.4.1/../../../arm-none-eabi/lib/armv7-m/libc.a(lib_a-abort.o)
 .ARM.attributes
                0x0000000000000000       0x2d /usr/lib/gcc/arm-none-eabi/5.4.1/../../../arm-none-eabi/lib/armv7-m/libc.a(lib_a-abort.o)
 .data          0x0000000000000000        0x0 /usr/lib/gcc/arm-none-eabi/5.4.1/../../../arm-none-eabi/lib/armv7-m/libc.a(lib_a-atexit.o)
 .bss           0x0000000000000000        0x0 /usr/lib/gcc/arm-none-eabi/5.4.1/../../../arm-none-eabi/lib/armv7-m/libc.a(lib_a-atexit.o)
 .text          0x0000000000000000       0x20 /usr/lib/gcc/arm-none-eabi/5.4.1/../../../arm-none-eabi/lib/armv7-m/libc.a(lib_a-exit.o)
 .data          0x0000000000000000        0x0 /usr/lib/gcc/arm-none-eabi/5.4.1/../../../arm-none-eabi/lib/armv7-m/libc.a(lib_a-exit.o)
 .bss           0x0000000000000000        0x0 /usr/lib/gcc/arm-none-eabi/5.4.1/../../../arm-none-eabi/lib/armv7-m/libc.a(lib_a-exit.o)
 .debug_info    0x0000000000000000      0x8de /usr/lib/gcc/arm-none-eabi/5.4.1/../../../arm-none-eabi/lib/armv7-m/libc.a(lib_a-exit.o)
 .debug_abbrev  0x0000000000000000      0x1d6 /usr/lib/gcc/arm-none-eabi/5.4.1/../../../arm-none-eabi/lib/armv7-m/libc.a(lib_a-exit.o)
 .debug_loc     0x0000000000000000       0x1e /usr/lib/gcc/arm-none-eabi/5.4.1/../../../arm-none-eabi/lib/armv7-m/libc.a(lib_a-exit.o)
 .debug_aranges
                0x0000000000000000       0x20 /usr/lib/gcc/arm-none-eabi/5.4.1/../../../arm-none-eabi/lib/armv7-m/libc.a(lib_a-exit.o)
 .debug_line    0x0000000000000000      0x15f /usr/lib/gcc/arm-none-eabi/5.4.1/../../../arm-none-eabi/lib/armv7-m/libc.a(lib_a-exit.o)
 .debug_str     0x0000000000000000      0x567 /usr/lib/gcc/arm-none-eabi/5.4.1/../../../arm-none-eabi/lib/armv7-m/libc.a(lib_a-exit.o)
 .comment       0x0000000000000000       0x2c /usr/lib/gcc/arm-none-eabi/5.4.1/../../../arm-none-eabi/lib/armv7-m/libc.a(lib_a-exit.o)
 .debug_frame   0x0000000000000000       0x28 /usr/lib/gcc/arm-none-eabi/5.4.1/../../../arm-none-eabi/lib/armv7-m/libc.a(lib_a-exit.o)
 .ARM.attributes
                0x0000000000000000       0x2d /usr/lib/gcc/arm-none-eabi/5.4.1/../../../arm-none-eabi/lib/armv7-m/libc.a(lib_a-exit.o)
 .data          0x0000000000000000        0x0 /usr/lib/gcc/arm-none-eabi/5.4.1/../../../arm-none-eabi/lib/armv7-m/libc.a(lib_a-fini.o)
 .bss           0x0000000000000000        0x0 /usr/lib/gcc/arm-none-eabi/5.4.1/../../../arm-none-eabi/lib/armv7-m/libc.a(lib_a-fini.o)
 .text          0x0000000000000000        0x0 /usr/lib/gcc/arm-none-eabi/5.4.1/../../../arm-none-eabi/lib/armv7-m/libc.a(lib_a-impure.o)
 .bss           0x0000000000000000        0x0 /usr/lib/gcc/arm-none-eabi/5.4.1/../../../arm-none-eabi/lib/armv7-m/libc.a(lib_a-impure.o)
 .text          0x0000000000000000       0x50 /usr/lib/gcc/arm-none-eabi/5.4.1/../../../arm-none-eabi/lib/armv7-m/libc.a(lib_a-init.o)
 .data          0x0000000000000000        0x0 /usr/lib/gcc/arm-none-eabi/5.4.1/../../../arm-none-eabi/lib/armv7-m/libc.a(lib_a-init.o)
 .bss           0x0000000000000000        0x0 /usr/lib/gcc/arm-none-eabi/5.4.1/../../../arm-none-eabi/lib/armv7-m/libc.a(lib_a-init.o)
 .debug_info    0x0000000000000000      0x110 /usr/lib/gcc/arm-none-eabi/5.4.1/../../../arm-none-eabi/lib/armv7-m/libc.a(lib_a-init.o)
 .debug_abbrev  0x0000000000000000       0xba /usr/lib/gcc/arm-none-eabi/5.4.1/../../../arm-none-eabi/lib/armv7-m/libc.a(lib_a-init.o)
 .debug_loc     0x0000000000000000       0xae /usr/lib/gcc/arm-none-eabi/5.4.1/../../../arm-none-eabi/lib/armv7-m/libc.a(lib_a-init.o)
 .debug_aranges
                0x0000000000000000       0x20 /usr/lib/gcc/arm-none-eabi/5.4.1/../../../arm-none-eabi/lib/armv7-m/libc.a(lib_a-init.o)
 .debug_line    0x0000000000000000       0xb6 /usr/lib/gcc/arm-none-eabi/5.4.1/../../../arm-none-eabi/lib/armv7-m/libc.a(lib_a-init.o)
 .debug_str     0x0000000000000000      0x1ec /usr/lib/gcc/arm-none-eabi/5.4.1/../../../arm-none-eabi/lib/armv7-m/libc.a(lib_a-init.o)
 .comment       0x0000000000000000       0x2c /usr/lib/gcc/arm-none-eabi/5.4.1/../../../arm-none-eabi/lib/armv7-m/libc.a(lib_a-init.o)
 .debug_frame   0x0000000000000000       0x2c /usr/lib/gcc/arm-none-eabi/5.4.1/../../../arm-none-eabi/lib/armv7-m/libc.a(lib_a-init.o)
 .ARM.attributes
                0x0000000000000000       0x2d /usr/lib/gcc/arm-none-eabi/5.4.1/../../../arm-none-eabi/lib/armv7-m/libc.a(lib_a-init.o)
 .data          0x0000000000000000        0x0 /usr/lib/gcc/arm-none-eabi/5.4.1/../../../arm-none-eabi/lib/armv7-m/libc.a(lib_a-memcpy.o)
 .bss           0x0000000000000000        0x0 /usr/lib/gcc/arm-none-eabi/5.4.1/../../../arm-none-eabi/lib/armv7-m/libc.a(lib_a-memcpy.o)
 .debug_line    0x0000000000000000       0xbb /usr/lib/gcc/arm-none-eabi/5.4.1/../../../arm-none-eabi/lib/armv7-m/libc.a(lib_a-memcpy.o)
 .debug_info    0x0000000000000000       0xc2 /usr/lib/gcc/arm-none-eabi/5.4.1/../../../arm-none-eabi/lib/armv7-m/libc.a(lib_a-memcpy.o)
 .debug_abbrev  0x0000000000000000       0x14 /usr/lib/gcc/arm-none-eabi/5.4.1/../../../arm-none-eabi/lib/armv7-m/libc.a(lib_a-memcpy.o)
 .debug_aranges
                0x0000000000000000       0x20 /usr/lib/gcc/arm-none-eabi/5.4.1/../../../arm-none-eabi/lib/armv7-m/libc.a(lib_a-memcpy.o)
 .ARM.attributes
                0x0000000000000000       0x1b /usr/lib/gcc/arm-none-eabi/5.4.1/../../../arm-none-eabi/lib/armv7-m/libc.a(lib_a-memcpy.o)
 .text          0x0000000000000000       0x9c /usr/lib/gcc/arm-none-eabi/5.4.1/../../../arm-none-eabi/lib/armv7-m/libc.a(lib_a-memset.o)
 .data          0x0000000000000000        0x0 /usr/lib/gcc/arm-none-eabi/5.4.1/../../../arm-none-eabi/lib/armv7-m/libc.a(lib_a-memset.o)
 .bss           0x0000000000000000        0x0 /usr/lib/gcc/arm-none-eabi/5.4.1/../../../arm-none-eabi/lib/armv7-m/libc.a(lib_a-memset.o)
 .debug_info    0x0000000000000000      0x11e /usr/lib/gcc/arm-none-eabi/5.4.1/../../../arm-none-eabi/lib/armv7-m/libc.a(lib_a-memset.o)
 .debug_abbrev  0x0000000000000000       0x9f /usr/lib/gcc/arm-none-eabi/5.4.1/../../../arm-none-eabi/lib/armv7-m/libc.a(lib_a-memset.o)
 .debug_loc     0x0000000000000000      0x1ae /usr/lib/gcc/arm-none-eabi/5.4.1/../../../arm-none-eabi/lib/armv7-m/libc.a(lib_a-memset.o)
 .debug_aranges
                0x0000000000000000       0x20 /usr/lib/gcc/arm-none-eabi/5.4.1/../../../arm-none-eabi/lib/armv7-m/libc.a(lib_a-memset.o)
 .debug_line    0x0000000000000000      0x10e /usr/lib/gcc/arm-none-eabi/5.4.1/../../../arm-none-eabi/lib/armv7-m/libc.a(lib_a-memset.o)
 .debug_str     0x0000000000000000      0x1a1 /usr/lib/gcc/arm-none-eabi/5.4.1/../../../arm-none-eabi/lib/armv7-m/libc.a(lib_a-memset.o)
 .comment       0x0000000000000000       0x2c /usr/lib/gcc/arm-none-eabi/5.4.1/../../../arm-none-eabi/lib/armv7-m/libc.a(lib_a-memset.o)
 .debug_frame   0x0000000000000000       0x34 /usr/lib/gcc/arm-none-eabi/5.4.1/../../../arm-none-eabi/lib/armv7-m/libc.a(lib_a-memset.o)
 .ARM.attributes
                0x0000000000000000       0x2d /usr/lib/gcc/arm-none-eabi/5.4.1/../../../arm-none-eabi/lib/armv7-m/libc.a(lib_a-memset.o)
 .data          0x0000000000000000        0x0 /usr/lib/gcc/arm-none-eabi/5.4.1/../../../arm-none-eabi/lib/armv7-m/libc.a(lib_a-signal.o)
 .bss           0x0000000000000000        0x0 /usr/lib/gcc/arm-none-eabi/5.4.1/../../../arm-none-eabi/lib/armv7-m/libc.a(lib_a-signal.o)
 .debug_info    0x0000000000000000      0xb87 /usr/lib/gcc/arm-none-eabi/5.4.1/../../../arm-none-eabi/lib/armv7-m/libc.a(lib_a-signal.o)
 .debug_abbrev  0x0000000000000000      0x2d1 /usr/lib/gcc/arm-none-eabi/5.4.1/../../../arm-none-eabi/lib/armv7-m/libc.a(lib_a-signal.o)
 .debug_loc     0x0000000000000000      0x436 /usr/lib/gcc/arm-none-eabi/5.4.1/../../../arm-none-eabi/lib/armv7-m/libc.a(lib_a-signal.o)
 .debug_aranges
                0x0000000000000000       0x20 /usr/lib/gcc/arm-none-eabi/5.4.1/../../../arm-none-eabi/lib/armv7-m/libc.a(lib_a-signal.o)
 .debug_ranges  0x0000000000000000       0x18 /usr/lib/gcc/arm-none-eabi/5.4.1/../../../arm-none-eabi/lib/armv7-m/libc.a(lib_a-signal.o)
 .debug_line    0x0000000000000000      0x1d5 /usr/lib/gcc/arm-none-eabi/5.4.1/../../../arm-none-eabi/lib/armv7-m/libc.a(lib_a-signal.o)
 .debug_str     0x0000000000000000      0x5cd /usr/lib/gcc/arm-none-eabi/5.4.1/../../../arm-none-eabi/lib/armv7-m/libc.a(lib_a-signal.o)
 .comment       0x0000000000000000       0x2c /usr/lib/gcc/arm-none-eabi/5.4.1/../../../arm-none-eabi/lib/armv7-m/libc.a(lib_a-signal.o)
 .debug_frame   0x0000000000000000       0xe4 /usr/lib/gcc/arm-none-eabi/5.4.1/../../../arm-none-eabi/lib/armv7-m/libc.a(lib_a-signal.o)
 .ARM.attributes
                0x0000000000000000       0x2d /usr/lib/gcc/arm-none-eabi/5.4.1/../../../arm-none-eabi/lib/armv7-m/libc.a(lib_a-signal.o)
 .data          0x0000000000000000        0x0 /usr/lib/gcc/arm-none-eabi/5.4.1/../../../arm-none-eabi/lib/armv7-m/libc.a(lib_a-signalr.o)
 .bss           0x0000000000000000        0x0 /usr/lib/gcc/arm-none-eabi/5.4.1/../../../arm-none-eabi/lib/armv7-m/libc.a(lib_a-signalr.o)
 .debug_info    0x0000000000000000      0x95b /usr/lib/gcc/arm-none-eabi/5.4.1/../../../arm-none-eabi/lib/armv7-m/libc.a(lib_a-signalr.o)
 .debug_abbrev  0x0000000000000000      0x211 /usr/lib/gcc/arm-none-eabi/5.4.1/../../../arm-none-eabi/lib/armv7-m/libc.a(lib_a-signalr.o)
 .debug_loc     0x0000000000000000       0xa5 /usr/lib/gcc/arm-none-eabi/5.4.1/../../../arm-none-eabi/lib/armv7-m/libc.a(lib_a-signalr.o)
 .debug_aranges
                0x0000000000000000       0x20 /usr/lib/gcc/arm-none-eabi/5.4.1/../../../arm-none-eabi/lib/armv7-m/libc.a(lib_a-signalr.o)
 .debug_ranges  0x0000000000000000       0x20 /usr/lib/gcc/arm-none-eabi/5.4.1/../../../arm-none-eabi/lib/armv7-m/libc.a(lib_a-signalr.o)
 .debug_line    0x0000000000000000      0x152 /usr/lib/gcc/arm-none-eabi/5.4.1/../../../arm-none-eabi/lib/armv7-m/libc.a(lib_a-signalr.o)
 .debug_str     0x0000000000000000      0x55a /usr/lib/gcc/arm-none-eabi/5.4.1/../../../arm-none-eabi/lib/armv7-m/libc.a(lib_a-signalr.o)
 .comment       0x0000000000000000       0x2c /usr/lib/gcc/arm-none-eabi/5.4.1/../../../arm-none-eabi/lib/armv7-m/libc.a(lib_a-signalr.o)
 .debug_frame   0x0000000000000000       0x3c /usr/lib/gcc/arm-none-eabi/5.4.1/../../../arm-none-eabi/lib/armv7-m/libc.a(lib_a-signalr.o)
 .ARM.attributes
                0x0000000000000000       0x2d /usr/lib/gcc/arm-none-eabi/5.4.1/../../../arm-none-eabi/lib/armv7-m/libc.a(lib_a-signalr.o)
 .data          0x0000000000000000        0x0 /usr/lib/gcc/arm-none-eabi/5.4.1/../../../arm-none-eabi/lib/armv7-m/libc.a(lib_a-__atexit.o)
 .bss           0x0000000000000000        0x0 /usr/lib/gcc/arm-none-eabi/5.4.1/../../../arm-none-eabi/lib/armv7-m/libc.a(lib_a-__atexit.o)
 .text          0x0000000000000000       0xd8 /usr/lib/gcc/arm-none-eabi/5.4.1/../../../arm-none-eabi/lib/armv7-m/libc.a(lib_a-__call_atexit.o)
 .data          0x0000000000000000        0x0 /usr/lib/gcc/arm-none-eabi/5.4.1/../../../arm-none-eabi/lib/armv7-m/libc.a(lib_a-__call_atexit.o)
 .bss           0x0000000000000000        0x0 /usr/lib/gcc/arm-none-eabi/5.4.1/../../../arm-none-eabi/lib/armv7-m/libc.a(lib_a-__call_atexit.o)
 .debug_info    0x0000000000000000      0xd4d /usr/lib/gcc/arm-none-eabi/5.4.1/../../../arm-none-eabi/lib/armv7-m/libc.a(lib_a-mallocr.o)
 .debug_abbrev  0x0000000000000000      0x29d /usr/lib/gcc/arm-none-eabi/5.4.1/../../../arm-none-eabi/lib/armv7-m/libc.a(lib_a-mallocr.o)
 .debug_loc     0x0000000000000000      0xc88 /usr/lib/gcc/arm-none-eabi/5.4.1/../../../arm-none-eabi/lib/armv7-m/libc.a(lib_a-mallocr.o)
 .debug_aranges
                0x0000000000000000       0x20 /usr/lib/gcc/arm-none-eabi/5.4.1/../../../arm-none-eabi/lib/armv7-m/libc.a(lib_a-mallocr.o)
 .debug_ranges  0x0000000000000000       0x40 /usr/lib/gcc/arm-none-eabi/5.4.1/../../../arm-none-eabi/lib/armv7-m/libc.a(lib_a-mallocr.o)
 .debug_line    0x0000000000000000      0x36c /usr/lib/gcc/arm-none-eabi/5.4.1/../../../arm-none-eabi/lib/armv7-m/libc.a(lib_a-mallocr.o)
 .debug_str     0x0000000000000000      0x763 /usr/lib/gcc/arm-none-eabi/5.4.1/../../../arm-none-eabi/lib/armv7-m/libc.a(lib_a-mallocr.o)
 .comment       0x0000000000000000       0x2c /usr/lib/gcc/arm-none-eabi/5.4.1/../../../arm-none-eabi/lib/armv7-m/libc.a(lib_a-mallocr.o)
 .debug_frame   0x0000000000000000       0x54 /usr/lib/gcc/arm-none-eabi/5.4.1/../../../arm-none-eabi/lib/armv7-m/libc.a(lib_a-mallocr.o)
 .ARM.attributes
                0x0000000000000000       0x2d /usr/lib/gcc/arm-none-eabi/5.4.1/../../../arm-none-eabi/lib/armv7-m/libc.a(lib_a-mallocr.o)
 .data          0x0000000000000000        0x0 /usr/lib/gcc/arm-none-eabi/5.4.1/../../../arm-none-eabi/lib/armv7-m/libc.a(lib_a-mlock.o)
 .bss           0x0000000000000000        0x0 /usr/lib/gcc/arm-none-eabi/5.4.1/../../../arm-none-eabi/lib/armv7-m/libc.a(lib_a-mlock.o)
 .debug_info    0x0000000000000000      0x8a8 /usr/lib/gcc/arm-none-eabi/5.4.1/../../../arm-none-eabi/lib/armv7-m/libc.a(lib_a-mlock.o)
 .debug_abbrev  0x0000000000000000      0x1ac /usr/lib/gcc/arm-none-eabi/5.4.1/../../../arm-none-eabi/lib/armv7-m/libc.a(lib_a-mlock.o)
 .debug_aranges
                0x0000000000000000       0x20 /usr/lib/gcc/arm-none-eabi/5.4.1/../../../arm-none-eabi/lib/armv7-m/libc.a(lib_a-mlock.o)
 .debug_line    0x0000000000000000       0xf5 /usr/lib/gcc/arm-none-eabi/5.4.1/../../../arm-none-eabi/lib/armv7-m/libc.a(lib_a-mlock.o)
 .debug_str     0x0000000000000000      0x559 /usr/lib/gcc/arm-none-eabi/5.4.1/../../../arm-none-eabi/lib/armv7-m/libc.a(lib_a-mlock.o)
 .comment       0x0000000000000000       0x2c /usr/lib/gcc/arm-none-eabi/5.4.1/../../../arm-none-eabi/lib/armv7-m/libc.a(lib_a-mlock.o)
 .debug_frame   0x0000000000000000       0x30 /usr/lib/gcc/arm-none-eabi/5.4.1/../../../arm-none-eabi/lib/armv7-m/libc.a(lib_a-mlock.o)
 .ARM.attributes
                0x0000000000000000       0x2d /usr/lib/gcc/arm-none-eabi/5.4.1/../../../arm-none-eabi/lib/armv7-m/libc.a(lib_a-mlock.o)
 .text          0x0000000000000000       0xa4 /usr/lib/gcc/arm-none-eabi/5.4.1/../../../arm-none-eabi/lib/armv7-m/libc.a(lib_a-reent.o)
 .data          0x0000000000000000        0x0 /usr/lib/gcc/arm-none-eabi/5.4.1/../../../arm-none-eabi/lib/armv7-m/libc.a(lib_a-reent.o)
 .bss           0x0000000000000000        0x0 /usr/lib/gcc/arm-none-eabi/5.4.1/../../../arm-none-eabi/lib/armv7-m/libc.a(lib_a-reent.o)
 .debug_info    0x0000000000000000      0x9fc /usr/lib/gcc/arm-none-eabi/5.4.1/../../../arm-none-eabi/lib/armv7-m/libc.a(lib_a-reent.o)
 .debug_abbrev  0x0000000000000000      0x25c /usr/lib/gcc/arm-none-eabi/5.4.1/../../../arm-none-eabi/lib/armv7-m/libc.a(lib_a-reent.o)
 .debug_loc     0x0000000000000000      0x11d /usr/lib/gcc/arm-none-eabi/5.4.1/../../../arm-none-eabi/lib/armv7-m/libc.a(lib_a-reent.o)
 .debug_aranges
                0x0000000000000000       0x20 /usr/lib/gcc/arm-none-eabi/5.4.1/../../../arm-none-eabi/lib/armv7-m/libc.a(lib_a-reent.o)
 .debug_line    0x0000000000000000      0x176 /usr/lib/gcc/arm-none-eabi/5.4.1/../../../arm-none-eabi/lib/armv7-m/libc.a(lib_a-reent.o)
 .debug_str     0x0000000000000000      0x57d /usr/lib/gcc/arm-none-eabi/5.4.1/../../../arm-none-eabi/lib/armv7-m/libc.a(lib_a-reent.o)
 .comment       0x0000000000000000       0x2c /usr/lib/gcc/arm-none-eabi/5.4.1/../../../arm-none-eabi/lib/armv7-m/libc.a(lib_a-reent.o)
 .debug_frame   0x0000000000000000       0x58 /usr/lib/gcc/arm-none-eabi/5.4.1/../../../arm-none-eabi/lib/armv7-m/libc.a(lib_a-reent.o)
 .ARM.attributes
                0x0000000000000000       0x2d /usr/lib/gcc/arm-none-eabi/5.4.1/../../../arm-none-eabi/lib/armv7-m/libc.a(lib_a-reent.o)
 .data          0x0000000000000000        0x0 /usr/lib/gcc/arm-none-eabi/5.4.1/../../../arm-none-eabi/lib/armv7-m/libc.a(lib_a-sbrkr.o)
 .bss           0x0000000000000000        0x0 /usr/lib/gcc/arm-none-eabi/5.4.1/../../../arm-none-eabi/lib/armv7-m/libc.a(lib_a-sbrkr.o)
 .debug_info    0x0000000000000000      0x8f5 /usr/lib/gcc/arm-none-eabi/5.4.1/../../../arm-none-eabi/lib/armv7-m/libc.a(lib_a-sbrkr.o)
 .debug_abbrev  0x0000000000000000      0x1fb /usr/lib/gcc/arm-none-eabi/5.4.1/../../../arm-none-eabi/lib/armv7-m/libc.a(lib_a-sbrkr.o)
 .debug_loc     0x0000000000000000       0x4d /usr/lib/gcc/arm-none-eabi/5.4.1/../../../arm-none-eabi/lib/armv7-m/libc.a(lib_a-sbrkr.o)
 .debug_aranges
                0x0000000000000000       0x20 /usr/lib/gcc/arm-none-eabi/5.4.1/../../../arm-none-eabi/lib/armv7-m/libc.a(lib_a-sbrkr.o)
 .debug_line    0x0000000000000000      0x14b /usr/lib/gcc/arm-none-eabi/5.4.1/../../../arm-none-eabi/lib/armv7-m/libc.a(lib_a-sbrkr.o)
 .debug_str     0x0000000000000000      0x555 /usr/lib/gcc/arm-none-eabi/5.4.1/../../../arm-none-eabi/lib/armv7-m/libc.a(lib_a-sbrkr.o)
 .comment       0x0000000000000000       0x2c /usr/lib/gcc/arm-none-eabi/5.4.1/../../../arm-none-eabi/lib/armv7-m/libc.a(lib_a-sbrkr.o)
 .debug_frame   0x0000000000000000       0x2c /usr/lib/gcc/arm-none-eabi/5.4.1/../../../arm-none-eabi/lib/armv7-m/libc.a(lib_a-sbrkr.o)
 .ARM.attributes
                0x0000000000000000       0x2d /usr/lib/gcc/arm-none-eabi/5.4.1/../../../arm-none-eabi/lib/armv7-m/libc.a(lib_a-sbrkr.o)
 .data          0x0000000000000000        0x0 /usr/lib/gcc/arm-none-eabi/5.4.1/../../../arm-none-eabi/lib/armv7-m/libc.a(lib_a-freer.o)
 .bss           0x0000000000000000        0x0 /usr/lib/gcc/arm-none-eabi/5.4.1/../../../arm-none-eabi/lib/armv7-m/libc.a(lib_a-freer.o)
 .debug_info    0x0000000000000000      0xc01 /usr/lib/gcc/arm-none-eabi/5.4.1/../../../arm-none-eabi/lib/armv7-m/libc.a(lib_a-freer.o)
 .debug_abbrev  0x0000000000000000      0x264 /usr/lib/gcc/arm-none-eabi/5.4.1/../../../arm-none-eabi/lib/armv7-m/libc.a(lib_a-freer.o)
 .debug_loc     0x0000000000000000      0x535 /usr/lib/gcc/arm-none-eabi/5.4.1/../../../arm-none-eabi/lib/armv7-m/libc.a(lib_a-freer.o)
 .debug_aranges
                0x0000000000000000       0x20 /usr/lib/gcc/arm-none-eabi/5.4.1/../../../arm-none-eabi/lib/armv7-m/libc.a(lib_a-freer.o)
 .debug_line    0x0000000000000000      0x24b /usr/lib/gcc/arm-none-eabi/5.4.1/../../../arm-none-eabi/lib/armv7-m/libc.a(lib_a-freer.o)
 .debug_str     0x0000000000000000      0x6ad /usr/lib/gcc/arm-none-eabi/5.4.1/../../../arm-none-eabi/lib/armv7-m/libc.a(lib_a-freer.o)
 .comment       0x0000000000000000       0x2c /usr/lib/gcc/arm-none-eabi/5.4.1/../../../arm-none-eabi/lib/armv7-m/libc.a(lib_a-freer.o)
 .debug_frame   0x0000000000000000       0x74 /usr/lib/gcc/arm-none-eabi/5.4.1/../../../arm-none-eabi/lib/armv7-m/libc.a(lib_a-freer.o)
 .ARM.attributes
                0x0000000000000000       0x2d /usr/lib/gcc/arm-none-eabi/5.4.1/../../../arm-none-eabi/lib/armv7-m/libc.a(lib_a-freer.o)
 .data          0x0000000000000000        0x0 /usr/lib/gcc/arm-none-eabi/5.4.1/../../../arm-none-eabi/lib/armv7-m/libnosys.a(getpid.o)
 .bss           0x0000000000000000        0x0 /usr/lib/gcc/arm-none-eabi/5.4.1/../../../arm-none-eabi/lib/armv7-m/libnosys.a(getpid.o)
 .stab          0x0000000000000000       0x24 /usr/lib/gcc/arm-none-eabi/5.4.1/../../../arm-none-eabi/lib/armv7-m/libnosys.a(getpid.o)
 .debug_info    0x0000000000000000       0xa1 /usr/lib/gcc/arm-none-eabi/5.4.1/../../../arm-none-eabi/lib/armv7-m/libnosys.a(getpid.o)
 .debug_abbrev  0x0000000000000000       0x55 /usr/lib/gcc/arm-none-eabi/5.4.1/../../../arm-none-eabi/lib/armv7-m/libnosys.a(getpid.o)
 .debug_aranges
                0x0000000000000000       0x20 /usr/lib/gcc/arm-none-eabi/5.4.1/../../../arm-none-eabi/lib/armv7-m/libnosys.a(getpid.o)
 .debug_line    0x0000000000000000       0x5b /usr/lib/gcc/arm-none-eabi/5.4.1/../../../arm-none-eabi/lib/armv7-m/libnosys.a(getpid.o)
 .debug_str     0x0000000000000000      0x16f /usr/lib/gcc/arm-none-eabi/5.4.1/../../../arm-none-eabi/lib/armv7-m/libnosys.a(getpid.o)
 .comment       0x0000000000000000       0x2c /usr/lib/gcc/arm-none-eabi/5.4.1/../../../arm-none-eabi/lib/armv7-m/libnosys.a(getpid.o)
 .debug_frame   0x0000000000000000       0x20 /usr/lib/gcc/arm-none-eabi/5.4.1/../../../arm-none-eabi/lib/armv7-m/libnosys.a(getpid.o)
 .ARM.attributes
                0x0000000000000000       0x2d /usr/lib/gcc/arm-none-eabi/5.4.1/../../../arm-none-eabi/lib/armv7-m/libnosys.a(getpid.o)
 .data          0x0000000000000000        0x0 /usr/lib/gcc/arm-none-eabi/5.4.1/../../../arm-none-eabi/lib/armv7-m/libnosys.a(kill.o)
 .bss           0x0000000000000000        0x0 /usr/lib/gcc/arm-none-eabi/5.4.1/../../../arm-none-eabi/lib/armv7-m/libnosys.a(kill.o)
 .stab          0x0000000000000000       0x18 /usr/lib/gcc/arm-none-eabi/5.4.1/../../../arm-none-eabi/lib/armv7-m/libnosys.a(kill.o)
                                         0x24 (size before relaxing)
 .debug_info    0x0000000000000000       0xc2 /usr/lib/gcc/arm-none-eabi/5.4.1/../../../arm-none-eabi/lib/armv7-m/libnosys.a(kill.o)
 .debug_abbrev  0x0000000000000000       0x75 /usr/lib/gcc/arm-none-eabi/5.4.1/../../../arm-none-eabi/lib/armv7-m/libnosys.a(kill.o)
 .debug_loc     0x0000000000000000       0x21 /usr/lib/gcc/arm-none-eabi/5.4.1/../../../arm-none-eabi/lib/armv7-m/libnosys.a(kill.o)
 .debug_aranges
                0x0000000000000000       0x20 /usr/lib/gcc/arm-none-eabi/5.4.1/../../../arm-none-eabi/lib/armv7-m/libnosys.a(kill.o)
 .debug_line    0x0000000000000000       0x59 /usr/lib/gcc/arm-none-eabi/5.4.1/../../../arm-none-eabi/lib/armv7-m/libnosys.a(kill.o)
 .debug_str     0x0000000000000000      0x16b /usr/lib/gcc/arm-none-eabi/5.4.1/../../../arm-none-eabi/lib/armv7-m/libnosys.a(kill.o)
 .comment       0x0000000000000000       0x2c /usr/lib/gcc/arm-none-eabi/5.4.1/../../../arm-none-eabi/lib/armv7-m/libnosys.a(kill.o)
 .debug_frame   0x0000000000000000       0x20 /usr/lib/gcc/arm-none-eabi/5.4.1/../../../arm-none-eabi/lib/armv7-m/libnosys.a(kill.o)
 .ARM.attributes
                0x0000000000000000       0x2d /usr/lib/gcc/arm-none-eabi/5.4.1/../../../arm-none-eabi/lib/armv7-m/libnosys.a(kill.o)
 .data          0x0000000000000000        0x0 /usr/lib/gcc/arm-none-eabi/5.4.1/../../../arm-none-eabi/lib/armv7-m/libnosys.a(sbrk.o)
 .debug_info    0x0000000000000000       0x9d /usr/lib/gcc/arm-none-eabi/5.4.1/../../../arm-none-eabi/lib/armv7-m/libnosys.a(sbrk.o)
 .debug_abbrev  0x0000000000000000       0x83 /usr/lib/gcc/arm-none-eabi/5.4.1/../../../arm-none-eabi/lib/armv7-m/libnosys.a(sbrk.o)
 .debug_loc     0x0000000000000000       0x21 /usr/lib/gcc/arm-none-eabi/5.4.1/../../../arm-none-eabi/lib/armv7-m/libnosys.a(sbrk.o)
 .debug_aranges
                0x0000000000000000       0x20 /usr/lib/gcc/arm-none-eabi/5.4.1/../../../arm-none-eabi/lib/armv7-m/libnosys.a(sbrk.o)
 .debug_line    0x0000000000000000       0x58 /usr/lib/gcc/arm-none-eabi/5.4.1/../../../arm-none-eabi/lib/armv7-m/libnosys.a(sbrk.o)
 .debug_str     0x0000000000000000       0xe8 /usr/lib/gcc/arm-none-eabi/5.4.1/../../../arm-none-eabi/lib/armv7-m/libnosys.a(sbrk.o)
 .comment       0x0000000000000000       0x2c /usr/lib/gcc/arm-none-eabi/5.4.1/../../../arm-none-eabi/lib/armv7-m/libnosys.a(sbrk.o)
 .debug_frame   0x0000000000000000       0x20 /usr/lib/gcc/arm-none-eabi/5.4.1/../../../arm-none-eabi/lib/armv7-m/libnosys.a(sbrk.o)
 .ARM.attributes
                0x0000000000000000       0x2d /usr/lib/gcc/arm-none-eabi/5.4.1/../../../arm-none-eabi/lib/armv7-m/libnosys.a(sbrk.o)
 .data          0x0000000000000000        0x0 /usr/lib/gcc/arm-none-eabi/5.4.1/../../../arm-none-eabi/lib/armv7-m/libnosys.a(_exit.o)
 .bss           0x0000000000000000        0x0 /usr/lib/gcc/arm-none-eabi/5.4.1/../../../arm-none-eabi/lib/armv7-m/libnosys.a(_exit.o)
 .debug_info    0x0000000000000000       0x9a /usr/lib/gcc/arm-none-eabi/5.4.1/../../../arm-none-eabi/lib/armv7-m/libnosys.a(_exit.o)
 .debug_abbrev  0x0000000000000000       0x61 /usr/lib/gcc/arm-none-eabi/5.4.1/../../../arm-none-eabi/lib/armv7-m/libnosys.a(_exit.o)
 .debug_aranges
                0x0000000000000000       0x20 /usr/lib/gcc/arm-none-eabi/5.4.1/../../../arm-none-eabi/lib/armv7-m/libnosys.a(_exit.o)
 .debug_line    0x0000000000000000       0x58 /usr/lib/gcc/arm-none-eabi/5.4.1/../../../arm-none-eabi/lib/armv7-m/libnosys.a(_exit.o)
 .debug_str     0x0000000000000000      0x158 /usr/lib/gcc/arm-none-eabi/5.4.1/../../../arm-none-eabi/lib/armv7-m/libnosys.a(_exit.o)
 .comment       0x0000000000000000       0x2c /usr/lib/gcc/arm-none-eabi/5.4.1/../../../arm-none-eabi/lib/armv7-m/libnosys.a(_exit.o)
 .debug_frame   0x0000000000000000       0x20 /usr/lib/gcc/arm-none-eabi/5.4.1/../../../arm-none-eabi/lib/armv7-m/libnosys.a(_exit.o)
 .ARM.attributes
                0x0000000000000000       0x2d /usr/lib/gcc/arm-none-eabi/5.4.1/../../../arm-none-eabi/lib/armv7-m/libnosys.a(_exit.o)
 .text          0x0000000000000000        0x0 /usr/lib/gcc/arm-none-eabi/5.4.1/armv7-m/crtend.o
 .data          0x0000000000000000        0x0 /usr/lib/gcc/arm-none-eabi/5.4.1/armv7-m/crtend.o
 .bss           0x0000000000000000        0x0 /usr/lib/gcc/arm-none-eabi/5.4.1/armv7-m/crtend.o
 .eh_frame      0x0000000000000000        0x4 /usr/lib/gcc/arm-none-eabi/5.4.1/armv7-m/crtend.o
 .jcr           0x0000000000000000        0x4 /usr/lib/gcc/arm-none-eabi/5.4.1/armv7-m/crtend.o
 .text          0x0000000000000000        0x0 /usr/lib/gcc/arm-none-eabi/5.4.1/armv7-m/crtn.o
 .data          0x0000000000000000        0x0 /usr/lib/gcc/arm-none-eabi/5.4.1/armv7-m/crtn.o
 .bss           0x0000000000000000        0x0 /usr/lib/gcc/arm-none-eabi/5.4.1/armv7-m/crtn.o

Memory Configuration

Name             Origin             Length             Attributes
FLASH            0x0000000008000000 0x0000000000010000 xr
RAM              0x0000000020000000 0x0000000000002000 xrw
MEMORY_B1        0x0000000060000000 0x0000000000000000 xr
*default*        0x0000000000000000 0xffffffffffffffff

Linker script and memory map

LOAD /usr/lib/gcc/arm-none-eabi/5.4.1/armv7-m/crti.o
LOAD /usr/lib/gcc/arm-none-eabi/5.4.1/armv7-m/crtbegin.o
LOAD /usr/lib/gcc/arm-none-eabi/5.4.1/../../../arm-none-eabi/lib/armv7-m/crt0.o
LOAD src/main.o
LOAD src/stm32f10x_it.o
LOAD src/system.o
LOAD src/startup.o
LOAD src/gpio.o
LOAD /usr/lib/gcc/arm-none-eabi/5.4.1/../../../arm-none-eabi/lib/armv7-m/libstdc++.a
LOAD /usr/lib/gcc/arm-none-eabi/5.4.1/../../../arm-none-eabi/lib/armv7-m/libm.a
START GROUP
LOAD /usr/lib/gcc/arm-none-eabi/5.4.1/armv7-m/libgcc.a
LOAD /usr/lib/gcc/arm-none-eabi/5.4.1/../../../arm-none-eabi/lib/armv7-m/libc.a
END GROUP
START GROUP
LOAD /usr/lib/gcc/arm-none-eabi/5.4.1/armv7-m/libgcc.a
LOAD /usr/lib/gcc/arm-none-eabi/5.4.1/../../../arm-none-eabi/lib/armv7-m/libc.a
LOAD /usr/lib/gcc/arm-none-eabi/5.4.1/../../../arm-none-eabi/lib/armv7-m/libnosys.a
END GROUP
LOAD /usr/lib/gcc/arm-none-eabi/5.4.1/armv7-m/crtend.o
LOAD /usr/lib/gcc/arm-none-eabi/5.4.1/armv7-m/crtn.o
                0x0000000020002000                _estack = 0x20002000
                0x0000000000000000                _Min_Heap_Size = 0x0
                0x0000000000000100                _Min_Stack_Size = 0x100

.isr_vector     0x0000000008000000      0x124
                0x0000000008000000                . = ALIGN (0x4)
 *(.isr_vector)
 .isr_vector    0x0000000008000000      0x124 src/startup.o
                0x0000000008000124                . = ALIGN (0x4)

.text           0x0000000008000124     0x1e44
                0x0000000008000124                . = ALIGN (0x4)
 *(.text)
 .text          0x0000000008000124       0xa4 /usr/lib/gcc/arm-none-eabi/5.4.1/armv7-m/crtbegin.o
 .text          0x00000000080001c8       0x10 src/main.o
                0x00000000080001c8                main
 .text          0x00000000080001d8      0x28c src/system.o
                0x00000000080001d8                SystemInit
                0x0000000008000240                SystemCoreClockUpdate
 .text          0x0000000008000464       0x68 src/startup.o
                0x0000000008000464                Reset_Handler
                0x0000000008000464                Default_Reset_Handler
                0x00000000080004bc                EXTI2_IRQHandler
                0x00000000080004bc                DebugMon_Handler
                0x00000000080004bc                TIM1_CC_IRQHandler
                0x00000000080004bc                HardFault_Handler
                0x00000000080004bc                SysTick_Handler
                0x00000000080004bc                PVD_IRQHandler
                0x00000000080004bc                PendSV_Handler
                0x00000000080004bc                NMI_Handler
                0x00000000080004bc                EXTI3_IRQHandler
                0x00000000080004bc                EXTI0_IRQHandler
                0x00000000080004bc                I2C2_EV_IRQHandler
                0x00000000080004bc                TIM1_UP_TIM16_IRQHandler
                0x00000000080004bc                UsageFault_Handler
                0x00000000080004bc                SPI1_IRQHandler
                0x00000000080004bc                TAMPER_IRQHandler
                0x00000000080004bc                TIM6_DAC_IRQHandler
                0x00000000080004bc                DMA1_Channel4_IRQHandler
                0x00000000080004bc                ADC1_IRQHandler
                0x00000000080004bc                USART3_IRQHandler
                0x00000000080004bc                RTC_IRQHandler
                0x00000000080004bc                DMA1_Channel7_IRQHandler
                0x00000000080004bc                TIM4_IRQHandler
                0x00000000080004bc                I2C1_EV_IRQHandler
                0x00000000080004bc                DMA1_Channel6_IRQHandler
                0x00000000080004bc                TIM3_IRQHandler
                0x00000000080004bc                RCC_IRQHandler
                0x00000000080004bc                DMA1_Channel1_IRQHandler
                0x00000000080004bc                CEC_IRQHandler
                0x00000000080004bc                EXTI15_10_IRQHandler
                0x00000000080004bc                TIM7_IRQHandler
                0x00000000080004bc                EXTI9_5_IRQHandler
                0x00000000080004bc                SPI2_IRQHandler
                0x00000000080004bc                MemManage_Handler
                0x00000000080004bc                SVC_Handler
                0x00000000080004bc                DMA1_Channel5_IRQHandler
                0x00000000080004bc                EXTI4_IRQHandler
                0x00000000080004bc                TIM1_TRG_COM_TIM17_IRQHandler
                0x00000000080004bc                DMA1_Channel3_IRQHandler
                0x00000000080004bc                WWDG_IRQHandler
                0x00000000080004bc                TIM2_IRQHandler
                0x00000000080004bc                EXTI1_IRQHandler
                0x00000000080004bc                RTCAlarm_IRQHandler
                0x00000000080004bc                USART2_IRQHandler
                0x00000000080004bc                I2C2_ER_IRQHandler
                0x00000000080004bc                DMA1_Channel2_IRQHandler
                0x00000000080004bc                FLASH_IRQHandler
                0x00000000080004bc                BusFault_Handler
                0x00000000080004bc                USART1_IRQHandler
                0x00000000080004bc                I2C1_ER_IRQHandler
                0x00000000080004bc                TIM1_BRK_TIM15_IRQHandler
 .text          0x00000000080004cc      0x9e4 /usr/lib/gcc/arm-none-eabi/5.4.1/armv7-m/libgcc.a(unwind-arm.o)
                0x000000000800078c                _Unwind_GetCFA
                0x0000000008000790                __gnu_Unwind_RaiseException
                0x00000000080007f0                __gnu_Unwind_ForcedUnwind
                0x0000000008000804                __gnu_Unwind_Resume
                0x0000000008000848                __gnu_Unwind_Resume_or_Rethrow
                0x000000000800085c                _Unwind_Complete
                0x0000000008000860                _Unwind_DeleteException
                0x000000000800086c                _Unwind_VRS_Get
                0x00000000080008b8                _Unwind_VRS_Set
                0x0000000008000908                __gnu_Unwind_Backtrace
                0x0000000008000c54                __aeabi_unwind_cpp_pr0
                0x0000000008000c58                __aeabi_unwind_cpp_pr1
                0x0000000008000c5c                __aeabi_unwind_cpp_pr2
                0x0000000008000c60                _Unwind_VRS_Pop
 .text          0x0000000008000eb0      0x1ac /usr/lib/gcc/arm-none-eabi/5.4.1/armv7-m/libgcc.a(libunwind.o)
                0x0000000008000eb0                __restore_core_regs
                0x0000000008000eb0                restore_core_regs
                0x0000000008000ec8                __gnu_Unwind_Restore_VFP
                0x0000000008000ed0                __gnu_Unwind_Save_VFP
                0x0000000008000ed8                __gnu_Unwind_Restore_VFP_D
                0x0000000008000ee0                __gnu_Unwind_Save_VFP_D
                0x0000000008000ee8                __gnu_Unwind_Restore_VFP_D_16_to_31
                0x0000000008000ef0                __gnu_Unwind_Save_VFP_D_16_to_31
                0x0000000008000ef8                __gnu_Unwind_Restore_WMMXD
                0x0000000008000f3c                __gnu_Unwind_Save_WMMXD
                0x0000000008000f80                __gnu_Unwind_Restore_WMMXC
                0x0000000008000f94                __gnu_Unwind_Save_WMMXC
                0x0000000008000fa8                ___Unwind_RaiseException
                0x0000000008000fa8                _Unwind_RaiseException
                0x0000000008000fcc                ___Unwind_Resume
                0x0000000008000fcc                _Unwind_Resume
                0x0000000008000ff0                _Unwind_Resume_or_Rethrow
                0x0000000008000ff0                ___Unwind_Resume_or_Rethrow
                0x0000000008001014                ___Unwind_ForcedUnwind
                0x0000000008001014                _Unwind_ForcedUnwind
                0x0000000008001038                _Unwind_Backtrace
                0x0000000008001038                ___Unwind_Backtrace
 .text          0x000000000800105c      0x354 /usr/lib/gcc/arm-none-eabi/5.4.1/armv7-m/libgcc.a(pr-support.o)
                0x00000000080010b4                __gnu_unwind_execute
                0x0000000008001358                __gnu_unwind_frame
                0x0000000008001380                _Unwind_GetRegionStart
                0x000000000800138c                _Unwind_GetLanguageSpecificData
                0x00000000080013a0                _Unwind_GetTextRelBase
                0x00000000080013a8                _Unwind_GetDataRelBase
 .text          0x00000000080013b0       0x10 /usr/lib/gcc/arm-none-eabi/5.4.1/../../../arm-none-eabi/lib/armv7-m/libc.a(lib_a-abort.o)
                0x00000000080013b0                abort
 .text          0x00000000080013c0        0xc /usr/lib/gcc/arm-none-eabi/5.4.1/../../../arm-none-eabi/lib/armv7-m/libc.a(lib_a-atexit.o)
                0x00000000080013c0                atexit
 .text          0x00000000080013cc       0x28 /usr/lib/gcc/arm-none-eabi/5.4.1/../../../arm-none-eabi/lib/armv7-m/libc.a(lib_a-fini.o)
                0x00000000080013cc                __libc_fini_array
 .text          0x00000000080013f4       0xec /usr/lib/gcc/arm-none-eabi/5.4.1/../../../arm-none-eabi/lib/armv7-m/libc.a(lib_a-memcpy.o)
                0x00000000080013f4                memcpy
 .text          0x00000000080014e0      0x158 /usr/lib/gcc/arm-none-eabi/5.4.1/../../../arm-none-eabi/lib/armv7-m/libc.a(lib_a-signal.o)
                0x00000000080014e0                _init_signal_r
                0x0000000008001518                _signal_r
                0x0000000008001550                _raise_r
                0x00000000080015a8                __sigtramp_r
                0x00000000080015fc                raise
                0x000000000800160c                signal
                0x000000000800161c                _init_signal
                0x0000000008001628                __sigtramp
 .text          0x0000000008001638       0x2c /usr/lib/gcc/arm-none-eabi/5.4.1/../../../arm-none-eabi/lib/armv7-m/libc.a(lib_a-signalr.o)
                0x0000000008001638                _kill_r
                0x0000000008001660                _getpid_r
 .text          0x0000000008001664       0xa4 /usr/lib/gcc/arm-none-eabi/5.4.1/../../../arm-none-eabi/lib/armv7-m/libc.a(lib_a-__atexit.o)
                0x0000000008001664                __register_exitproc
 .text          0x0000000008001708      0x554 /usr/lib/gcc/arm-none-eabi/5.4.1/../../../arm-none-eabi/lib/armv7-m/libc.a(lib_a-mallocr.o)
                0x0000000008001708                _malloc_r
 .text          0x0000000008001c5c        0x8 /usr/lib/gcc/arm-none-eabi/5.4.1/../../../arm-none-eabi/lib/armv7-m/libc.a(lib_a-mlock.o)
                0x0000000008001c5c                __malloc_lock
                0x0000000008001c60                __malloc_unlock
 .text          0x0000000008001c64       0x24 /usr/lib/gcc/arm-none-eabi/5.4.1/../../../arm-none-eabi/lib/armv7-m/libc.a(lib_a-sbrkr.o)
                0x0000000008001c64                _sbrk_r
 .text          0x0000000008001c88      0x26c /usr/lib/gcc/arm-none-eabi/5.4.1/../../../arm-none-eabi/lib/armv7-m/libc.a(lib_a-freer.o)
                0x0000000008001c88                _malloc_trim_r
                0x0000000008001d24                _free_r
 .text          0x0000000008001ef4       0x10 /usr/lib/gcc/arm-none-eabi/5.4.1/../../../arm-none-eabi/lib/armv7-m/libnosys.a(getpid.o)
                0x0000000008001ef4                _getpid
 .text          0x0000000008001f04       0x10 /usr/lib/gcc/arm-none-eabi/5.4.1/../../../arm-none-eabi/lib/armv7-m/libnosys.a(kill.o)
                0x0000000008001f04                _kill
 .text          0x0000000008001f14       0x1c /usr/lib/gcc/arm-none-eabi/5.4.1/../../../arm-none-eabi/lib/armv7-m/libnosys.a(sbrk.o)
                0x0000000008001f14                _sbrk
 .text          0x0000000008001f30        0x4 /usr/lib/gcc/arm-none-eabi/5.4.1/../../../arm-none-eabi/lib/armv7-m/libnosys.a(_exit.o)
                0x0000000008001f30                _exit
 *(.text*)
 .text.startup  0x0000000008001f34       0x14 /usr/lib/gcc/arm-none-eabi/5.4.1/../../../arm-none-eabi/lib/armv7-m/libc.a(lib_a-__call_atexit.o)
 *(.rodata)
 .rodata        0x0000000008001f48        0x4 /usr/lib/gcc/arm-none-eabi/5.4.1/../../../arm-none-eabi/lib/armv7-m/libc.a(lib_a-impure.o)
                0x0000000008001f48                _global_impure_ptr
 *(.rodata*)
 .rodata.str1.4
                0x0000000008001f4c        0x4 /usr/lib/gcc/arm-none-eabi/5.4.1/../../../arm-none-eabi/lib/armv7-m/libc.a(lib_a-impure.o)
                                          0x2 (size before relaxing)
 *(.glue_7)
 .glue_7        0x0000000008001f50        0x0 linker stubs
 *(.glue_7t)
 .glue_7t       0x0000000008001f50        0x0 linker stubs
 *(.init)
 .init          0x0000000008001f50        0x4 /usr/lib/gcc/arm-none-eabi/5.4.1/armv7-m/crti.o
                0x0000000008001f50                _init
 .init          0x0000000008001f54        0x8 /usr/lib/gcc/arm-none-eabi/5.4.1/armv7-m/crtn.o
 *(.fini)
 .fini          0x0000000008001f5c        0x4 /usr/lib/gcc/arm-none-eabi/5.4.1/armv7-m/crti.o
                0x0000000008001f5c                _fini
 .fini          0x0000000008001f60        0x8 /usr/lib/gcc/arm-none-eabi/5.4.1/armv7-m/crtn.o
                0x0000000008001f68                . = ALIGN (0x4)
                0x0000000008001f68                _etext = .

.vfp11_veneer   0x0000000008001f68        0x0
 .vfp11_veneer  0x0000000008001f68        0x0 linker stubs

.v4_bx          0x0000000008001f68        0x0
 .v4_bx         0x0000000008001f68        0x0 linker stubs

.iplt           0x0000000008001f68        0x0
 .iplt          0x0000000008001f68        0x0 /usr/lib/gcc/arm-none-eabi/5.4.1/armv7-m/crtbegin.o

.ARM.extab      0x0000000008001f68       0x24
 *(.ARM.extab* .gnu.linkonce.armextab.*)
 .ARM.extab     0x0000000008001f68        0xc src/startup.o
 .ARM.extab     0x0000000008001f74       0x18 /usr/lib/gcc/arm-none-eabi/5.4.1/armv7-m/libgcc.a(pr-support.o)

.eh_frame       0x0000000008001f8c        0x0
 .eh_frame      0x0000000008001f8c        0x0 /usr/lib/gcc/arm-none-eabi/5.4.1/armv7-m/crtbegin.o

.ARM            0x0000000008001f8c       0xd8
                0x0000000008001f8c                __exidx_start = .
 *(.ARM.exidx*)
 .ARM.exidx     0x0000000008001f8c        0x8 src/main.o
 .ARM.exidx     0x0000000008001f94       0x10 src/system.o
                                         0x20 (size before relaxing)
 .ARM.exidx     0x0000000008001fa4       0x10 src/startup.o
 .ARM.exidx     0x0000000008001fb4       0x78 /usr/lib/gcc/arm-none-eabi/5.4.1/armv7-m/libgcc.a(unwind-arm.o)
                                         0xd8 (size before relaxing)
 .ARM.exidx     0x000000000800202c       0x38 /usr/lib/gcc/arm-none-eabi/5.4.1/armv7-m/libgcc.a(pr-support.o)
                                         0x48 (size before relaxing)
                0x0000000008002064                __exidx_end = .

.rel.dyn        0x0000000008002064        0x0
 .rel.iplt      0x0000000008002064        0x0 /usr/lib/gcc/arm-none-eabi/5.4.1/armv7-m/crtbegin.o

.ARM.attributes
                0x0000000008002064       0x29
 *(.ARM.attributes)
 .ARM.attributes
                0x0000000008002064       0x1d /usr/lib/gcc/arm-none-eabi/5.4.1/armv7-m/crti.o
 .ARM.attributes
                0x0000000008002081       0x2d /usr/lib/gcc/arm-none-eabi/5.4.1/armv7-m/crtbegin.o
 .ARM.attributes
                0x00000000080020ae       0x33 src/main.o
 .ARM.attributes
                0x00000000080020e1       0x33 src/system.o
 .ARM.attributes
                0x0000000008002114       0x33 src/startup.o
 .ARM.attributes
                0x0000000008002147       0x2d /usr/lib/gcc/arm-none-eabi/5.4.1/../../../arm-none-eabi/lib/armv7-m/libc.a(lib_a-atexit.o)
 .ARM.attributes
                0x0000000008002174       0x2d /usr/lib/gcc/arm-none-eabi/5.4.1/../../../arm-none-eabi/lib/armv7-m/libc.a(lib_a-fini.o)
 .ARM.attributes
                0x00000000080021a1       0x2d /usr/lib/gcc/arm-none-eabi/5.4.1/../../../arm-none-eabi/lib/armv7-m/libc.a(lib_a-impure.o)
 .ARM.attributes
                0x00000000080021ce       0x2d /usr/lib/gcc/arm-none-eabi/5.4.1/../../../arm-none-eabi/lib/armv7-m/libc.a(lib_a-__atexit.o)
 .ARM.attributes
                0x00000000080021fb       0x2d /usr/lib/gcc/arm-none-eabi/5.4.1/../../../arm-none-eabi/lib/armv7-m/libc.a(lib_a-__call_atexit.o)
 .ARM.attributes
                0x0000000008002228       0x2d /usr/lib/gcc/arm-none-eabi/5.4.1/armv7-m/crtend.o
 .ARM.attributes
                0x0000000008002255       0x1d /usr/lib/gcc/arm-none-eabi/5.4.1/armv7-m/crtn.o

.preinit_array  0x0000000008002064        0x0
                0x0000000008002064                PROVIDE (__preinit_array_start, .)
 *(.preinit_array*)
                0x0000000008002064                PROVIDE (__preinit_array_end, .)

.init_array     0x0000000008002064        0x8
                0x0000000008002064                PROVIDE (__init_array_start, .)
 *(SORT(.init_array.*))
 .init_array.00000
                0x0000000008002064        0x4 /usr/lib/gcc/arm-none-eabi/5.4.1/../../../arm-none-eabi/lib/armv7-m/libc.a(lib_a-__call_atexit.o)
 *(.init_array*)
 .init_array    0x0000000008002068        0x4 /usr/lib/gcc/arm-none-eabi/5.4.1/armv7-m/crtbegin.o
                0x000000000800206c                PROVIDE (__init_array_end, .)

.fini_array     0x000000000800206c        0x4
                0x000000000800206c                PROVIDE (__fini_array_start, .)
 *(.fini_array*)
 .fini_array    0x000000000800206c        0x4 /usr/lib/gcc/arm-none-eabi/5.4.1/armv7-m/crtbegin.o
 *(SORT(.fini_array.*))
                0x0000000008002070                PROVIDE (__fini_array_end, .)
                0x0000000008002070                _sidata = .

.data           0x0000000020000000      0x858 load address 0x0000000008002070
                0x0000000020000000                . = ALIGN (0x4)
                0x0000000020000000                _sdata = .
 *(.data)
 .data          0x0000000020000000       0x14 src/system.o
                0x0000000020000000                SystemCoreClock
                0x0000000020000004                AHBPrescTable
 *fill*         0x0000000020000014        0x4 
 .data          0x0000000020000018      0x430 /usr/lib/gcc/arm-none-eabi/5.4.1/../../../arm-none-eabi/lib/armv7-m/libc.a(lib_a-impure.o)
                0x0000000020000018                _impure_ptr
 .data          0x0000000020000448      0x410 /usr/lib/gcc/arm-none-eabi/5.4.1/../../../arm-none-eabi/lib/armv7-m/libc.a(lib_a-mallocr.o)
                0x0000000020000448                __malloc_av_
                0x0000000020000850                __malloc_sbrk_base
                0x0000000020000854                __malloc_trim_threshold
 *(.data*)
                0x0000000020000858                . = ALIGN (0x4)
                0x0000000020000858                _edata = .

.jcr            0x0000000020000858        0x0 load address 0x00000000080028c8
 .jcr           0x0000000020000858        0x0 /usr/lib/gcc/arm-none-eabi/5.4.1/armv7-m/crtbegin.o

.tm_clone_table
                0x0000000020000858        0x0 load address 0x00000000080028c8
 .tm_clone_table
                0x0000000020000858        0x0 /usr/lib/gcc/arm-none-eabi/5.4.1/armv7-m/crtbegin.o
 .tm_clone_table
                0x0000000020000858        0x0 /usr/lib/gcc/arm-none-eabi/5.4.1/armv7-m/crtend.o

.igot.plt       0x0000000020000858        0x0 load address 0x00000000080028c8
 .igot.plt      0x0000000020000858        0x0 /usr/lib/gcc/arm-none-eabi/5.4.1/armv7-m/crtbegin.o

.co_stack       0x0000000020000858      0x400 load address 0x00000000080028c8
 .co_stack      0x0000000020000858      0x400 src/startup.o
                0x0000000020000858                pulStack
                0x0000000020000c58                . = ALIGN (0x4)

.bss            0x0000000020000c58       0x58 load address 0x0000000008002cc8
                0x0000000020000c58                _sbss = .
                0x0000000020000c58                __bss_start__ = _sbss
 *(.bss)
 .bss           0x0000000020000c58       0x1c /usr/lib/gcc/arm-none-eabi/5.4.1/armv7-m/crtbegin.o
 .bss           0x0000000020000c74       0x34 /usr/lib/gcc/arm-none-eabi/5.4.1/../../../arm-none-eabi/lib/armv7-m/libc.a(lib_a-mallocr.o)
                0x0000000020000c74                __malloc_top_pad
                0x0000000020000c78                __malloc_current_mallinfo
                0x0000000020000ca0                __malloc_max_sbrked_mem
                0x0000000020000ca4                __malloc_max_total_mem
 .bss           0x0000000020000ca8        0x4 /usr/lib/gcc/arm-none-eabi/5.4.1/../../../arm-none-eabi/lib/armv7-m/libnosys.a(sbrk.o)
 *(.bss*)
 *(COMMON)
 COMMON         0x0000000020000cac        0x4 /usr/lib/gcc/arm-none-eabi/5.4.1/../../../arm-none-eabi/lib/armv7-m/libc.a(lib_a-reent.o)
                0x0000000020000cac                errno
                0x0000000020000cb0                . = ALIGN (0x4)
                0x0000000020000cb0                _ebss = .
                0x0000000020000cb0                __bss_end__ = _ebss
                0x0000000020000cb0                PROVIDE (end, _ebss)
                [!provide]                        PROVIDE (_end, _ebss)

._user_heap_stack
                0x0000000020000cb0      0x100 load address 0x0000000008002d20
                0x0000000020000cb0                . = ALIGN (0x4)
                0x0000000020000cb0                . = (. + _Min_Heap_Size)
                0x0000000020000db0                . = (. + _Min_Stack_Size)
 *fill*         0x0000000020000cb0      0x100 
                0x0000000020000db0                . = ALIGN (0x4)

.memory_b1_text
 *(.mb1text)
 *(.mb1text*)
 *(.mb1rodata)
 *(.mb1rodata*)

/DISCARD/
 libc.a(*)
 libm.a(*)
 libgcc.a(*)
OUTPUT(blink.elf elf32-littlearm)

.comment        0x0000000000000000       0x2b
 .comment       0x0000000000000000       0x2b /usr/lib/gcc/arm-none-eabi/5.4.1/armv7-m/crtbegin.o
                                         0x2c (size before relaxing)
 .comment       0x000000000000002b       0x2c src/main.o
 .comment       0x000000000000002b       0x2c src/system.o
 .comment       0x000000000000002b       0x2c src/startup.o
 .comment       0x000000000000002b       0x2c /usr/lib/gcc/arm-none-eabi/5.4.1/../../../arm-none-eabi/lib/armv7-m/libc.a(lib_a-atexit.o)
 .comment       0x000000000000002b       0x2c /usr/lib/gcc/arm-none-eabi/5.4.1/../../../arm-none-eabi/lib/armv7-m/libc.a(lib_a-fini.o)
 .comment       0x000000000000002b       0x2c /usr/lib/gcc/arm-none-eabi/5.4.1/../../../arm-none-eabi/lib/armv7-m/libc.a(lib_a-impure.o)
 .comment       0x000000000000002b       0x2c /usr/lib/gcc/arm-none-eabi/5.4.1/../../../arm-none-eabi/lib/armv7-m/libc.a(lib_a-__atexit.o)
 .comment       0x000000000000002b       0x2c /usr/lib/gcc/arm-none-eabi/5.4.1/../../../arm-none-eabi/lib/armv7-m/libc.a(lib_a-__call_atexit.o)
 .comment       0x000000000000002b       0x2c /usr/lib/gcc/arm-none-eabi/5.4.1/armv7-m/crtend.o

.debug_info     0x0000000000000000     0x1d66
 .debug_info    0x0000000000000000       0xfe /usr/lib/gcc/arm-none-eabi/5.4.1/../../../arm-none-eabi/lib/armv7-m/libc.a(lib_a-atexit.o)
 .debug_info    0x00000000000000fe       0xfa /usr/lib/gcc/arm-none-eabi/5.4.1/../../../arm-none-eabi/lib/armv7-m/libc.a(lib_a-fini.o)
 .debug_info    0x00000000000001f8      0x89b /usr/lib/gcc/arm-none-eabi/5.4.1/../../../arm-none-eabi/lib/armv7-m/libc.a(lib_a-impure.o)
 .debug_info    0x0000000000000a93      0x92e /usr/lib/gcc/arm-none-eabi/5.4.1/../../../arm-none-eabi/lib/armv7-m/libc.a(lib_a-__atexit.o)
 .debug_info    0x00000000000013c1      0x9a5 /usr/lib/gcc/arm-none-eabi/5.4.1/../../../arm-none-eabi/lib/armv7-m/libc.a(lib_a-__call_atexit.o)

.debug_abbrev   0x0000000000000000      0x766
 .debug_abbrev  0x0000000000000000       0xaa /usr/lib/gcc/arm-none-eabi/5.4.1/../../../arm-none-eabi/lib/armv7-m/libc.a(lib_a-atexit.o)
 .debug_abbrev  0x00000000000000aa       0xbd /usr/lib/gcc/arm-none-eabi/5.4.1/../../../arm-none-eabi/lib/armv7-m/libc.a(lib_a-fini.o)
 .debug_abbrev  0x0000000000000167      0x180 /usr/lib/gcc/arm-none-eabi/5.4.1/../../../arm-none-eabi/lib/armv7-m/libc.a(lib_a-impure.o)
 .debug_abbrev  0x00000000000002e7      0x20f /usr/lib/gcc/arm-none-eabi/5.4.1/../../../arm-none-eabi/lib/armv7-m/libc.a(lib_a-__atexit.o)
 .debug_abbrev  0x00000000000004f6      0x270 /usr/lib/gcc/arm-none-eabi/5.4.1/../../../arm-none-eabi/lib/armv7-m/libc.a(lib_a-__call_atexit.o)

.debug_loc      0x0000000000000000      0x39a
 .debug_loc     0x0000000000000000       0x2c /usr/lib/gcc/arm-none-eabi/5.4.1/../../../arm-none-eabi/lib/armv7-m/libc.a(lib_a-atexit.o)
 .debug_loc     0x000000000000002c       0x5c /usr/lib/gcc/arm-none-eabi/5.4.1/../../../arm-none-eabi/lib/armv7-m/libc.a(lib_a-fini.o)
 .debug_loc     0x0000000000000088      0x197 /usr/lib/gcc/arm-none-eabi/5.4.1/../../../arm-none-eabi/lib/armv7-m/libc.a(lib_a-__atexit.o)
 .debug_loc     0x000000000000021f      0x17b /usr/lib/gcc/arm-none-eabi/5.4.1/../../../arm-none-eabi/lib/armv7-m/libc.a(lib_a-__call_atexit.o)

.debug_aranges  0x0000000000000000       0xa0
 .debug_aranges
                0x0000000000000000       0x20 /usr/lib/gcc/arm-none-eabi/5.4.1/../../../arm-none-eabi/lib/armv7-m/libc.a(lib_a-atexit.o)
 .debug_aranges
                0x0000000000000020       0x20 /usr/lib/gcc/arm-none-eabi/5.4.1/../../../arm-none-eabi/lib/armv7-m/libc.a(lib_a-fini.o)
 .debug_aranges
                0x0000000000000040       0x18 /usr/lib/gcc/arm-none-eabi/5.4.1/../../../arm-none-eabi/lib/armv7-m/libc.a(lib_a-impure.o)
 .debug_aranges
                0x0000000000000058       0x20 /usr/lib/gcc/arm-none-eabi/5.4.1/../../../arm-none-eabi/lib/armv7-m/libc.a(lib_a-__atexit.o)
 .debug_aranges
                0x0000000000000078       0x28 /usr/lib/gcc/arm-none-eabi/5.4.1/../../../arm-none-eabi/lib/armv7-m/libc.a(lib_a-__call_atexit.o)

.debug_line     0x0000000000000000      0x56e
 .debug_line    0x0000000000000000       0xb5 /usr/lib/gcc/arm-none-eabi/5.4.1/../../../arm-none-eabi/lib/armv7-m/libc.a(lib_a-atexit.o)
 .debug_line    0x00000000000000b5       0x9c /usr/lib/gcc/arm-none-eabi/5.4.1/../../../arm-none-eabi/lib/armv7-m/libc.a(lib_a-fini.o)
 .debug_line    0x0000000000000151       0xe6 /usr/lib/gcc/arm-none-eabi/5.4.1/../../../arm-none-eabi/lib/armv7-m/libc.a(lib_a-impure.o)
 .debug_line    0x0000000000000237      0x18a /usr/lib/gcc/arm-none-eabi/5.4.1/../../../arm-none-eabi/lib/armv7-m/libc.a(lib_a-__atexit.o)
 .debug_line    0x00000000000003c1      0x1ad /usr/lib/gcc/arm-none-eabi/5.4.1/../../../arm-none-eabi/lib/armv7-m/libc.a(lib_a-__call_atexit.o)

.debug_str      0x0000000000000000      0x739
 .debug_str     0x0000000000000000      0x18a /usr/lib/gcc/arm-none-eabi/5.4.1/../../../arm-none-eabi/lib/armv7-m/libc.a(lib_a-atexit.o)
                                        0x1ca (size before relaxing)
 .debug_str     0x000000000000018a       0xbf /usr/lib/gcc/arm-none-eabi/5.4.1/../../../arm-none-eabi/lib/armv7-m/libc.a(lib_a-fini.o)
                                        0x1c2 (size before relaxing)
 .debug_str     0x0000000000000249      0x43a /usr/lib/gcc/arm-none-eabi/5.4.1/../../../arm-none-eabi/lib/armv7-m/libc.a(lib_a-impure.o)
                                        0x55e (size before relaxing)
 .debug_str     0x0000000000000683       0x30 /usr/lib/gcc/arm-none-eabi/5.4.1/../../../arm-none-eabi/lib/armv7-m/libc.a(lib_a-__atexit.o)
                                        0x59f (size before relaxing)
 .debug_str     0x00000000000006b3       0x86 /usr/lib/gcc/arm-none-eabi/5.4.1/../../../arm-none-eabi/lib/armv7-m/libc.a(lib_a-__call_atexit.o)
                                        0x5be (size before relaxing)

.debug_frame    0x0000000000000000       0xd8
 .debug_frame   0x0000000000000000       0x20 /usr/lib/gcc/arm-none-eabi/5.4.1/../../../arm-none-eabi/lib/armv7-m/libc.a(lib_a-atexit.o)
 .debug_frame   0x0000000000000020       0x34 /usr/lib/gcc/arm-none-eabi/5.4.1/../../../arm-none-eabi/lib/armv7-m/libc.a(lib_a-fini.o)
 .debug_frame   0x0000000000000054       0x34 /usr/lib/gcc/arm-none-eabi/5.4.1/../../../arm-none-eabi/lib/armv7-m/libc.a(lib_a-__atexit.o)
 .debug_frame   0x0000000000000088       0x50 /usr/lib/gcc/arm-none-eabi/5.4.1/../../../arm-none-eabi/lib/armv7-m/libc.a(lib_a-__call_atexit.o)

.debug_ranges   0x0000000000000000       0x38
 .debug_ranges  0x0000000000000000       0x38 /usr/lib/gcc/arm-none-eabi/5.4.1/../../../arm-none-eabi/lib/armv7-m/libc.a(lib_a-__call_atexit.o)

.stabstr        0x0000000000000000       0x76
 .stabstr       0x0000000000000000       0x76 /usr/lib/gcc/arm-none-eabi/5.4.1/../../../arm-none-eabi/lib/armv7-m/libnosys.a(getpid.o)
